Component: ARM Compiler 5.06 update 2 (build 183) Tool: armlink [4d35b7]

==============================================================================

Section Cross References

    main.o(i.main) refers to sys.o(i.Stm32_Clock_Init) for Stm32_Clock_Init
    main.o(i.main) refers to delay.o(i.delay_init) for delay_init
    main.o(i.main) refers to usart.o(i.uart_init) for uart_init
    main.o(i.main) refers to sdram.o(i.SDRAM_Init) for SDRAM_Init
    main.o(i.main) refers to malloc.o(i.my_mem_init) for my_mem_init
    main.o(i.main) refers to sdio_sdcard.o(i.SD_Init) for SD_Init
    main.o(i.main) refers to noretval__2printf.o(.text) for __2printf
    main.o(i.main) refers to malloc.o(i.mymalloc) for mymalloc
    main.o(i.main) refers to usbd_core.o(i.USBD_Init) for USBD_Init
    main.o(i.main) refers to delay.o(i.delay_ms) for delay_ms
    main.o(i.main) refers to usbd_msc_bot.o(.data) for MSC_BOT_Data
    main.o(i.main) refers to usbd_usr.o(.data) for USR_cb
    main.o(i.main) refers to usbd_msc_core.o(.data) for USBD_MSC_cb
    main.o(i.main) refers to usbd_desc.o(.data) for USR_desc
    main.o(i.main) refers to main.o(.bss) for .bss
    main.o(i.main) refers to usbd_usr.o(.data) for bDeviceState
    main.o(i.main) refers to usbd_storage_msd.o(.data) for USB_STATUS_REG
    stm32f4xx_it.o(i.SysTick_Handler) refers to stm32f4xx_hal.o(i.HAL_IncTick) for HAL_IncTick
    system_stm32f4xx.o(i.SystemCoreClockUpdate) refers to system_stm32f4xx.o(.data) for .data
    startup_stm32f429xx.o(STACK) refers (Special) to heapauxi.o(.text) for __use_two_region_memory
    startup_stm32f429xx.o(HEAP) refers (Special) to heapauxi.o(.text) for __use_two_region_memory
    startup_stm32f429xx.o(RESET) refers (Special) to heapauxi.o(.text) for __use_two_region_memory
    startup_stm32f429xx.o(RESET) refers to startup_stm32f429xx.o(STACK) for __initial_sp
    startup_stm32f429xx.o(RESET) refers to startup_stm32f429xx.o(.text) for Reset_Handler
    startup_stm32f429xx.o(RESET) refers to stm32f4xx_it.o(i.NMI_Handler) for NMI_Handler
    startup_stm32f429xx.o(RESET) refers to stm32f4xx_it.o(i.HardFault_Handler) for HardFault_Handler
    startup_stm32f429xx.o(RESET) refers to stm32f4xx_it.o(i.MemManage_Handler) for MemManage_Handler
    startup_stm32f429xx.o(RESET) refers to stm32f4xx_it.o(i.BusFault_Handler) for BusFault_Handler
    startup_stm32f429xx.o(RESET) refers to stm32f4xx_it.o(i.UsageFault_Handler) for UsageFault_Handler
    startup_stm32f429xx.o(RESET) refers to stm32f4xx_it.o(i.SVC_Handler) for SVC_Handler
    startup_stm32f429xx.o(RESET) refers to stm32f4xx_it.o(i.DebugMon_Handler) for DebugMon_Handler
    startup_stm32f429xx.o(RESET) refers to stm32f4xx_it.o(i.PendSV_Handler) for PendSV_Handler
    startup_stm32f429xx.o(RESET) refers to stm32f4xx_it.o(i.SysTick_Handler) for SysTick_Handler
    startup_stm32f429xx.o(RESET) refers to usart.o(i.USART1_IRQHandler) for USART1_IRQHandler
    startup_stm32f429xx.o(RESET) refers to usbd_usr.o(i.OTG_FS_IRQHandler) for OTG_FS_IRQHandler
    startup_stm32f429xx.o(.text) refers (Special) to heapauxi.o(.text) for __use_two_region_memory
    startup_stm32f429xx.o(.text) refers to system_stm32f4xx.o(i.SystemInit) for SystemInit
    startup_stm32f429xx.o(.text) refers to __main.o(!!!main) for __main
    startup_stm32f429xx.o(.text) refers to startup_stm32f429xx.o(HEAP) for Heap_Mem
    startup_stm32f429xx.o(.text) refers to startup_stm32f429xx.o(STACK) for Stack_Mem
    stm32f4xx_hal.o(i.HAL_DeInit) refers to stm32f4xx_hal.o(i.HAL_MspDeInit) for HAL_MspDeInit
    stm32f4xx_hal.o(i.HAL_Delay) refers to stm32f4xx_hal.o(i.HAL_GetTick) for HAL_GetTick
    stm32f4xx_hal.o(i.HAL_GetTick) refers to stm32f4xx_hal.o(.data) for .data
    stm32f4xx_hal.o(i.HAL_IncTick) refers to stm32f4xx_hal.o(.data) for .data
    stm32f4xx_hal.o(i.HAL_Init) refers to stm32f4xx_hal_cortex.o(i.HAL_NVIC_SetPriorityGrouping) for HAL_NVIC_SetPriorityGrouping
    stm32f4xx_hal.o(i.HAL_Init) refers to stm32f4xx_hal.o(i.HAL_InitTick) for HAL_InitTick
    stm32f4xx_hal.o(i.HAL_Init) refers to stm32f4xx_hal.o(i.HAL_MspInit) for HAL_MspInit
    stm32f4xx_hal.o(i.HAL_InitTick) refers to stm32f4xx_hal_rcc.o(i.HAL_RCC_GetHCLKFreq) for HAL_RCC_GetHCLKFreq
    stm32f4xx_hal.o(i.HAL_InitTick) refers to stm32f4xx_hal_cortex.o(i.HAL_SYSTICK_Config) for HAL_SYSTICK_Config
    stm32f4xx_hal.o(i.HAL_InitTick) refers to stm32f4xx_hal_cortex.o(i.HAL_NVIC_SetPriority) for HAL_NVIC_SetPriority
    stm32f4xx_hal_cortex.o(i.HAL_NVIC_SetPriority) refers to stm32f4xx_hal_cortex.o(i.NVIC_SetPriority) for NVIC_SetPriority
    stm32f4xx_hal_cortex.o(i.HAL_SYSTICK_Config) refers to stm32f4xx_hal_cortex.o(i.NVIC_SetPriority) for NVIC_SetPriority
    stm32f4xx_hal_cortex.o(i.HAL_SYSTICK_IRQHandler) refers to stm32f4xx_hal_cortex.o(i.HAL_SYSTICK_Callback) for HAL_SYSTICK_Callback
    stm32f4xx_hal_gpio.o(i.HAL_GPIO_EXTI_IRQHandler) refers to stm32f4xx_hal_gpio.o(i.HAL_GPIO_EXTI_Callback) for HAL_GPIO_EXTI_Callback
[...]
    CAN2_TX_IRQHandler                       0x080002c7   Thumb Code     0  startup_stm32f429xx.o(.text)
    DCMI_IRQHandler                          0x080002c7   Thumb Code     0  startup_stm32f429xx.o(.text)
    DMA1_Stream0_IRQHandler                  0x080002c7   Thumb Code     0  startup_stm32f429xx.o(.text)
    DMA1_Stream1_IRQHandler                  0x080002c7   Thumb Code     0  startup_stm32f429xx.o(.text)
    DMA1_Stream2_IRQHandler                  0x080002c7   Thumb Code     0  startup_stm32f429xx.o(.text)
    DMA1_Stream3_IRQHandler                  0x080002c7   Thumb Code     0  startup_stm32f429xx.o(.text)
    DMA1_Stream4_IRQHandler                  0x080002c7   Thumb Code     0  startup_stm32f429xx.o(.text)
    DMA1_Stream5_IRQHandler                  0x080002c7   Thumb Code     0  startup_stm32f429xx.o(.text)
    DMA1_Stream6_IRQHandler                  0x080002c7   Thumb Code     0  startup_stm32f429xx.o(.text)
    DMA1_Stream7_IRQHandler                  0x080002c7   Thumb Code     0  startup_stm32f429xx.o(.text)
    DMA2D_IRQHandler                         0x080002c7   Thumb Code     0  startup_stm32f429xx.o(.text)
    DMA2_Stream0_IRQHandler                  0x080002c7   Thumb Code     0  startup_stm32f429xx.o(.text)
    DMA2_Stream1_IRQHandler                  0x080002c7   Thumb Code     0  startup_stm32f429xx.o(.text)
    DMA2_Stream2_IRQHandler                  0x080002c7   Thumb Code     0  startup_stm32f429xx.o(.text)
    DMA2_Stream3_IRQHandler                  0x080002c7   Thumb Code     0  startup_stm32f429xx.o(.text)
    DMA2_Stream4_IRQHandler                  0x080002c7   Thumb Code     0  startup_stm32f429xx.o(.text)
    DMA2_Stream5_IRQHandler                  0x080002c7   Thumb Code     0  startup_stm32f429xx.o(.text)
    DMA2_Stream6_IRQHandler                  0x080002c7   Thumb Code     0  startup_stm32f429xx.o(.text)
    DMA2_Stream7_IRQHandler                  0x080002c7   Thumb Code     0  startup_stm32f429xx.o(.text)
    ETH_IRQHandler                           0x080002c7   Thumb Code     0  startup_stm32f429xx.o(.text)
    ETH_WKUP_IRQHandler                      0x080002c7   Thumb Code     0  startup_stm32f429xx.o(.text)
    EXTI0_IRQHandler                         0x080002c7   Thumb Code     0  startup_stm32f429xx.o(.text)
    EXTI15_10_IRQHandler                     0x080002c7   Thumb Code     0  startup_stm32f429xx.o(.text)
    EXTI1_IRQHandler                         0x080002c7   Thumb Code     0  startup_stm32f429xx.o(.text)
    EXTI2_IRQHandler                         0x080002c7   Thumb Code     0  startup_stm32f429xx.o(.text)
    EXTI3_IRQHandler                         0x080002c7   Thumb Code     0  startup_stm32f429xx.o(.text)
    EXTI4_IRQHandler                         0x080002c7   Thumb Code     0  startup_stm32f429xx.o(.text)
    EXTI9_5_IRQHandler                       0x080002c7   Thumb Code     0  startup_stm32f429xx.o(.text)
    FLASH_IRQHandler                         0x080002c7   Thumb Code     0  startup_stm32f429xx.o(.text)
    FMC_IRQHandler                           0x080002c7   Thumb Code     0  startup_stm32f429xx.o(.text)
    FPU_IRQHandler                           0x080002c7   Thumb Code     0  startup_stm32f429xx.o(.text)
    HASH_RNG_IRQHandler                      0x080002c7   Thumb Code     0  startup_stm32f429xx.o(.text)
    I2C1_ER_IRQHandler                       0x080002c7   Thumb Code     0  startup_stm32f429xx.o(.text)
    I2C1_EV_IRQHandler                       0x080002c7   Thumb Code     0  startup_stm32f429xx.o(.text)
    I2C2_ER_IRQHandler                       0x080002c7   Thumb Code     0  startup_stm32f429xx.o(.text)
    I2C2_EV_IRQHandler                       0x080002c7   Thumb Code     0  startup_stm32f429xx.o(.text)
    I2C3_ER_IRQHandler                       0x080002c7   Thumb Code     0  startup_stm32f429xx.o(.text)
    I2C3_EV_IRQHandler                       0x080002c7   Thumb Code     0  startup_stm32f429xx.o(.text)
    LTDC_ER_IRQHandler                       0x080002c7   Thumb Code     0  startup_stm32f429xx.o(.text)
    LTDC_IRQHandler                          0x080002c7   Thumb Code     0  startup_stm32f429xx.o(.text)
    OTG_FS_WKUP_IRQHandler                   0x080002c7   Thumb Code     0  startup_stm32f429xx.o(.text)
    OTG_HS_EP1_IN_IRQHandler                 0x080002c7   Thumb Code     0  startup_stm32f429xx.o(.text)
    OTG_HS_EP1_OUT_IRQHandler                0x080002c7   Thumb Code     0  startup_stm32f429xx.o(.text)
    OTG_HS_IRQHandler                        0x080002c7   Thumb Code     0  startup_stm32f429xx.o(.text)
    OTG_HS_WKUP_IRQHandler                   0x080002c7   Thumb Code     0  startup_stm32f429xx.o(.text)
    PVD_IRQHandler                           0x080002c7   Thumb Code     0  startup_stm32f429xx.o(.text)
    RCC_IRQHandler                           0x080002c7   Thumb Code     0  startup_stm32f429xx.o(.text)
    RTC_Alarm_IRQHandler                     0x080002c7   Thumb Code     0  startup_stm32f429xx.o(.text)
    RTC_WKUP_IRQHandler                      0x080002c7   Thumb Code     0  startup_stm32f429xx.o(.text)
    SAI1_IRQHandler                          0x080002c7   Thumb Code     0  startup_stm32f429xx.o(.text)
    SDIO_IRQHandler                          0x080002c7   Thumb Code     0  startup_stm32f429xx.o(.text)
    SPI1_IRQHandler                          0x080002c7   Thumb Code     0  startup_stm32f429xx.o(.text)
    SPI2_IRQHandler                          0x080002c7   Thumb Code     0  startup_stm32f429xx.o(.text)
    SPI3_IRQHandler                          0x080002c7   Thumb Code     0  startup_stm32f429xx.o(.text)
    SPI4_IRQHandler                          0x080002c7   Thumb Code     0  startup_stm32f429xx.o(.text)
    SPI5_IRQHandler                          0x080002c7   Thumb Code     0  startup_stm32f429xx.o(.text)
    SPI6_IRQHandler                          0x080002c7   Thumb Code     0  startup_stm32f429xx.o(.text)
    TAMP_STAMP_IRQHandler                    0x080002c7   Thumb Code     0  startup_stm32f429xx.o(.text)
    TIM1_BRK_TIM9_IRQHandler                 0x080002c7   Thumb Code     0  startup_stm32f429xx.o(.text)
    TIM1_CC_IRQHandler                       0x080002c7   Thumb Code     0  startup_stm32f429xx.o(.text)
    TIM1_TRG_COM_TIM11_IRQHandler            0x080002c7   Thumb Code     0  startup_stm32f429xx.o(.text)
    TIM1_UP_TIM10_IRQHandler                 0x080002c7   Thumb Code     0  startup_stm32f429xx.o(.text)
    TIM2_IRQHandler                          0x080002c7   Thumb Code     0  startup_stm32f429xx.o(.text)
    TIM3_IRQHandler                          0x080002c7   Thumb Code     0  startup_stm32f429xx.o(.text)
    TIM4_IRQHandler                          0x080002c7   Thumb Code     0  startup_stm32f429xx.o(.text)
    TIM5_IRQHandler                          0x080002c7   Thumb Code     0  startup_stm32f429xx.o(.text)
    TIM6_DAC_IRQHandler                      0x080002c7   Thumb Code     0  startup_stm32f429xx.o(.text)
    TIM7_IRQHandler                          0x080002c7   Thumb Code     0  startup_stm32f429xx.o(.text)
    TIM8_BRK_TIM12_IRQHandler                0x080002c7   Thumb Code     0  startup_stm32f429xx.o(.text)
    TIM8_CC_IRQHandler                       0x080002c7   Thumb Code     0  startup_stm32f429xx.o(.text)
    TIM8_TRG_COM_TIM14_IRQHandler            0x080002c7   Thumb Code     0  startup_stm32f429xx.o(.text)
    TIM8_UP_TIM13_IRQHandler                 0x080002c7   Thumb Code     0  startup_stm32f429xx.o(.text)
    UART4_IRQHandler                         0x080002c7   Thumb Code     0  startup_stm32f429xx.o(.text)
    UART5_IRQHandler                         0x080002c7   Thumb Code     0  startup_stm32f429xx.o(.text)
    UART7_IRQHandler                         0x080002c7   Thumb Code     0  startup_stm32f429xx.o(.text)
    UART8_IRQHandler                         0x080002c7   Thumb Code     0  startup_stm32f429xx.o(.text)
    USART2_IRQHandler                        0x080002c7   Thumb Code     0  startup_stm32f429xx.o(.text)
    USART3_IRQHandler                        0x080002c7   Thumb Code     0  startup_stm32f429xx.o(.text)
    USART6_IRQHandler                        0x080002c7   Thumb Code     0  startup_stm32f429xx.o(.text)
    WWDG_IRQHandler                          0x080002c7   Thumb Code     0  startup_stm32f429xx.o(.text)
    __user_initial_stackheap                 0x080002c9   Thumb Code     0  startup_stm32f429xx.o(.text)
    __use_no_semihosting                     0x080002ed   Thumb Code     2  use_no_semi_2.o(.text)
    __aeabi_uldivmod                         0x080002ef   Thumb Code     0  lludivv7m.o(.text)
    _ll_udiv                                 0x080002ef   Thumb Code   238  lludivv7m.o(.text)
    __2printf                                0x080003dd   Thumb Code    20  noretval__2printf.o(.text)
    __printf                                 0x080003f5   Thumb Code   104  __printf.o(.text)
    _printf_int_dec                          0x0800045d   Thumb Code   104  _printf_dec.o(.text)
    _printf_int_hex                          0x080004d5   Thumb Code    84  _printf_hex_int.o(.text)
    _printf_longlong_hex                     0x080004d5   Thumb Code     0  _printf_hex_int.o(.text)
    __aeabi_memcpy                           0x0800052d   Thumb Code     0  rt_memcpy_v6.o(.text)
    __rt_memcpy                              0x0800052d   Thumb Code   138  rt_memcpy_v6.o(.text)
    _memcpy_lastbytes                        0x08000593   Thumb Code     0  rt_memcpy_v6.o(.text)
    __aeabi_memcpy4                          0x080005b7   Thumb Code     0  rt_memcpy_w.o(.text)
    __aeabi_memcpy8                          0x080005b7   Thumb Code     0  rt_memcpy_w.o(.text)
    __rt_memcpy_w                            0x080005b7   Thumb Code   100  rt_memcpy_w.o(.text)
    _memcpy_lastbytes_aligned                0x080005ff   Thumb Code     0  rt_memcpy_w.o(.text)
    __aeabi_memclr                           0x0800061b   Thumb Code     0  rt_memclr.o(.text)
    __rt_memclr                              0x0800061b   Thumb Code    68  rt_memclr.o(.text)
    _memset                                  0x0800061f   Thumb Code     0  rt_memclr.o(.text)
    __aeabi_memclr4                          0x0800065f   Thumb Code     0  rt_memclr_w.o(.text)
    __aeabi_memclr8                          0x0800065f   Thumb Code     0  rt_memclr_w.o(.text)
    __rt_memclr_w                            0x0800065f   Thumb Code    78  rt_memclr_w.o(.text)
    _memset_w                                0x08000663   Thumb Code     0  rt_memclr_w.o(.text)
    __use_two_region_memory                  0x080006ad   Thumb Code     2  heapauxi.o(.text)
    __rt_heap_escrow$2region                 0x080006af   Thumb Code     2  heapauxi.o(.text)
    __rt_heap_expand$2region                 0x080006b1   Thumb Code     2  heapauxi.o(.text)
    __I$use$semihosting                      0x080006b3   Thumb Code     0  use_no_semi.o(.text)
    __use_no_semihosting_swi                 0x080006b3   Thumb Code     2  use_no_semi.o(.text)
    _printf_int_common                       0x080006b5   Thumb Code   178  _printf_intcommon.o(.text)
    _printf_char_file                        0x08000769   Thumb Code    32  _printf_char_file.o(.text)
    _printf_char_common                      0x08000797   Thumb Code    32  _printf_char_common.o(.text)
    ferror                                   0x080007bd   Thumb Code     8  ferror.o(.text)
    __user_setup_stackheap                   0x080007c5   Thumb Code    74  sys_stackheap_outer.o(.text)
    exit                                     0x0800080f   Thumb Code    18  exit.o(.text)
    __user_libspace                          0x08000821   Thumb Code     8  libspace.o(.text)
    __user_perproc_libspace                  0x08000821   Thumb Code     0  libspace.o(.text)
    __user_perthread_libspace                0x08000821   Thumb Code     0  libspace.o(.text)
    BusFault_Handler                         0x08000829   Thumb Code     2  stm32f4xx_it.o(i.BusFault_Handler)
    DCD_EP_Close                             0x0800082b   Thumb Code    44  usb_dcd.o(i.DCD_EP_Close)
    DCD_EP_ClrStall                          0x08000857   Thumb Code    56  usb_dcd.o(i.DCD_EP_ClrStall)
    DCD_EP_Flush                             0x0800088f   Thumb Code    24  usb_dcd.o(i.DCD_EP_Flush)
    DCD_EP_Open                              0x080008a7   Thumb Code    60  usb_dcd.o(i.DCD_EP_Open)
    DCD_EP_PrepareRx                         0x080008e3   Thumb Code    68  usb_dcd.o(i.DCD_EP_PrepareRx)
    DCD_EP_SetAddress                        0x08000927   Thumb Code    16  usb_dcd.o(i.DCD_EP_SetAddress)
    DCD_EP_Stall                             0x08000937   Thumb Code    56  usb_dcd.o(i.DCD_EP_Stall)
    DCD_EP_Tx                                0x0800096f   Thumb Code    62  usb_dcd.o(i.DCD_EP_Tx)
    DCD_Init                                 0x08000cdd   Thumb Code   146  usb_dcd.o(i.DCD_Init)
    DebugMon_Handler                         0x08000dfd   Thumb Code     2  stm32f4xx_it.o(i.DebugMon_Handler)
    FMC_NAND_AttributeSpace_Timing_Init      0x08000dff   Thumb Code    48  stm32f4xx_ll_fmc.o(i.FMC_NAND_AttributeSpace_Timing_Init)
    FMC_NAND_CommonSpace_Timing_Init         0x08000e2f   Thumb Code    48  stm32f4xx_ll_fmc.o(i.FMC_NAND_CommonSpace_Timing_Init)
    FMC_NAND_Init                            0x08000e61   Thumb Code    74  stm32f4xx_ll_fmc.o(i.FMC_NAND_Init)
    FMC_SDRAM_Init                           0x08000eb1   Thumb Code    76  stm32f4xx_ll_fmc.o(i.FMC_SDRAM_Init)
    FMC_SDRAM_ProgramRefreshRate             0x08000efd   Thumb Code    12  stm32f4xx_ll_fmc.o(i.FMC_SDRAM_ProgramRefreshRate)
    FMC_SDRAM_SendCommand                    0x08000f09   Thumb Code    72  stm32f4xx_ll_fmc.o(i.FMC_SDRAM_SendCommand)
    FMC_SDRAM_Timing_Init                    0x08000f51   Thumb Code   124  stm32f4xx_ll_fmc.o(i.FMC_SDRAM_Timing_Init)
    FTL_BadBlockMark                         0x08000fcd   Thumb Code    44  ftl.o(i.FTL_BadBlockMark)
    FTL_BlockCompare                         0x08000ffd   Thumb Code   156  ftl.o(i.FTL_BlockCompare)
    FTL_CheckBadBlock                        0x080010cd   Thumb Code    70  ftl.o(i.FTL_CheckBadBlock)
    FTL_CopyAndWriteToBlock                  0x08001119   Thumb Code   196  ftl.o(i.FTL_CopyAndWriteToBlock)
    FTL_CreateLUT                            0x080011e1   Thumb Code   170  ftl.o(i.FTL_CreateLUT)
    FTL_FindSamePlaneUnusedBlock             0x080012a9   Thumb Code    66  ftl.o(i.FTL_FindSamePlaneUnusedBlock)
    FTL_FindUnusedBlock                      0x080012f5   Thumb Code    62  ftl.o(i.FTL_FindUnusedBlock)
    FTL_Format                               0x08001339   Thumb Code   150  ftl.o(i.FTL_Format)
    FTL_Init                                 0x080013f9   Thumb Code   106  ftl.o(i.FTL_Init)
    FTL_LBNToPBN                             0x080014d9   Thumb Code    22  ftl.o(i.FTL_LBNToPBN)
    FTL_ReadSectors                          0x080014f5   Thumb Code   266  ftl.o(i.FTL_ReadSectors)
    FTL_UsedBlockMark                        0x08001605   Thumb Code    26  ftl.o(i.FTL_UsedBlockMark)
    FTL_WriteSectors                         0x08001625   Thumb Code   274  ftl.o(i.FTL_WriteSectors)
    HAL_Delay                                0x0800173d   Thumb Code    22  stm32f4xx_hal.o(i.HAL_Delay)
    HAL_GPIO_Init                            0x08001755   Thumb Code   422  stm32f4xx_hal_gpio.o(i.HAL_GPIO_Init)
    HAL_GetTick                              0x08001931   Thumb Code     6  stm32f4xx_hal.o(i.HAL_GetTick)
    HAL_IncTick                              0x0800193d   Thumb Code    10  stm32f4xx_hal.o(i.HAL_IncTick)
    HAL_InitTick                             0x0800194d   Thumb Code    34  stm32f4xx_hal.o(i.HAL_InitTick)
    HAL_NAND_Init                            0x0800196f   Thumb Code    98  stm32f4xx_hal_nand.o(i.HAL_NAND_Init)
    HAL_NAND_MspInit                         0x080019d1   Thumb Code   158  nand.o(i.HAL_NAND_MspInit)
    HAL_NVIC_EnableIRQ                       0x08001a81   Thumb Code    22  stm32f4xx_hal_cortex.o(i.HAL_NVIC_EnableIRQ)
    HAL_NVIC_SetPriority                     0x08001a99   Thumb Code    60  stm32f4xx_hal_cortex.o(i.HAL_NVIC_SetPriority)
    HAL_PWREx_EnableOverDrive                0x08001ad9   Thumb Code   122  stm32f4xx_hal_pwr_ex.o(i.HAL_PWREx_EnableOverDrive)
    HAL_RCC_ClockConfig                      0x08001b61   Thumb Code   512  stm32f4xx_hal_rcc.o(i.HAL_RCC_ClockConfig)
    HAL_RCC_GetHCLKFreq                      0x08001d69   Thumb Code    38  stm32f4xx_hal_rcc.o(i.HAL_RCC_GetHCLKFreq)
    HAL_RCC_GetPCLK1Freq                     0x08001d9d   Thumb Code    36  stm32f4xx_hal_rcc.o(i.HAL_RCC_GetPCLK1Freq)
    HAL_RCC_GetPCLK2Freq                     0x08001dc9   Thumb Code    36  stm32f4xx_hal_rcc.o(i.HAL_RCC_GetPCLK2Freq)
    HAL_RCC_GetSysClockFreq                  0x08001df5   Thumb Code   104  stm32f4xx_hal_rcc.o(i.HAL_RCC_GetSysClockFreq)
    HAL_RCC_OscConfig                        0x08001e69   Thumb Code   774  stm32f4xx_hal_rcc.o(i.HAL_RCC_OscConfig)
    HAL_SDRAM_Init                           0x08002185   Thumb Code    66  stm32f4xx_hal_sdram.o(i.HAL_SDRAM_Init)
    HAL_SDRAM_MspInit                        0x080021c9   Thumb Code   194  sdram.o(i.HAL_SDRAM_MspInit)
    HAL_SDRAM_ProgramRefreshRate             0x080022a5   Thumb Code    34  stm32f4xx_hal_sdram.o(i.HAL_SDRAM_ProgramRefreshRate)
    HAL_SDRAM_SendCommand                    0x080022c7   Thumb Code    46  stm32f4xx_hal_sdram.o(i.HAL_SDRAM_SendCommand)
    HAL_SD_Get_CardInfo                      0x080022f5   Thumb Code   696  stm32f4xx_hal_sd.o(i.HAL_SD_Get_CardInfo)
    HAL_SD_Init                              0x080025ad   Thumb Code   160  stm32f4xx_hal_sd.o(i.HAL_SD_Init)
    HAL_SD_MspInit                           0x0800264d   Thumb Code   120  sdio_sdcard.o(i.HAL_SD_MspInit)
    HAL_SD_ReadBlocks                        0x080026d1   Thumb Code   380  stm32f4xx_hal_sd.o(i.HAL_SD_ReadBlocks)
    HAL_SD_StopTransfer                      0x0800284d   Thumb Code    44  stm32f4xx_hal_sd.o(i.HAL_SD_StopTransfer)
    HAL_SD_WideBusOperation_Config           0x08002879   Thumb Code    94  stm32f4xx_hal_sd.o(i.HAL_SD_WideBusOperation_Config)
    HAL_SD_WriteBlocks                       0x080028d7   Thumb Code   464  stm32f4xx_hal_sd.o(i.HAL_SD_WriteBlocks)
    HAL_SPI_Init                             0x08002aa7   Thumb Code   132  stm32f4xx_hal_spi.o(i.HAL_SPI_Init)
    HAL_SPI_MspInit                          0x08002b2d   Thumb Code    74  spi.o(i.HAL_SPI_MspInit)
    HAL_SPI_TransmitReceive                  0x08002b81   Thumb Code   682  stm32f4xx_hal_spi.o(i.HAL_SPI_TransmitReceive)
    HAL_SYSTICK_CLKSourceConfig              0x08002e2b   Thumb Code    24  stm32f4xx_hal_cortex.o(i.HAL_SYSTICK_CLKSourceConfig)
    HAL_SYSTICK_Config                       0x08002e43   Thumb Code    40  stm32f4xx_hal_cortex.o(i.HAL_SYSTICK_Config)
    HAL_UART_ErrorCallback                   0x08002e6b   Thumb Code     2  stm32f4xx_hal_uart.o(i.HAL_UART_ErrorCallback)
    HAL_UART_IRQHandler                      0x08002e6d   Thumb Code   244  stm32f4xx_hal_uart.o(i.HAL_UART_IRQHandler)
    HAL_UART_Init                            0x08002f61   Thumb Code    94  stm32f4xx_hal_uart.o(i.HAL_UART_Init)
    HAL_UART_MspInit                         0x08002fc1   Thumb Code   134  usart.o(i.HAL_UART_MspInit)
    HAL_UART_Receive                         0x08003055   Thumb Code   202  stm32f4xx_hal_uart.o(i.HAL_UART_Receive)
    HAL_UART_RxCpltCallback                  0x0800311f   Thumb Code     2  stm32f4xx_hal_uart.o(i.HAL_UART_RxCpltCallback)
    HAL_UART_TxCpltCallback                  0x08003121   Thumb Code     2  stm32f4xx_hal_uart.o(i.HAL_UART_TxCpltCallback)
    HardFault_Handler                        0x08003123   Thumb Code     2  stm32f4xx_it.o(i.HardFault_Handler)
    IIC_Ack                                  0x08003125   Thumb Code    56  myiic.o(i.IIC_Ack)
    IIC_NAck                                 0x08003165   Thumb Code    56  myiic.o(i.IIC_NAck)
    IIC_Read_Byte                            0x080031a5   Thumb Code    96  myiic.o(i.IIC_Read_Byte)
    IIC_Send_Byte                            0x0800320d   Thumb Code    86  myiic.o(i.IIC_Send_Byte)
    IIC_Start                                0x0800326d   Thumb Code    56  myiic.o(i.IIC_Start)
    IIC_Stop                                 0x080032ad   Thumb Code    56  myiic.o(i.IIC_Stop)
    IIC_Wait_Ack                             0x080032ed   Thumb Code    74  myiic.o(i.IIC_Wait_Ack)
    MSC_BOT_CplClrFeature                    0x08003479   Thumb Code    40  usbd_msc_bot.o(i.MSC_BOT_CplClrFeature)
    MSC_BOT_DataIn                           0x080034a5   Thumb Code    56  usbd_msc_bot.o(i.MSC_BOT_DataIn)
    MSC_BOT_DataOut                          0x080034e5   Thumb Code    56  usbd_msc_bot.o(i.MSC_BOT_DataOut)
    MSC_BOT_DeInit                           0x08003525   Thumb Code     8  usbd_msc_bot.o(i.MSC_BOT_DeInit)
    MSC_BOT_Init                             0x08003531   Thumb Code    54  usbd_msc_bot.o(i.MSC_BOT_Init)
    MSC_BOT_Reset                            0x08003575   Thumb Code    20  usbd_msc_bot.o(i.MSC_BOT_Reset)
    MSC_BOT_SendCSW                          0x08003591   Thumb Code    46  usbd_msc_bot.o(i.MSC_BOT_SendCSW)
    MemManage_Handler                        0x080035cd   Thumb Code     2  stm32f4xx_it.o(i.MemManage_Handler)
    NAND_CopyPageWithWrite                   0x080035d1   Thumb Code   412  nand.o(i.NAND_CopyPageWithWrite)
    NAND_CopyPageWithoutWrite                0x08003779   Thumb Code   118  nand.o(i.NAND_CopyPageWithoutWrite)
    NAND_Delay                               0x080037fd   Thumb Code    16  nand.o(i.NAND_Delay)
    NAND_ECC_Correction                      0x0800380d   Thumb Code   104  nand.o(i.NAND_ECC_Correction)
    NAND_ECC_Get_OE                          0x080038a1   Thumb Code    48  nand.o(i.NAND_ECC_Get_OE)
    NAND_EraseBlock                          0x080038d1   Thumb Code    68  nand.o(i.NAND_EraseBlock)
    NAND_Init                                0x08003929   Thumb Code   156  nand.o(i.NAND_Init)
    NAND_ModeSet                             0x080039d5   Thumb Code    42  nand.o(i.NAND_ModeSet)
    NAND_ReadID                              0x08003a09   Thumb Code    64  nand.o(i.NAND_ReadID)
    NAND_ReadPage                            0x08003a51   Thumb Code   488  nand.o(i.NAND_ReadPage)
    NAND_ReadPageComp                        0x08003c8d   Thumb Code    94  nand.o(i.NAND_ReadPageComp)
    NAND_ReadSpare                           0x08003cf5   Thumb Code    28  nand.o(i.NAND_ReadSpare)
    NAND_ReadStatus                          0x08003d15   Thumb Code    36  nand.o(i.NAND_ReadStatus)
    NAND_Reset                               0x08003d3d   Thumb Code    24  nand.o(i.NAND_Reset)
    NAND_WaitForReady                        0x08003d59   Thumb Code    36  nand.o(i.NAND_WaitForReady)
    NAND_WaitRB                              0x08003d7d   Thumb Code    46  nand.o(i.NAND_WaitRB)
    NAND_WritePage                           0x08003db1   Thumb Code   330  nand.o(i.NAND_WritePage)
    NAND_WritePageConst                      0x08003f09   Thumb Code    76  nand.o(i.NAND_WritePageConst)
    NAND_WriteSpare                          0x08003f5d   Thumb Code    28  nand.o(i.NAND_WriteSpare)
    NMI_Handler                              0x08003f7d   Thumb Code     2  stm32f4xx_it.o(i.NMI_Handler)
    OTG_FS_IRQHandler                        0x08003fa1   Thumb Code     6  usbd_usr.o(i.OTG_FS_IRQHandler)
    PCF8574_ReadOneByte                      0x08003fad   Thumb Code    32  pcf8574.o(i.PCF8574_ReadOneByte)
    PCF8574_WriteBit                         0x08003fcd   Thumb Code    32  pcf8574.o(i.PCF8574_WriteBit)
    PCF8574_WriteOneByte                     0x08003fed   Thumb Code    42  pcf8574.o(i.PCF8574_WriteOneByte)
    PendSV_Handler                           0x08004017   Thumb Code     2  stm32f4xx_it.o(i.PendSV_Handler)
    SCSI_ProcessCmd                          0x0800403d   Thumb Code   318  usbd_msc_scsi.o(i.SCSI_ProcessCmd)
    SCSI_SenseCode                           0x080044f5   Thumb Code    36  usbd_msc_scsi.o(i.SCSI_SenseCode)
    SDIO_DataConfig                          0x08004651   Thumb Code    36  stm32f4xx_ll_sdmmc.o(i.SDIO_DataConfig)
    SDIO_GetCommandResponse                  0x08004675   Thumb Code     6  stm32f4xx_ll_sdmmc.o(i.SDIO_GetCommandResponse)
    SDIO_GetPowerState                       0x0800467b   Thumb Code     8  stm32f4xx_ll_sdmmc.o(i.SDIO_GetPowerState)
    SDIO_GetResponse                         0x08004685   Thumb Code    12  stm32f4xx_ll_sdmmc.o(i.SDIO_GetResponse)
    SDIO_Init                                0x08004695   Thumb Code    36  stm32f4xx_ll_sdmmc.o(i.SDIO_Init)
    SDIO_PowerState_ON                       0x080046b9   Thumb Code     8  stm32f4xx_ll_sdmmc.o(i.SDIO_PowerState_ON)
    SDIO_ReadFIFO                            0x080046c1   Thumb Code     6  stm32f4xx_ll_sdmmc.o(i.SDIO_ReadFIFO)
    SDIO_SendCommand                         0x080046c7   Thumb Code    32  stm32f4xx_ll_sdmmc.o(i.SDIO_SendCommand)
    SDIO_WriteFIFO                           0x080046e7   Thumb Code    10  stm32f4xx_ll_sdmmc.o(i.SDIO_WriteFIFO)
    SDRAM_Init                               0x080046f1   Thumb Code    86  sdram.o(i.SDRAM_Init)
    SDRAM_Initialization_Sequence            0x08004751   Thumb Code    74  sdram.o(i.SDRAM_Initialization_Sequence)
    SDRAM_Send_Cmd                           0x080047a1   Thumb Code    48  sdram.o(i.SDRAM_Send_Cmd)
    SD_Init                                  0x08004ab1   Thumb Code    54  sdio_sdcard.o(i.SD_Init)
    SD_ReadDisk                              0x08004e95   Thumb Code   116  sdio_sdcard.o(i.SD_ReadDisk)
    SD_WriteDisk                             0x08004ff5   Thumb Code   118  sdio_sdcard.o(i.SD_WriteDisk)
    SPI5_Init                                0x08005071   Thumb Code    72  spi.o(i.SPI5_Init)
    SPI5_ReadWriteByte                       0x080050c1   Thumb Code    28  spi.o(i.SPI5_ReadWriteByte)
    SPI5_SetSpeed                            0x080050e1   Thumb Code    46  spi.o(i.SPI5_SetSpeed)
    STORAGE_GetCapacity                      0x080051b5   Thumb Code    70  usbd_storage_msd.o(i.STORAGE_GetCapacity)
    STORAGE_GetMaxLun                        0x08005205   Thumb Code    18  usbd_storage_msd.o(i.STORAGE_GetMaxLun)
    STORAGE_Init                             0x0800521d   Thumb Code    38  usbd_storage_msd.o(i.STORAGE_Init)
    STORAGE_IsReady                          0x08005245   Thumb Code    14  usbd_storage_msd.o(i.STORAGE_IsReady)
    STORAGE_IsWriteProtected                 0x08005259   Thumb Code     4  usbd_storage_msd.o(i.STORAGE_IsWriteProtected)
    STORAGE_Read                             0x0800525d   Thumb Code    92  usbd_storage_msd.o(i.STORAGE_Read)
    STORAGE_Write                            0x080052bd   Thumb Code    92  usbd_storage_msd.o(i.STORAGE_Write)
    SVC_Handler                              0x0800531d   Thumb Code     2  stm32f4xx_it.o(i.SVC_Handler)
    Stm32_Clock_Init                         0x08005321   Thumb Code   122  sys.o(i.Stm32_Clock_Init)
    SysTick_Handler                          0x080053a5   Thumb Code     4  stm32f4xx_it.o(i.SysTick_Handler)
    SystemInit                               0x080053a9   Thumb Code    66  system_stm32f4xx.o(i.SystemInit)
    USART1_IRQHandler                        0x08005711   Thumb Code   100  usart.o(i.USART1_IRQHandler)
    USBD_ClrCfg                              0x0800577d   Thumb Code    14  usbd_core.o(i.USBD_ClrCfg)
    USBD_CtlContinueRx                       0x0800578b   Thumb Code    18  usbd_ioreq.o(i.USBD_CtlContinueRx)
    USBD_CtlContinueSendData                 0x0800579d   Thumb Code    18  usbd_ioreq.o(i.USBD_CtlContinueSendData)
    USBD_CtlError                            0x080057af   Thumb Code    28  usbd_req.o(i.USBD_CtlError)
    USBD_CtlReceiveStatus                    0x080057cb   Thumb Code    34  usbd_ioreq.o(i.USBD_CtlReceiveStatus)
    USBD_CtlSendData                         0x080057ed   Thumb Code    32  usbd_ioreq.o(i.USBD_CtlSendData)
    USBD_CtlSendStatus                       0x0800580d   Thumb Code    34  usbd_ioreq.o(i.USBD_CtlSendStatus)
    USBD_GetRxCount                          0x08005a19   Thumb Code    16  usbd_ioreq.o(i.USBD_GetRxCount)
    USBD_GetString                           0x08005a29   Thumb Code    70  usbd_req.o(i.USBD_GetString)
    USBD_Init                                0x08005a6f   Thumb Code    52  usbd_core.o(i.USBD_Init)
    USBD_MSC_DataIn                          0x08005abf   Thumb Code    10  usbd_msc_core.o(i.USBD_MSC_DataIn)
    USBD_MSC_DataOut                         0x08005ac9   Thumb Code    10  usbd_msc_core.o(i.USBD_MSC_DataOut)
    USBD_MSC_DeInit                          0x08005ad3   Thumb Code    28  usbd_msc_core.o(i.USBD_MSC_DeInit)
    USBD_MSC_GetCfgDesc                      0x08005af1   Thumb Code     8  usbd_msc_core.o(i.USBD_MSC_GetCfgDesc)
    USBD_MSC_Init                            0x08005afd   Thumb Code    42  usbd_msc_core.o(i.USBD_MSC_Init)
    USBD_MSC_Setup                           0x08005b29   Thumb Code   178  usbd_msc_core.o(i.USBD_MSC_Setup)
    USBD_OTG_ISR_Handler                     0x08005be5   Thumb Code   236  usb_dcd_int.o(i.USBD_OTG_ISR_Handler)
    USBD_ParseSetupRequest                   0x08005cd5   Thumb Code    68  usbd_req.o(i.USBD_ParseSetupRequest)
    USBD_SetCfg                              0x08005d6d   Thumb Code    26  usbd_core.o(i.USBD_SetCfg)
    USBD_StdDevReq                           0x08005ec1   Thumb Code   236  usbd_req.o(i.USBD_StdDevReq)
    USBD_StdEPReq                            0x08005fb1   Thumb Code   236  usbd_req.o(i.USBD_StdEPReq)
    USBD_StdItfReq                           0x080060a1   Thumb Code    54  usbd_req.o(i.USBD_StdItfReq)
    USBD_USR_ConfigStrDescriptor             0x080060f5   Thumb Code    16  usbd_desc.o(i.USBD_USR_ConfigStrDescriptor)
    USBD_USR_DeviceConfigured                0x08006115   Thumb Code    12  usbd_usr.o(i.USBD_USR_DeviceConfigured)
    USBD_USR_DeviceConnected                 0x08006141   Thumb Code    12  usbd_usr.o(i.USBD_USR_DeviceConnected)
    USBD_USR_DeviceDescriptor                0x08006169   Thumb Code     8  usbd_desc.o(i.USBD_USR_DeviceDescriptor)
    USBD_USR_DeviceDisconnected              0x08006175   Thumb Code    12  usbd_usr.o(i.USBD_USR_DeviceDisconnected)
    USBD_USR_DeviceReset                     0x080061a1   Thumb Code    20  usbd_usr.o(i.USBD_USR_DeviceReset)
    USBD_USR_DeviceResumed                   0x08006221   Thumb Code     6  usbd_usr.o(i.USBD_USR_DeviceResumed)
    USBD_USR_DeviceSuspended                 0x0800623d   Thumb Code    12  usbd_usr.o(i.USBD_USR_DeviceSuspended)
    USBD_USR_Init                            0x08006269   Thumb Code     2  usbd_usr.o(i.USBD_USR_Init)
    USBD_USR_InterfaceStrDescriptor          0x0800626d   Thumb Code    16  usbd_desc.o(i.USBD_USR_InterfaceStrDescriptor)
    USBD_USR_LangIDStrDescriptor             0x08006291   Thumb Code     8  usbd_desc.o(i.USBD_USR_LangIDStrDescriptor)
    USBD_USR_ManufacturerStrDescriptor       0x0800629d   Thumb Code    16  usbd_desc.o(i.USBD_USR_ManufacturerStrDescriptor)
    USBD_USR_ProductStrDescriptor            0x080062c5   Thumb Code    22  usbd_desc.o(i.USBD_USR_ProductStrDescriptor)
    USBD_USR_SerialStrDescriptor             0x08006311   Thumb Code    48  usbd_desc.o(i.USBD_USR_SerialStrDescriptor)
    USB_OTG_BSP_EnableInterrupt              0x08006349   Thumb Code    22  usb_bsp.o(i.USB_OTG_BSP_EnableInterrupt)
    USB_OTG_BSP_Init                         0x08006361   Thumb Code    96  usb_bsp.o(i.USB_OTG_BSP_Init)
    USB_OTG_BSP_mDelay                       0x080063c9   Thumb Code     6  usb_bsp.o(i.USB_OTG_BSP_mDelay)
    USB_OTG_BSP_uDelay                       0x080063cf   Thumb Code     4  usb_bsp.o(i.USB_OTG_BSP_uDelay)
    USB_OTG_CoreInit                         0x080063d3   Thumb Code   128  usb_core.o(i.USB_OTG_CoreInit)
    USB_OTG_CoreInitDev                      0x08006453   Thumb Code   300  usb_core.o(i.USB_OTG_CoreInitDev)
    USB_OTG_DisableGlobalInt                 0x080065d9   Thumb Code    16  usb_core.o(i.USB_OTG_DisableGlobalInt)
    USB_OTG_EP0Activate                      0x080065e9   Thumb Code    54  usb_core.o(i.USB_OTG_EP0Activate)
    USB_OTG_EP0StartXfer                     0x0800661f   Thumb Code   176  usb_core.o(i.USB_OTG_EP0StartXfer)
    USB_OTG_EP0_OutStart                     0x080066d1   Thumb Code    32  usb_core.o(i.USB_OTG_EP0_OutStart)
    USB_OTG_EPActivate                       0x080066f5   Thumb Code    82  usb_core.o(i.USB_OTG_EPActivate)
    USB_OTG_EPClearStall                     0x08006747   Thumb Code    50  usb_core.o(i.USB_OTG_EPClearStall)
    USB_OTG_EPDeactivate                     0x08006779   Thumb Code    52  usb_core.o(i.USB_OTG_EPDeactivate)
    USB_OTG_EPSetStall                       0x080067ad   Thumb Code    48  usb_core.o(i.USB_OTG_EPSetStall)
    USB_OTG_EPStartXfer                      0x080067dd   Thumb Code   306  usb_core.o(i.USB_OTG_EPStartXfer)
    USB_OTG_EnableDevInt                     0x08006911   Thumb Code    66  usb_core.o(i.USB_OTG_EnableDevInt)
    USB_OTG_EnableGlobalInt                  0x08006959   Thumb Code    16  usb_core.o(i.USB_OTG_EnableGlobalInt)
    USB_OTG_FlushRxFifo                      0x08006969   Thumb Code    54  usb_core.o(i.USB_OTG_FlushRxFifo)
    USB_OTG_FlushTxFifo                      0x080069a5   Thumb Code    62  usb_core.o(i.USB_OTG_FlushTxFifo)
    USB_OTG_GetDeviceSpeed                   0x080069e9   Thumb Code    30  usb_core.o(i.USB_OTG_GetDeviceSpeed)
    USB_OTG_InitDevSpeed                     0x08006a07   Thumb Code    12  usb_core.o(i.USB_OTG_InitDevSpeed)
    USB_OTG_IsDeviceMode                     0x08006a13   Thumb Code    18  usb_core.o(i.USB_OTG_IsDeviceMode)
    USB_OTG_ReadCoreItr                      0x08006a25   Thumb Code    10  usb_core.o(i.USB_OTG_ReadCoreItr)
    USB_OTG_ReadDevAllInEPItr                0x08006a2f   Thumb Code    12  usb_core.o(i.USB_OTG_ReadDevAllInEPItr)
    USB_OTG_ReadDevAllOutEp_itr              0x08006a3b   Thumb Code    12  usb_core.o(i.USB_OTG_ReadDevAllOutEp_itr)
    USB_OTG_ReadDevOutEP_itr                 0x08006a47   Thumb Code    16  usb_core.o(i.USB_OTG_ReadDevOutEP_itr)
    USB_OTG_ReadPacket                       0x08006a57   Thumb Code    32  usb_core.o(i.USB_OTG_ReadPacket)
    USB_OTG_SelectCore                       0x08006a79   Thumb Code   188  usb_core.o(i.USB_OTG_SelectCore)
    USB_OTG_SetCurrentMode                   0x08006b39   Thumb Code    42  usb_core.o(i.USB_OTG_SetCurrentMode)
    USB_OTG_WritePacket                      0x08006b63   Thumb Code    40  usb_core.o(i.USB_OTG_WritePacket)
    UsageFault_Handler                       0x08006b8b   Thumb Code     2  stm32f4xx_it.o(i.UsageFault_Handler)
    W25QXX_Erase_Sector                      0x08006b8d   Thumb Code    80  w25qxx.o(i.W25QXX_Erase_Sector)
    W25QXX_Init                              0x08006be5   Thumb Code   106  w25qxx.o(i.W25QXX_Init)
    W25QXX_Read                              0x08006c61   Thumb Code    94  w25qxx.o(i.W25QXX_Read)
    W25QXX_ReadID                            0x08006cc9   Thumb Code    62  w25qxx.o(i.W25QXX_ReadID)
    W25QXX_ReadSR                            0x08006d0d   Thumb Code    52  w25qxx.o(i.W25QXX_ReadSR)
    W25QXX_Wait_Busy                         0x08006d45   Thumb Code    14  w25qxx.o(i.W25QXX_Wait_Busy)
    W25QXX_Write                             0x08006d55   Thumb Code   150  w25qxx.o(i.W25QXX_Write)
    W25QXX_Write_Enable                      0x08006df1   Thumb Code    26  w25qxx.o(i.W25QXX_Write_Enable)
    W25QXX_Write_NoCheck                     0x08006e11   Thumb Code    62  w25qxx.o(i.W25QXX_Write_NoCheck)
    W25QXX_Write_Page                        0x08006e51   Thumb Code   100  w25qxx.o(i.W25QXX_Write_Page)
    _sys_exit                                0x08006ebd   Thumb Code     2  usart.o(i._sys_exit)
    delay_init                               0x08006ec1   Thumb Code    16  delay.o(i.delay_init)
    delay_ms                                 0x08006ed5   Thumb Code    26  delay.o(i.delay_ms)
    delay_us                                 0x08006ef1   Thumb Code    48  delay.o(i.delay_us)
    fputc                                    0x08006f25   Thumb Code    14  usart.o(i.fputc)
    main                                     0x08006f39   Thumb Code   284  main.o(i.main)
    my_mem_free                              0x08007109   Thumb Code    80  malloc.o(i.my_mem_free)
    my_mem_init                              0x08007161   Thumb Code    36  malloc.o(i.my_mem_init)
    my_mem_malloc                            0x0800718d   Thumb Code   128  malloc.o(i.my_mem_malloc)
    my_mem_perused                           0x08007215   Thumb Code    50  malloc.o(i.my_mem_perused)
    myfree                                   0x08007251   Thumb Code    20  malloc.o(i.myfree)
    mymalloc                                 0x08007269   Thumb Code    28  malloc.o(i.mymalloc)
    mymemset                                 0x08007289   Thumb Code    12  malloc.o(i.mymemset)
    uart_init                                0x08007295   Thumb Code    28  usart.o(i.uart_init)
    _fp_init                                 0x080072b9   Thumb Code    10  fpinit.o(x$fpl$fpinit)
    __fplib_config_fpu_vfp                   0x080072c1   Thumb Code     0  fpinit.o(x$fpl$fpinit)
    __fplib_config_pureend_doubles           0x080072c1   Thumb Code     0  fpinit.o(x$fpl$fpinit)
    APBAHBPrescTable                         0x080072c2   Data          16  stm32f4xx_hal_rcc.o(.constdata)
    memtblsize                               0x080072d4   Data          12  malloc.o(.constdata)
    memblksize                               0x080072e0   Data          12  malloc.o(.constdata)
    memsize                                  0x080072ec   Data          12  malloc.o(.constdata)
    MSC_Page00_Inquiry_Data                  0x080072f8   Data           7  usbd_msc_data.o(.constdata)
    MSC_Mode_Sense6_data                     0x080072ff   Data           8  usbd_msc_data.o(.constdata)
    MSC_Mode_Sense10_data                    0x08007307   Data           8  usbd_msc_data.o(.constdata)
    STORAGE_Inquirydata                      0x0800730f   Data         108  usbd_storage_msd.o(.constdata)
    Region$$Table$$Base                      0x080073a4   Number         0  anon$$obj.o(Region$$Table)
    Region$$Table$$Limit                     0x080073c4   Number         0  anon$$obj.o(Region$$Table)
    mem3base                                 0x10000000   Data       61440  malloc.o(.ARM.__AT_0x10000000)
    mem3mapbase                              0x1000f000   Data        3840  malloc.o(.ARM.__AT_0x1000F000)
    SystemCoreClock                          0x20000000   Data           4  system_stm32f4xx.o(.data)
    AHBPrescTable                            0x20000004   Data          16  system_stm32f4xx.o(.data)
    USART_RX_STA                             0x2000001c   Data           2  usart.o(.data)
    __stdout                                 0x20000020   Data           4  usart.o(.data)
    W25QXX_TYPE                              0x20000024   Data           2  w25qxx.o(.data)
    mallco_dev                               0x2000002c   Data          36  malloc.o(.data)
    USBD_DCD_INT_cb                          0x20000050   Data          44  usbd_core.o(.data)
    USBD_DCD_INT_fops                        0x2000007c   Data           4  usbd_core.o(.data)
    SET_TEST_MODE                            0x20000080   Data           4  usbd_core.o(.data)
    USBD_ep_status                           0x20000088   Data           4  usbd_req.o(.data)
    USBD_default_cfg                         0x2000008c   Data           4  usbd_req.o(.data)
    USBD_cfg_status                          0x20000090   Data           4  usbd_req.o(.data)
    MSC_BOT_State                            0x20000094   Data           1  usbd_msc_bot.o(.data)
    MSC_BOT_Status                           0x20000095   Data           1  usbd_msc_bot.o(.data)
    MSC_BOT_DataLen                          0x20000096   Data           2  usbd_msc_bot.o(.data)
    MSC_BOT_Data                             0x20000098   Data           4  usbd_msc_bot.o(.data)
    USBD_MSC_cb                              0x2000009c   Data          44  usbd_msc_core.o(.data)
    USBD_MSC_MaxLun                          0x200000c8   Data           1  usbd_msc_core.o(.data)
    USBD_MSC_CfgDesc                         0x200000d0   Data          32  usbd_msc_core.o(.data)
    SCSI_Sense_Head                          0x200000f0   Data           1  usbd_msc_scsi.o(.data)
    SCSI_Sense_Tail                          0x200000f1   Data           1  usbd_msc_scsi.o(.data)
    SCSI_blk_size                            0x200000f4   Data           4  usbd_msc_scsi.o(.data)
    SCSI_blk_len                             0x200000f8   Data           4  usbd_msc_scsi.o(.data)
    cdev                                     0x200000fc   Data           4  usbd_msc_scsi.o(.data)
    SCSI_blk_addr                            0x20000100   Data           8  usbd_msc_scsi.o(.data)
    USR_desc                                 0x20000108   Data          28  usbd_desc.o(.data)
    USBD_LangIDDesc                          0x20000124   Data           4  usbd_desc.o(.data)
    USBD_DeviceDesc                          0x20000128   Data          18  usbd_desc.o(.data)
    USBD_StringSerial                        0x2000013a   Data          26  usbd_desc.o(.data)
    USB_STATUS_REG                           0x20000154   Data           1  usbd_storage_msd.o(.data)
    USBD_MICRO_SDIO_fops                     0x20000158   Data          32  usbd_storage_msd.o(.data)
    USBD_STORAGE_fops                        0x20000178   Data           4  usbd_storage_msd.o(.data)
    bDeviceState                             0x2000017c   Data           1  usbd_usr.o(.data)
    USR_cb                                   0x20000180   Data          28  usbd_usr.o(.data)
    USB_OTG_dev                              0x2000019c   Data        1524  main.o(.bss)
    USART_RX_BUF                             0x20000790   Data         200  usart.o(.bss)
    UART1_Handler                            0x20000858   Data          64  usart.o(.bss)
    SDRAM_Handler                            0x20000898   Data          52  sdram.o(.bss)
    SDCARD_Handler                           0x200008d0   Data          96  sdio_sdcard.o(.bss)
    SDCardInfo                               0x20000930   Data          88  sdio_sdcard.o(.bss)
    SDIO_DATA_BUFFER                         0x20000988   Data         512  sdio_sdcard.o(.bss)
    SPI5_Handler                             0x20000b88   Data          88  spi.o(.bss)
    W25QXX_BUFFER                            0x20000be0   Data        4096  w25qxx.o(.bss)
    NAND_Handler                             0x20001be0   Data          56  nand.o(.bss)
    nand_dev                                 0x20001c18   Data          92  nand.o(.bss)
    mem1base                                 0x20001c80   Data       163840  malloc.o(.bss)
    mem1mapbase                              0x20029c80   Data       10240  malloc.o(.bss)
    MSC_BOT_cbw                              0x2002c480   Data          32  usbd_msc_bot.o(.bss)
    MSC_BOT_csw                              0x2002c4a0   Data          16  usbd_msc_bot.o(.bss)
    SCSI_Sense                               0x2002c4b0   Data          32  usbd_msc_scsi.o(.bss)
    SCSI_blk_nbr                             0x2002c4d0   Data          12  usbd_msc_scsi.o(.bss)
    USBD_StrDesc                             0x2002c4dc   Data          64  usbd_desc.o(.bss)
    __libspace_start                         0x2002c51c   Data          96  libspace.o(.bss)
    __temporary_stack_top$libspace           0x2002c57c   Data           0  libspace.o(.bss)
    ltdc_lcd_framebuf                        0xc0000000   Data       2048000  ltdc.o(.ARM.__AT_0xC0000000)
    mem2base                                 0xc01f4000   Data       29605888  malloc.o(.ARM.__AT_0xC01F4000)
    mem2mapbase                              0xc1e30000   Data       1850368  malloc.o(.ARM.__AT_0xC1E30000)



==============================================================================

Memory Map of the image

  Image Entry point : 0x080001ad

  Load Region LR_IROM1 (Base: 0x08000000, Size: 0x00007560, Max: 0x00100000, ABSOLUTE, COMPRESSED[0x000074b8])

    Execution Region ER_IROM1 (Base: 0x08000000, Size: 0x000073c4, Max: 0x00100000, ABSOLUTE)

    Base Addr    Size         Type   Attr      Idx    E Section Name        Object

    0x08000000   0x000001ac   Data   RO          544    RESET               startup_stm32f429xx.o
    0x080001ac   0x00000008   Code   RO         6703  * !!!main             c_w.l(__main.o)
    0x080001b4   0x00000034   Code   RO         6900    !!!scatter          c_w.l(__scatter.o)
    0x080001e8   0x0000005a   Code   RO         6898    !!dczerorl2         c_w.l(__dczerorl2.o)
    0x08000242   0x00000002   PAD
    0x08000244   0x0000001c   Code   RO         6902    !!handler_zi        c_w.l(__scatter_zi.o)
    0x08000260   0x00000000   Code   RO         6692    .ARM.Collect$$_printf_percent$$00000000  c_w.l(_printf_percent.o)
    0x08000260   0x00000006   Code   RO         6691    .ARM.Collect$$_printf_percent$$00000009  c_w.l(_printf_d.o)
    0x08000266   0x00000006   Code   RO         6690    .ARM.Collect$$_printf_percent$$0000000C  c_w.l(_printf_x.o)
    0x0800026c   0x00000004   Code   RO         6728    .ARM.Collect$$_printf_percent$$00000017  c_w.l(_printf_percent_end.o)
    0x08000270   0x00000002   Code   RO         6772    .ARM.Collect$$libinit$$00000000  c_w.l(libinit.o)
    0x08000272   0x00000004   Code   RO         6784    .ARM.Collect$$libinit$$00000001  c_w.l(libinit2.o)
    0x08000276   0x00000000   Code   RO         6787    .ARM.Collect$$libinit$$00000004  c_w.l(libinit2.o)
    0x08000276   0x00000000   Code   RO         6790    .ARM.Collect$$libinit$$0000000A  c_w.l(libinit2.o)
    0x08000276   0x00000000   Code   RO         6792    .ARM.Collect$$libinit$$0000000C  c_w.l(libinit2.o)
    0x08000276   0x00000000   Code   RO         6794    .ARM.Collect$$libinit$$0000000E  c_w.l(libinit2.o)
    0x08000276   0x00000000   Code   RO         6797    .ARM.Collect$$libinit$$00000011  c_w.l(libinit2.o)
    0x08000276   0x00000000   Code   RO         6799    .ARM.Collect$$libinit$$00000013  c_w.l(libinit2.o)
    0x08000276   0x00000000   Code   RO         6801    .ARM.Collect$$libinit$$00000015  c_w.l(libinit2.o)
    0x08000276   0x00000000   Code   RO         6803    .ARM.Collect$$libinit$$00000017  c_w.l(libinit2.o)
    0x08000276   0x00000000   Code   RO         6805    .ARM.Collect$$libinit$$00000019  c_w.l(libinit2.o)
    0x08000276   0x00000000   Code   RO         6807    .ARM.Collect$$libinit$$0000001B  c_w.l(libinit2.o)
    0x08000276   0x00000000   Code   RO         6809    .ARM.Collect$$libinit$$0000001D  c_w.l(libinit2.o)
    0x08000276   0x00000000   Code   RO         6811    .ARM.Collect$$libinit$$0000001F  c_w.l(libinit2.o)
    0x08000276   0x00000000   Code   RO         6813    .ARM.Collect$$libinit$$00000021  c_w.l(libinit2.o)
    0x08000276   0x00000000   Code   RO         6815    .ARM.Collect$$libinit$$00000023  c_w.l(libinit2.o)
    0x08000276   0x00000000   Code   RO         6817    .ARM.Collect$$libinit$$00000025  c_w.l(libinit2.o)
    0x08000276   0x00000000   Code   RO         6821    .ARM.Collect$$libinit$$0000002C  c_w.l(libinit2.o)
    0x08000276   0x00000000   Code   RO         6823    .ARM.Collect$$libinit$$0000002E  c_w.l(libinit2.o)
    0x08000276   0x00000000   Code   RO         6825    .ARM.Collect$$libinit$$00000030  c_w.l(libinit2.o)
    0x08000276   0x00000000   Code   RO         6827    .ARM.Collect$$libinit$$00000032  c_w.l(libinit2.o)
    0x08000276   0x00000002   Code   RO         6828    .ARM.Collect$$libinit$$00000033  c_w.l(libinit2.o)
    0x08000278   0x00000002   Code   RO         6854    .ARM.Collect$$libshutdown$$00000000  c_w.l(libshutdown.o)
    0x0800027a   0x00000000   Code   RO         6881    .ARM.Collect$$libshutdown$$00000002  c_w.l(libshutdown2.o)
    0x0800027a   0x00000000   Code   RO         6883    .ARM.Collect$$libshutdown$$00000004  c_w.l(libshutdown2.o)
    0x0800027a   0x00000000   Code   RO         6886    .ARM.Collect$$libshutdown$$00000007  c_w.l(libshutdown2.o)
    0x0800027a   0x00000000   Code   RO         6889    .ARM.Collect$$libshutdown$$0000000A  c_w.l(libshutdown2.o)
    0x0800027a   0x00000000   Code   RO         6891    .ARM.Collect$$libshutdown$$0000000C  c_w.l(libshutdown2.o)
    0x0800027a   0x00000000   Code   RO         6894    .ARM.Collect$$libshutdown$$0000000F  c_w.l(libshutdown2.o)
    0x0800027a   0x00000002   Code   RO         6895    .ARM.Collect$$libshutdown$$00000010  c_w.l(libshutdown2.o)
    0x0800027c   0x00000000   Code   RO         6719    .ARM.Collect$$rtentry$$00000000  c_w.l(__rtentry.o)
    0x0800027c   0x00000000   Code   RO         6735    .ARM.Collect$$rtentry$$00000002  c_w.l(__rtentry2.o)
    0x0800027c   0x00000006   Code   RO         6747    .ARM.Collect$$rtentry$$00000004  c_w.l(__rtentry4.o)
    0x08000282   0x00000000   Code   RO         6737    .ARM.Collect$$rtentry$$00000009  c_w.l(__rtentry2.o)
    0x08000282   0x00000004   Code   RO         6738    .ARM.Collect$$rtentry$$0000000A  c_w.l(__rtentry2.o)
    0x08000286   0x00000000   Code   RO         6740    .ARM.Collect$$rtentry$$0000000C  c_w.l(__rtentry2.o)
    0x08000286   0x00000008   Code   RO         6741    .ARM.Collect$$rtentry$$0000000D  c_w.l(__rtentry2.o)
    0x0800028e   0x00000002   Code   RO         6776    .ARM.Collect$$rtexit$$00000000  c_w.l(rtexit.o)
    0x08000290   0x00000000   Code   RO         6830    .ARM.Collect$$rtexit$$00000002  c_w.l(rtexit2.o)
    0x08000290   0x00000004   Code   RO         6831    .ARM.Collect$$rtexit$$00000003  c_w.l(rtexit2.o)
    0x08000294   0x00000006   Code   RO         6832    .ARM.Collect$$rtexit$$00000004  c_w.l(rtexit2.o)
    0x0800029a   0x00000002   PAD
    0x0800029c   0x00000010   Code   RO         4219    .emb_text           sys.o
    0x080002ac   0x00000040   Code   RO          545    .text               startup_stm32f429xx.o
    0x080002ec   0x00000002   Code   RO         6637    .text               c_w.l(use_no_semi_2.o)
    0x080002ee   0x000000ee   Code   RO         6639    .text               c_w.l(lludivv7m.o)
    0x080003dc   0x00000018   Code   RO         6643    .text               c_w.l(noretval__2printf.o)
    0x080003f4   0x00000068   Code   RO         6645    .text               c_w.l(__printf.o)
    0x0800045c   0x00000078   Code   RO         6647    .text               c_w.l(_printf_dec.o)
    0x080004d4   0x00000058   Code   RO         6652    .text               c_w.l(_printf_hex_int.o)
    0x0800052c   0x0000008a   Code   RO         6693    .text               c_w.l(rt_memcpy_v6.o)
    0x080005b6   0x00000064   Code   RO         6695    .text               c_w.l(rt_memcpy_w.o)
    0x0800061a   0x00000044   Code   RO         6697    .text               c_w.l(rt_memclr.o)
    0x0800065e   0x0000004e   Code   RO         6699    .text               c_w.l(rt_memclr_w.o)
    0x080006ac   0x00000006   Code   RO         6701    .text               c_w.l(heapauxi.o)
    0x080006b2   0x00000002   Code   RO         6717    .text               c_w.l(use_no_semi.o)
    0x080006b4   0x000000b2   Code   RO         6724    .text               c_w.l(_printf_intcommon.o)
    0x08000766   0x00000002   PAD
    0x08000768   0x00000024   Code   RO         6726    .text               c_w.l(_printf_char_file.o)
    0x0800078c   0x00000030   Code   RO         6751    .text               c_w.l(_printf_char_common.o)
    0x080007bc   0x00000008   Code   RO         6753    .text               c_w.l(ferror.o)
    0x080007c4   0x0000004a   Code   RO         6757    .text               c_w.l(sys_stackheap_outer.o)
    0x0800080e   0x00000012   Code   RO         6761    .text               c_w.l(exit.o)
    0x08000820   0x00000008   Code   RO         6773    .text               c_w.l(libspace.o)
    0x08000828   0x00000002   Code   RO          337    i.BusFault_Handler  stm32f4xx_it.o
    0x0800082a   0x0000002c   Code   RO         5714    i.DCD_EP_Close      usb_dcd.o
    0x08000856   0x00000038   Code   RO         5715    i.DCD_EP_ClrStall   usb_dcd.o
    0x0800088e   0x00000018   Code   RO         5716    i.DCD_EP_Flush      usb_dcd.o
    0x080008a6   0x0000003c   Code   RO         5717    i.DCD_EP_Open       usb_dcd.o
    0x080008e2   0x00000044   Code   RO         5718    i.DCD_EP_PrepareRx  usb_dcd.o
    0x08000926   0x00000010   Code   RO         5719    i.DCD_EP_SetAddress  usb_dcd.o
    0x08000936   0x00000038   Code   RO         5720    i.DCD_EP_Stall      usb_dcd.o
    0x0800096e   0x0000003e   Code   RO         5721    i.DCD_EP_Tx         usb_dcd.o
    0x080009ac   0x00000052   Code   RO         5808    i.DCD_HandleEnumDone_ISR  usb_dcd_int.o
    0x080009fe   0x00000002   PAD
    0x08000a00   0x000000c0   Code   RO         5809    i.DCD_HandleInEP_ISR  usb_dcd_int.o
    0x08000ac0   0x000000ac   Code   RO         5810    i.DCD_HandleOutEP_ISR  usb_dcd_int.o
    0x08000b6c   0x0000007c   Code   RO         5811    i.DCD_HandleRxStatusQueueLevel_ISR  usb_dcd_int.o
    0x08000be8   0x00000070   Code   RO         5812    i.DCD_HandleUSBSuspend_ISR  usb_dcd_int.o
    0x08000c58   0x00000084   Code   RO         5813    i.DCD_HandleUsbReset_ISR  usb_dcd_int.o
    0x08000cdc   0x00000092   Code   RO         5723    i.DCD_Init          usb_dcd.o
    0x08000d6e   0x0000008e   Code   RO         5814    i.DCD_WriteEmptyTxFifo  usb_dcd_int.o
    0x08000dfc   0x00000002   Code   RO          338    i.DebugMon_Handler  stm32f4xx_it.o
    0x08000dfe   0x00000030   Code   RO         2681    i.FMC_NAND_AttributeSpace_Timing_Init  stm32f4xx_ll_fmc.o
    0x08000e2e   0x00000030   Code   RO         2682    i.FMC_NAND_CommonSpace_Timing_Init  stm32f4xx_ll_fmc.o
    0x08000e5e   0x00000002   PAD
    0x08000e60   0x00000050   Code   RO         2687    i.FMC_NAND_Init     stm32f4xx_ll_fmc.o
    0x08000eb0   0x0000004c   Code   RO         2701    i.FMC_SDRAM_Init    stm32f4xx_ll_fmc.o
    0x08000efc   0x0000000c   Code   RO         2702    i.FMC_SDRAM_ProgramRefreshRate  stm32f4xx_ll_fmc.o
    0x08000f08   0x00000048   Code   RO         2703    i.FMC_SDRAM_SendCommand  stm32f4xx_ll_fmc.o
    0x08000f50   0x0000007c   Code   RO         2705    i.FMC_SDRAM_Timing_Init  stm32f4xx_ll_fmc.o
    0x08000fcc   0x00000030   Code   RO         4977    i.FTL_BadBlockMark  ftl.o
    0x08000ffc   0x000000d0   Code   RO         4978    i.FTL_BlockCompare  ftl.o
    0x080010cc   0x0000004c   Code   RO         4979    i.FTL_CheckBadBlock  ftl.o
    0x08001118   0x000000c8   Code   RO         4980    i.FTL_CopyAndWriteToBlock  ftl.o
    0x080011e0   0x000000c8   Code   RO         4981    i.FTL_CreateLUT     ftl.o
    0x080012a8   0x0000004c   Code   RO         4982    i.FTL_FindSamePlaneUnusedBlock  ftl.o
    0x080012f4   0x00000044   Code   RO         4983    i.FTL_FindUnusedBlock  ftl.o
    0x08001338   0x000000c0   Code   RO         4984    i.FTL_Format        ftl.o
    0x080013f8   0x000000e0   Code   RO         4985    i.FTL_Init          ftl.o
    0x080014d8   0x0000001c   Code   RO         4986    i.FTL_LBNToPBN      ftl.o
    0x080014f4   0x00000110   Code   RO         4987    i.FTL_ReadSectors   ftl.o
    0x08001604   0x00000020   Code   RO         4989    i.FTL_UsedBlockMark  ftl.o
    0x08001624   0x00000118   Code   RO         4990    i.FTL_WriteSectors  ftl.o
    0x0800173c   0x00000016   Code   RO          559    i.HAL_Delay         stm32f4xx_hal.o
    0x08001752   0x00000002   PAD
    0x08001754   0x000001dc   Code   RO          836    i.HAL_GPIO_Init     stm32f4xx_hal_gpio.o
    0x08001930   0x0000000c   Code   RO          567    i.HAL_GetTick       stm32f4xx_hal.o
    0x0800193c   0x00000010   Code   RO          568    i.HAL_IncTick       stm32f4xx_hal.o
    0x0800194c   0x00000022   Code   RO          570    i.HAL_InitTick      stm32f4xx_hal.o
    0x0800196e   0x00000062   Code   RO         4058    i.HAL_NAND_Init     stm32f4xx_hal_nand.o
    0x080019d0   0x000000b0   Code   RO         5079    i.HAL_NAND_MspInit  nand.o
    0x08001a80   0x00000016   Code   RO          713    i.HAL_NVIC_EnableIRQ  stm32f4xx_hal_cortex.o
    0x08001a96   0x00000002   PAD
    0x08001a98   0x00000040   Code   RO          719    i.HAL_NVIC_SetPriority  stm32f4xx_hal_cortex.o
    0x08001ad8   0x00000088   Code   RO         1025    i.HAL_PWREx_EnableOverDrive  stm32f4xx_hal_pwr_ex.o
    0x08001b60   0x00000208   Code   RO         1092    i.HAL_RCC_ClockConfig  stm32f4xx_hal_rcc.o
    0x08001d68   0x00000034   Code   RO         1097    i.HAL_RCC_GetHCLKFreq  stm32f4xx_hal_rcc.o
    0x08001d9c   0x0000002c   Code   RO         1099    i.HAL_RCC_GetPCLK1Freq  stm32f4xx_hal_rcc.o
    0x08001dc8   0x0000002c   Code   RO         1100    i.HAL_RCC_GetPCLK2Freq  stm32f4xx_hal_rcc.o
    0x08001df4   0x00000074   Code   RO         1101    i.HAL_RCC_GetSysClockFreq  stm32f4xx_hal_rcc.o
    0x08001e68   0x0000031c   Code   RO         1104    i.HAL_RCC_OscConfig  stm32f4xx_hal_rcc.o
    0x08002184   0x00000042   Code   RO         2987    i.HAL_SDRAM_Init    stm32f4xx_hal_sdram.o
    0x080021c6   0x00000002   PAD
    0x080021c8   0x000000dc   Code   RO         4584    i.HAL_SDRAM_MspInit  sdram.o
    0x080022a4   0x00000022   Code   RO         2990    i.HAL_SDRAM_ProgramRefreshRate  stm32f4xx_hal_sdram.o
    0x080022c6   0x0000002e   Code   RO         2996    i.HAL_SDRAM_SendCommand  stm32f4xx_hal_sdram.o
    0x080022f4   0x000002b8   Code   RO         3577    i.HAL_SD_Get_CardInfo  stm32f4xx_hal_sd.o
    0x080025ac   0x000000a0   Code   RO         3580    i.HAL_SD_Init       stm32f4xx_hal_sd.o
    0x0800264c   0x00000084   Code   RO         4756    i.HAL_SD_MspInit    sdio_sdcard.o
    0x080026d0   0x0000017c   Code   RO         3583    i.HAL_SD_ReadBlocks  stm32f4xx_hal_sd.o
    0x0800284c   0x0000002c   Code   RO         3586    i.HAL_SD_StopTransfer  stm32f4xx_hal_sd.o
    0x08002878   0x0000005e   Code   RO         3587    i.HAL_SD_WideBusOperation_Config  stm32f4xx_hal_sd.o
    0x080028d6   0x000001d0   Code   RO         3588    i.HAL_SD_WriteBlocks  stm32f4xx_hal_sd.o
    0x08002aa6   0x00000084   Code   RO         3813    i.HAL_SPI_Init      stm32f4xx_hal_spi.o
    0x08002b2a   0x00000002   PAD
    0x08002b2c   0x00000054   Code   RO         4812    i.HAL_SPI_MspInit   spi.o
    0x08002b80   0x000002aa   Code   RO         3822    i.HAL_SPI_TransmitReceive  stm32f4xx_hal_spi.o
    0x08002e2a   0x00000018   Code   RO          722    i.HAL_SYSTICK_CLKSourceConfig  stm32f4xx_hal_cortex.o
    0x08002e42   0x00000028   Code   RO          724    i.HAL_SYSTICK_Config  stm32f4xx_hal_cortex.o
    0x08002e6a   0x00000002   Code   RO         1244    i.HAL_UART_ErrorCallback  stm32f4xx_hal_uart.o
    0x08002e6c   0x000000f4   Code   RO         1247    i.HAL_UART_IRQHandler  stm32f4xx_hal_uart.o
    0x08002f60   0x0000005e   Code   RO         1248    i.HAL_UART_Init     stm32f4xx_hal_uart.o
    0x08002fbe   0x00000002   PAD
    0x08002fc0   0x00000094   Code   RO         4247    i.HAL_UART_MspInit  usart.o
    0x08003054   0x000000ca   Code   RO         1251    i.HAL_UART_Receive  stm32f4xx_hal_uart.o
    0x0800311e   0x00000002   Code   RO         1254    i.HAL_UART_RxCpltCallback  stm32f4xx_hal_uart.o
    0x08003120   0x00000002   Code   RO         1259    i.HAL_UART_TxCpltCallback  stm32f4xx_hal_uart.o
    0x08003122   0x00000002   Code   RO          339    i.HardFault_Handler  stm32f4xx_it.o
    0x08003124   0x00000040   Code   RO         5287    i.IIC_Ack           myiic.o
    0x08003164   0x00000040   Code   RO         5289    i.IIC_NAck          myiic.o
    0x080031a4   0x00000068   Code   RO         5290    i.IIC_Read_Byte     myiic.o
    0x0800320c   0x00000060   Code   RO         5291    i.IIC_Send_Byte     myiic.o
    0x0800326c   0x00000040   Code   RO         5292    i.IIC_Start         myiic.o
    0x080032ac   0x00000040   Code   RO         5293    i.IIC_Stop          myiic.o
    0x080032ec   0x00000054   Code   RO         5294    i.IIC_Wait_Ack      myiic.o
    0x08003340   0x00000036   Code   RO         6419    i.IntToUnicode      usbd_desc.o
    0x08003376   0x00000002   PAD
    0x08003378   0x00000044   Code   RO         6098    i.MSC_BOT_Abort     usbd_msc_bot.o
    0x080033bc   0x000000bc   Code   RO         6099    i.MSC_BOT_CBW_Decode  usbd_msc_bot.o
    0x08003478   0x0000002c   Code   RO         6100    i.MSC_BOT_CplClrFeature  usbd_msc_bot.o
    0x080034a4   0x00000040   Code   RO         6101    i.MSC_BOT_DataIn    usbd_msc_bot.o
    0x080034e4   0x00000040   Code   RO         6102    i.MSC_BOT_DataOut   usbd_msc_bot.o
    0x08003524   0x0000000c   Code   RO         6103    i.MSC_BOT_DeInit    usbd_msc_bot.o
    0x08003530   0x00000044   Code   RO         6104    i.MSC_BOT_Init      usbd_msc_bot.o
    0x08003574   0x0000001c   Code   RO         6105    i.MSC_BOT_Reset     usbd_msc_bot.o
    0x08003590   0x0000003c   Code   RO         6106    i.MSC_BOT_SendCSW   usbd_msc_bot.o
    0x080035cc   0x00000002   Code   RO          340    i.MemManage_Handler  stm32f4xx_it.o
    0x080035ce   0x00000002   PAD
    0x080035d0   0x000001a8   Code   RO         5080    i.NAND_CopyPageWithWrite  nand.o
    0x08003778   0x00000084   Code   RO         5081    i.NAND_CopyPageWithoutWrite  nand.o
    0x080037fc   0x00000010   Code   RO         5082    i.NAND_Delay        nand.o
    0x0800380c   0x00000094   Code   RO         5083    i.NAND_ECC_Correction  nand.o
    0x080038a0   0x00000030   Code   RO         5084    i.NAND_ECC_Get_OE   nand.o
    0x080038d0   0x00000058   Code   RO         5085    i.NAND_EraseBlock   nand.o
    0x08003928   0x000000ac   Code   RO         5087    i.NAND_Init         nand.o
    0x080039d4   0x00000034   Code   RO         5088    i.NAND_ModeSet      nand.o
    0x08003a08   0x00000048   Code   RO         5089    i.NAND_ReadID       nand.o
    0x08003a50   0x0000023c   Code   RO         5090    i.NAND_ReadPage     nand.o
    0x08003c8c   0x00000068   Code   RO         5091    i.NAND_ReadPageComp  nand.o
    0x08003cf4   0x00000020   Code   RO         5092    i.NAND_ReadSpare    nand.o
    0x08003d14   0x00000028   Code   RO         5093    i.NAND_ReadStatus   nand.o
    0x08003d3c   0x0000001c   Code   RO         5094    i.NAND_Reset        nand.o
    0x08003d58   0x00000024   Code   RO         5095    i.NAND_WaitForReady  nand.o
    0x08003d7c   0x00000034   Code   RO         5096    i.NAND_WaitRB       nand.o
    0x08003db0   0x00000158   Code   RO         5097    i.NAND_WritePage    nand.o
    0x08003f08   0x00000054   Code   RO         5098    i.NAND_WritePageConst  nand.o
    0x08003f5c   0x00000020   Code   RO         5099    i.NAND_WriteSpare   nand.o
    0x08003f7c   0x00000002   Code   RO          341    i.NMI_Handler       stm32f4xx_it.o
    0x08003f7e   0x00000020   Code   RO          726    i.NVIC_SetPriority  stm32f4xx_hal_cortex.o
    0x08003f9e   0x00000002   PAD
    0x08003fa0   0x0000000c   Code   RO         6563    i.OTG_FS_IRQHandler  usbd_usr.o
    0x08003fac   0x00000020   Code   RO         5355    i.PCF8574_ReadOneByte  pcf8574.o
    0x08003fcc   0x00000020   Code   RO         5356    i.PCF8574_WriteBit  pcf8574.o
    0x08003fec   0x0000002a   Code   RO         5357    i.PCF8574_WriteOneByte  pcf8574.o
    0x08004016   0x00000002   Code   RO          342    i.PendSV_Handler    stm32f4xx_it.o
    0x08004018   0x00000024   Code   RO         6272    i.SCSI_CheckAddressRange  usbd_msc_scsi.o
    0x0800403c   0x00000160   Code   RO         6273    i.SCSI_ProcessCmd   usbd_msc_scsi.o
    0x0800419c   0x00000098   Code   RO         6274    i.SCSI_ProcessRead  usbd_msc_scsi.o
    0x08004234   0x000000a4   Code   RO         6275    i.SCSI_ProcessWrite  usbd_msc_scsi.o
    0x080042d8   0x000000bc   Code   RO         6276    i.SCSI_Read10       usbd_msc_scsi.o
    0x08004394   0x00000084   Code   RO         6277    i.SCSI_ReadCapacity10  usbd_msc_scsi.o
    0x08004418   0x00000074   Code   RO         6278    i.SCSI_ReadFormatCapacity  usbd_msc_scsi.o
    0x0800448c   0x00000068   Code   RO         6279    i.SCSI_RequestSense  usbd_msc_scsi.o
    0x080044f4   0x0000002c   Code   RO         6280    i.SCSI_SenseCode    usbd_msc_scsi.o
    0x08004520   0x00000058   Code   RO         6281    i.SCSI_Verify10     usbd_msc_scsi.o
    0x08004578   0x000000d8   Code   RO         6282    i.SCSI_Write10      usbd_msc_scsi.o
    0x08004650   0x00000024   Code   RO         3471    i.SDIO_DataConfig   stm32f4xx_ll_sdmmc.o
    0x08004674   0x00000006   Code   RO         3472    i.SDIO_GetCommandResponse  stm32f4xx_ll_sdmmc.o
    0x0800467a   0x00000008   Code   RO         3475    i.SDIO_GetPowerState  stm32f4xx_ll_sdmmc.o
    0x08004682   0x00000002   PAD
    0x08004684   0x00000010   Code   RO         3476    i.SDIO_GetResponse  stm32f4xx_ll_sdmmc.o
    0x08004694   0x00000024   Code   RO         3477    i.SDIO_Init         stm32f4xx_ll_sdmmc.o
    0x080046b8   0x00000008   Code   RO         3479    i.SDIO_PowerState_ON  stm32f4xx_ll_sdmmc.o
    0x080046c0   0x00000006   Code   RO         3480    i.SDIO_ReadFIFO     stm32f4xx_ll_sdmmc.o
    0x080046c6   0x00000020   Code   RO         3481    i.SDIO_SendCommand  stm32f4xx_ll_sdmmc.o
    0x080046e6   0x0000000a   Code   RO         3483    i.SDIO_WriteFIFO    stm32f4xx_ll_sdmmc.o
    0x080046f0   0x00000060   Code   RO         4585    i.SDRAM_Init        sdram.o
    0x08004750   0x00000050   Code   RO         4586    i.SDRAM_Initialization_Sequence  sdram.o
    0x080047a0   0x00000034   Code   RO         4587    i.SDRAM_Send_Cmd    sdram.o
    0x080047d4   0x000000ec   Code   RO         3592    i.SD_CmdResp1Error  stm32f4xx_hal_sd.o
    0x080048c0   0x0000002e   Code   RO         3593    i.SD_CmdResp2Error  stm32f4xx_hal_sd.o
    0x080048ee   0x00000072   Code   RO         3594    i.SD_CmdResp6Error  stm32f4xx_hal_sd.o
    0x08004960   0x00000046   Code   RO         3595    i.SD_CmdResp7Error  stm32f4xx_hal_sd.o
    0x080049a6   0x0000010a   Code   RO         3600    i.SD_FindSCR        stm32f4xx_hal_sd.o
    0x08004ab0   0x00000040   Code   RO         4758    i.SD_Init           sdio_sdcard.o
    0x08004af0   0x000000dc   Code   RO         3601    i.SD_Initialize_Cards  stm32f4xx_hal_sd.o
    0x08004bcc   0x0000013c   Code   RO         3602    i.SD_IsCardProgramming  stm32f4xx_hal_sd.o
    0x08004d08   0x0000018c   Code   RO         3603    i.SD_PowerON        stm32f4xx_hal_sd.o
    0x08004e94   0x00000078   Code   RO         4759    i.SD_ReadDisk       sdio_sdcard.o
    0x08004f0c   0x00000072   Code   RO         3604    i.SD_WideBus_Disable  stm32f4xx_hal_sd.o
    0x08004f7e   0x00000074   Code   RO         3605    i.SD_WideBus_Enable  stm32f4xx_hal_sd.o
    0x08004ff2   0x00000002   PAD
    0x08004ff4   0x0000007c   Code   RO         4760    i.SD_WriteDisk      sdio_sdcard.o
    0x08005070   0x00000050   Code   RO         4813    i.SPI5_Init         spi.o
    0x080050c0   0x00000020   Code   RO         4814    i.SPI5_ReadWriteByte  spi.o
    0x080050e0   0x00000034   Code   RO         4815    i.SPI5_SetSpeed     spi.o
    0x08005114   0x0000009e   Code   RO         3844    i.SPI_WaitOnFlagUntilTimeout  stm32f4xx_hal_spi.o
    0x080051b2   0x00000002   PAD
    0x080051b4   0x00000050   Code   RO         6494    i.STORAGE_GetCapacity  usbd_storage_msd.o
    0x08005204   0x00000018   Code   RO         6495    i.STORAGE_GetMaxLun  usbd_storage_msd.o
    0x0800521c   0x00000026   Code   RO         6496    i.STORAGE_Init      usbd_storage_msd.o
    0x08005242   0x00000002   PAD
    0x08005244   0x00000014   Code   RO         6497    i.STORAGE_IsReady   usbd_storage_msd.o
    0x08005258   0x00000004   Code   RO         6498    i.STORAGE_IsWriteProtected  usbd_storage_msd.o
    0x0800525c   0x00000060   Code   RO         6499    i.STORAGE_Read      usbd_storage_msd.o
    0x080052bc   0x00000060   Code   RO         6500    i.STORAGE_Write     usbd_storage_msd.o
    0x0800531c   0x00000002   Code   RO          343    i.SVC_Handler       stm32f4xx_it.o
    0x0800531e   0x00000002   PAD
    0x08005320   0x00000084   Code   RO         4220    i.Stm32_Clock_Init  sys.o
    0x080053a4   0x00000004   Code   RO          344    i.SysTick_Handler   stm32f4xx_it.o
    0x080053a8   0x00000054   Code   RO          416    i.SystemInit        system_stm32f4xx.o
    0x080053fc   0x000000a6   Code   RO         1266    i.UART_Receive_IT   stm32f4xx_hal_uart.o
    0x080054a2   0x00000002   PAD
    0x080054a4   0x00000174   Code   RO         1267    i.UART_SetConfig    stm32f4xx_hal_uart.o
    0x08005618   0x00000066   Code   RO         1268    i.UART_Transmit_IT  stm32f4xx_hal_uart.o
    0x0800567e   0x00000092   Code   RO         1269    i.UART_WaitOnFlagUntilTimeout  stm32f4xx_hal_uart.o
    0x08005710   0x0000006c   Code   RO         4248    i.USART1_IRQHandler  usart.o
    0x0800577c   0x0000000e   Code   RO         5871    i.USBD_ClrCfg       usbd_core.o
    0x0800578a   0x00000012   Code   RO         5966    i.USBD_CtlContinueRx  usbd_ioreq.o
    0x0800579c   0x00000012   Code   RO         5967    i.USBD_CtlContinueSendData  usbd_ioreq.o
    0x080057ae   0x0000001c   Code   RO         6026    i.USBD_CtlError     usbd_req.o
    0x080057ca   0x00000022   Code   RO         5969    i.USBD_CtlReceiveStatus  usbd_ioreq.o
    0x080057ec   0x00000020   Code   RO         5970    i.USBD_CtlSendData  usbd_ioreq.o
    0x0800580c   0x00000022   Code   RO         5971    i.USBD_CtlSendStatus  usbd_ioreq.o
    0x0800582e   0x00000002   PAD
    0x08005830   0x000000bc   Code   RO         5872    i.USBD_DataInStage  usbd_core.o
    0x080058ec   0x00000074   Code   RO         5873    i.USBD_DataOutStage  usbd_core.o
    0x08005960   0x000000b8   Code   RO         6027    i.USBD_GetDescriptor  usbd_req.o
    0x08005a18   0x00000010   Code   RO         5972    i.USBD_GetRxCount   usbd_ioreq.o
    0x08005a28   0x00000046   Code   RO         6028    i.USBD_GetString    usbd_req.o
    0x08005a6e   0x00000034   Code   RO         5875    i.USBD_Init         usbd_core.o
    0x08005aa2   0x0000000e   Code   RO         5876    i.USBD_IsoINIncomplete  usbd_core.o
    0x08005ab0   0x0000000e   Code   RO         5877    i.USBD_IsoOUTIncomplete  usbd_core.o
    0x08005abe   0x0000000a   Code   RO         6185    i.USBD_MSC_DataIn   usbd_msc_core.o
    0x08005ac8   0x0000000a   Code   RO         6186    i.USBD_MSC_DataOut  usbd_msc_core.o
    0x08005ad2   0x0000001c   Code   RO         6187    i.USBD_MSC_DeInit   usbd_msc_core.o
    0x08005aee   0x00000002   PAD
    0x08005af0   0x0000000c   Code   RO         6188    i.USBD_MSC_GetCfgDesc  usbd_msc_core.o
    0x08005afc   0x0000002a   Code   RO         6189    i.USBD_MSC_Init     usbd_msc_core.o
    0x08005b26   0x00000002   PAD
    0x08005b28   0x000000bc   Code   RO         6190    i.USBD_MSC_Setup    usbd_msc_core.o
    0x08005be4   0x000000f0   Code   RO         5815    i.USBD_OTG_ISR_Handler  usb_dcd_int.o
    0x08005cd4   0x00000044   Code   RO         6029    i.USBD_ParseSetupRequest  usbd_req.o
    0x08005d18   0x0000002e   Code   RO         5878    i.USBD_Reset        usbd_core.o
    0x08005d46   0x00000016   Code   RO         5879    i.USBD_Resume       usbd_core.o
    0x08005d5c   0x00000010   Code   RO         5880    i.USBD_SOF          usbd_core.o
    0x08005d6c   0x0000001a   Code   RO         5881    i.USBD_SetCfg       usbd_core.o
    0x08005d86   0x00000002   PAD
    0x08005d88   0x00000074   Code   RO         6030    i.USBD_SetConfig    usbd_req.o
    0x08005dfc   0x0000007c   Code   RO         6031    i.USBD_SetFeature   usbd_req.o
    0x08005e78   0x00000048   Code   RO         5882    i.USBD_SetupStage   usbd_core.o
    0x08005ec0   0x000000f0   Code   RO         6032    i.USBD_StdDevReq    usbd_req.o
    0x08005fb0   0x000000f0   Code   RO         6033    i.USBD_StdEPReq     usbd_req.o
    0x080060a0   0x00000036   Code   RO         6034    i.USBD_StdItfReq    usbd_req.o
    0x080060d6   0x0000001c   Code   RO         5883    i.USBD_Suspend      usbd_core.o
    0x080060f2   0x00000002   PAD
    0x080060f4   0x00000020   Code   RO         6420    i.USBD_USR_ConfigStrDescriptor  usbd_desc.o
    0x08006114   0x0000002c   Code   RO         6564    i.USBD_USR_DeviceConfigured  usbd_usr.o
    0x08006140   0x00000028   Code   RO         6565    i.USBD_USR_DeviceConnected  usbd_usr.o
    0x08006168   0x0000000c   Code   RO         6421    i.USBD_USR_DeviceDescriptor  usbd_desc.o
    0x08006174   0x0000002c   Code   RO         6566    i.USBD_USR_DeviceDisconnected  usbd_usr.o
    0x080061a0   0x00000080   Code   RO         6567    i.USBD_USR_DeviceReset  usbd_usr.o
    0x08006220   0x0000001c   Code   RO         6568    i.USBD_USR_DeviceResumed  usbd_usr.o
    0x0800623c   0x0000002c   Code   RO         6569    i.USBD_USR_DeviceSuspended  usbd_usr.o
    0x08006268   0x00000002   Code   RO         6570    i.USBD_USR_Init     usbd_usr.o
    0x0800626a   0x00000002   PAD
    0x0800626c   0x00000024   Code   RO         6422    i.USBD_USR_InterfaceStrDescriptor  usbd_desc.o
    0x08006290   0x0000000c   Code   RO         6423    i.USBD_USR_LangIDStrDescriptor  usbd_desc.o
    0x0800629c   0x00000028   Code   RO         6424    i.USBD_USR_ManufacturerStrDescriptor  usbd_desc.o
    0x080062c4   0x0000004c   Code   RO         6425    i.USBD_USR_ProductStrDescriptor  usbd_desc.o
    0x08006310   0x00000038   Code   RO         6426    i.USBD_USR_SerialStrDescriptor  usbd_desc.o
    0x08006348   0x00000016   Code   RO         6362    i.USB_OTG_BSP_EnableInterrupt  usb_bsp.o
    0x0800635e   0x00000002   PAD
    0x08006360   0x00000068   Code   RO         6363    i.USB_OTG_BSP_Init  usb_bsp.o
    0x080063c8   0x00000006   Code   RO         6364    i.USB_OTG_BSP_mDelay  usb_bsp.o
    0x080063ce   0x00000004   Code   RO         6365    i.USB_OTG_BSP_uDelay  usb_bsp.o
    0x080063d2   0x00000080   Code   RO         5484    i.USB_OTG_CoreInit  usb_core.o
    0x08006452   0x0000012c   Code   RO         5485    i.USB_OTG_CoreInitDev  usb_core.o
    0x0800657e   0x00000002   PAD
    0x08006580   0x00000058   Code   RO         5486    i.USB_OTG_CoreReset  usb_core.o
    0x080065d8   0x00000010   Code   RO         5487    i.USB_OTG_DisableGlobalInt  usb_core.o
    0x080065e8   0x00000036   Code   RO         5488    i.USB_OTG_EP0Activate  usb_core.o
    0x0800661e   0x000000b0   Code   RO         5489    i.USB_OTG_EP0StartXfer  usb_core.o
    0x080066ce   0x00000002   PAD
    0x080066d0   0x00000024   Code   RO         5490    i.USB_OTG_EP0_OutStart  usb_core.o
    0x080066f4   0x00000052   Code   RO         5491    i.USB_OTG_EPActivate  usb_core.o
    0x08006746   0x00000032   Code   RO         5492    i.USB_OTG_EPClearStall  usb_core.o
    0x08006778   0x00000034   Code   RO         5493    i.USB_OTG_EPDeactivate  usb_core.o
    0x080067ac   0x00000030   Code   RO         5494    i.USB_OTG_EPSetStall  usb_core.o
    0x080067dc   0x00000132   Code   RO         5495    i.USB_OTG_EPStartXfer  usb_core.o
    0x0800690e   0x00000002   PAD
    0x08006910   0x00000048   Code   RO         5496    i.USB_OTG_EnableDevInt  usb_core.o
    0x08006958   0x00000010   Code   RO         5497    i.USB_OTG_EnableGlobalInt  usb_core.o
    0x08006968   0x0000003c   Code   RO         5498    i.USB_OTG_FlushRxFifo  usb_core.o
    0x080069a4   0x00000044   Code   RO         5499    i.USB_OTG_FlushTxFifo  usb_core.o
    0x080069e8   0x0000001e   Code   RO         5500    i.USB_OTG_GetDeviceSpeed  usb_core.o
    0x08006a06   0x0000000c   Code   RO         5503    i.USB_OTG_InitDevSpeed  usb_core.o
    0x08006a12   0x00000012   Code   RO         5504    i.USB_OTG_IsDeviceMode  usb_core.o
    0x08006a24   0x0000000a   Code   RO         5506    i.USB_OTG_ReadCoreItr  usb_core.o
    0x08006a2e   0x0000000c   Code   RO         5507    i.USB_OTG_ReadDevAllInEPItr  usb_core.o
    0x08006a3a   0x0000000c   Code   RO         5508    i.USB_OTG_ReadDevAllOutEp_itr  usb_core.o
    0x08006a46   0x00000010   Code   RO         5509    i.USB_OTG_ReadDevOutEP_itr  usb_core.o
    0x08006a56   0x00000020   Code   RO         5511    i.USB_OTG_ReadPacket  usb_core.o
    0x08006a76   0x00000002   PAD
    0x08006a78   0x000000c0   Code   RO         5512    i.USB_OTG_SelectCore  usb_core.o
    0x08006b38   0x0000002a   Code   RO         5513    i.USB_OTG_SetCurrentMode  usb_core.o
    0x08006b62   0x00000028   Code   RO         5517    i.USB_OTG_WritePacket  usb_core.o
    0x08006b8a   0x00000002   Code   RO          345    i.UsageFault_Handler  stm32f4xx_it.o
    0x08006b8c   0x00000058   Code   RO         4861    i.W25QXX_Erase_Sector  w25qxx.o
    0x08006be4   0x0000007c   Code   RO         4862    i.W25QXX_Init       w25qxx.o
    0x08006c60   0x00000068   Code   RO         4864    i.W25QXX_Read       w25qxx.o
    0x08006cc8   0x00000044   Code   RO         4865    i.W25QXX_ReadID     w25qxx.o
    0x08006d0c   0x00000038   Code   RO         4866    i.W25QXX_ReadSR     w25qxx.o
    0x08006d44   0x0000000e   Code   RO         4868    i.W25QXX_Wait_Busy  w25qxx.o
    0x08006d52   0x00000002   PAD
    0x08006d54   0x0000009c   Code   RO         4869    i.W25QXX_Write      w25qxx.o
    0x08006df0   0x00000020   Code   RO         4871    i.W25QXX_Write_Enable  w25qxx.o
    0x08006e10   0x0000003e   Code   RO         4872    i.W25QXX_Write_NoCheck  w25qxx.o
    0x08006e4e   0x00000002   PAD
    0x08006e50   0x0000006c   Code   RO         4873    i.W25QXX_Write_Page  w25qxx.o
    0x08006ebc   0x00000002   Code   RO         4249    i._sys_exit         usart.o
    0x08006ebe   0x00000002   PAD
    0x08006ec0   0x00000014   Code   RO         4181    i.delay_init        delay.o
    0x08006ed4   0x0000001a   Code   RO         4182    i.delay_ms          delay.o
    0x08006eee   0x00000002   PAD
    0x08006ef0   0x00000034   Code   RO         4183    i.delay_us          delay.o
    0x08006f24   0x00000014   Code   RO         4250    i.fputc             usart.o
    0x08006f38   0x000001d0   Code   RO            4    i.main              main.o
    0x08007108   0x00000058   Code   RO         5400    i.my_mem_free       malloc.o
    0x08007160   0x0000002c   Code   RO         5401    i.my_mem_init       malloc.o
    0x0800718c   0x00000088   Code   RO         5402    i.my_mem_malloc     malloc.o
    0x08007214   0x0000003c   Code   RO         5403    i.my_mem_perused    malloc.o
    0x08007250   0x00000018   Code   RO         5404    i.myfree            malloc.o
    0x08007268   0x00000020   Code   RO         5405    i.mymalloc          malloc.o
    0x08007288   0x0000000c   Code   RO         5407    i.mymemset          malloc.o
    0x08007294   0x00000024   Code   RO         4251    i.uart_init         usart.o
    0x080072b8   0x0000000a   Code   RO         6842    x$fpl$fpinit        fz_wm.l(fpinit.o)
    0x080072c2   0x00000010   Data   RO         1105    .constdata          stm32f4xx_hal_rcc.o
    0x080072d2   0x00000002   PAD
    0x080072d4   0x00000024   Data   RO         5415    .constdata          malloc.o
    0x080072f8   0x00000007   Data   RO         6246    .constdata          usbd_msc_data.o
    0x080072ff   0x00000008   Data   RO         6247    .constdata          usbd_msc_data.o
    0x08007307   0x00000008   Data   RO         6248    .constdata          usbd_msc_data.o
    0x0800730f   0x0000006c   Data   RO         6501    .constdata          usbd_storage_msd.o
    0x0800737b   0x00000028   Data   RO         6653    .constdata          c_w.l(_printf_hex_int.o)
    0x080073a3   0x00000001   PAD
    0x080073a4   0x00000020   Data   RO         6896    Region$$Table       anon$$obj.o


    Execution Region RW_IRAM1 (Base: 0x20000000, Size: 0x0002cb80, Max: 0x00030000, ABSOLUTE, COMPRESSED[0x000000f4])

    Base Addr    Size         Type   Attr      Idx    E Section Name        Object

    0x20000000   0x00000014   Data   RW          417    .data               system_stm32f4xx.o
    0x20000014   0x00000004   Data   RW          575    .data               stm32f4xx_hal.o
    0x20000018   0x00000004   Data   RW         4184    .data               delay.o
    0x2000001c   0x00000002   Data   RW         4253    .data               usart.o
    0x2000001e   0x00000002   PAD
    0x20000020   0x00000004   Data   RW         4254    .data               usart.o
    0x20000024   0x00000002   Data   RW         4876    .data               w25qxx.o
    0x20000026   0x00000002   PAD
    0x20000028   0x00000004   Data   RW         4991    .data               ftl.o
    0x2000002c   0x00000024   Data   RW         5416    .data               malloc.o
    0x20000050   0x0000002c   Data   RW         5884    .data               usbd_core.o
    0x2000007c   0x00000004   Data   RW         5885    .data               usbd_core.o
    0x20000080   0x00000004   Data   RW         5886    .data               usbd_core.o
    0x20000084   0x00000010   Data   RW         6035    .data               usbd_req.o
    0x20000094   0x00000008   Data   RW         6108    .data               usbd_msc_bot.o
    0x2000009c   0x0000002c   Data   RW         6191    .data               usbd_msc_core.o
    0x200000c8   0x00000028   Data   RW         6192    .data               usbd_msc_core.o
    0x200000f0   0x00000018   Data   RW         6284    .data               usbd_msc_scsi.o
    0x20000108   0x0000001c   Data   RW         6428    .data               usbd_desc.o
    0x20000124   0x00000030   Data   RW         6429    .data               usbd_desc.o
    0x20000154   0x00000001   Data   RW         6502    .data               usbd_storage_msd.o
    0x20000155   0x00000003   PAD
    0x20000158   0x00000020   Data   RW         6503    .data               usbd_storage_msd.o
    0x20000178   0x00000004   Data   RW         6504    .data               usbd_storage_msd.o
    0x2000017c   0x00000001   Data   RW         6571    .data               usbd_usr.o
    0x2000017d   0x00000003   PAD
    0x20000180   0x0000001c   Data   RW         6572    .data               usbd_usr.o
    0x2000019c   0x000005f4   Zero   RW            5    .bss                main.o
    0x20000790   0x00000108   Zero   RW         4252    .bss                usart.o
    0x20000898   0x00000034   Zero   RW         4588    .bss                sdram.o
    0x200008cc   0x00000004   PAD
    0x200008d0   0x000002b8   Zero   RW         4761    .bss                sdio_sdcard.o
    0x20000b88   0x00000058   Zero   RW         4816    .bss                spi.o
    0x20000be0   0x00001000   Zero   RW         4875    .bss                w25qxx.o
    0x20001be0   0x00000094   Zero   RW         5100    .bss                nand.o
    0x20001c74   0x0000000c   PAD
    0x20001c80   0x00028000   Zero   RW         5413    .bss                malloc.o
    0x20029c80   0x00002800   Zero   RW         5414    .bss                malloc.o
    0x2002c480   0x00000030   Zero   RW         6107    .bss                usbd_msc_bot.o
    0x2002c4b0   0x0000002c   Zero   RW         6283    .bss                usbd_msc_scsi.o
    0x2002c4dc   0x00000040   Zero   RW         6427    .bss                usbd_desc.o
    0x2002c51c   0x00000060   Zero   RW         6774    .bss                c_w.l(libspace.o)
    0x2002c57c   0x00000004   PAD
    0x2002c580   0x00000200   Zero   RW          543    HEAP                startup_stm32f429xx.o
    0x2002c780   0x00000400   Zero   RW          542    STACK               startup_stm32f429xx.o



  Load Region LR$$.ARM.__AT_0x10000000 (Base: 0x10000000, Size: 0x00000000, Max: 0x0000f000, ABSOLUTE)

    Execution Region ER$$.ARM.__AT_0x10000000 (Base: 0x10000000, Size: 0x0000f000, Max: 0x0000f000, ABSOLUTE, UNINIT)

    Base Addr    Size         Type   Attr      Idx    E Section Name        Object

    0x10000000   0x0000f000   Zero   RW         5409    .ARM.__AT_0x10000000  malloc.o



  Load Region LR$$.ARM.__AT_0x1000F000 (Base: 0x1000f000, Size: 0x00000000, Max: 0x00000f00, ABSOLUTE)

    Execution Region ER$$.ARM.__AT_0x1000F000 (Base: 0x1000f000, Size: 0x00000f00, Max: 0x00000f00, ABSOLUTE, UNINIT)

    Base Addr    Size         Type   Attr      Idx    E Section Name        Object

    0x1000f000   0x00000f00   Zero   RW         5410    .ARM.__AT_0x1000F000  malloc.o



  Load Region LR$$.ARM.__AT_0xC0000000 (Base: 0xc0000000, Size: 0x00000000, Max: 0x001f4000, ABSOLUTE)

    Execution Region ER$$.ARM.__AT_0xC0000000 (Base: 0xc0000000, Size: 0x001f4000, Max: 0x001f4000, ABSOLUTE, UNINIT)

    Base Addr    Size         Type   Attr      Idx    E Section Name        Object

    0xc0000000   0x001f4000   Zero   RW         4657    .ARM.__AT_0xC0000000  ltdc.o



  Load Region LR$$.ARM.__AT_0xC01F4000 (Base: 0xc01f4000, Size: 0x00000000, Max: 0x01c3c000, ABSOLUTE)

    Execution Region ER$$.ARM.__AT_0xC01F4000 (Base: 0xc01f4000, Size: 0x01c3c000, Max: 0x01c3c000, ABSOLUTE, UNINIT)

    Base Addr    Size         Type   Attr      Idx    E Section Name        Object

    0xc01f4000   0x01c3c000   Zero   RW         5411    .ARM.__AT_0xC01F4000  malloc.o



  Load Region LR$$.ARM.__AT_0xC1E30000 (Base: 0xc1e30000, Size: 0x00000000, Max: 0x001c3c00, ABSOLUTE)

    Execution Region ER$$.ARM.__AT_0xC1E30000 (Base: 0xc1e30000, Size: 0x001c3c00, Max: 0x001c3c00, ABSOLUTE, UNINIT)

    Base Addr    Size         Type   Attr      Idx    E Section Name        Object

    0xc1e30000   0x001c3c00   Zero   RW         5412    .ARM.__AT_0xC1E30000  malloc.o


==============================================================================

Image component sizes


      Code (inc. data)   RO Data    RW Data    ZI Data      Debug   Object Name

        98          8          0          4          0       2171   delay.o
      1904        296          0          4          0      12451   ftl.o
         0          0          0          0    2048000       2150   ltdc.o
       464        180          0          0       1524     453313   main.o
       396         42         36         36   31695616       7201   malloc.o
       540         60          0          0          0       4499   myiic.o
      2652        280          0          0        148      19521   nand.o
       106          0          0          0          0       2482   pcf8574.o
       440         32          0          0        696       4459   sdio_sdcard.o
       448         46          0          0         52       3798   sdram.o
       248         28          0          0         88       3242   spi.o
        64         26        428          0       1536        884   startup_stm32f429xx.o
        84         12          0          4          0       3983   stm32f4xx_hal.o
       182          4          0          0          0      30570   stm32f4xx_hal_cortex.o
       476         54          0          0          0       2116   stm32f4xx_hal_gpio.o
        98          0          0          0          0       1376   stm32f4xx_hal_nand.o
       136         14          0          0          0       1432   stm32f4xx_hal_pwr_ex.o
      1572         72         16          0          0       6875   stm32f4xx_hal_rcc.o
      3732         20          0          0          0      22048   stm32f4xx_hal_sd.o
       146          0          0          0          0       2984   stm32f4xx_hal_sdram.o
       972          0          0          0          0       4029   stm32f4xx_hal_spi.o
      1332          8          0          0          0       9382   stm32f4xx_hal_uart.o
        20          0          0          0          0       4574   stm32f4xx_it.o
       460          6          0          0          0       6405   stm32f4xx_ll_fmc.o
       158          4          0          0          0       6741   stm32f4xx_ll_sdmmc.o
       148         10          0          0          0       1815   sys.o
        84         18          0         20          0       1229   system_stm32f4xx.o
       314         36          0          6        264       5259   usart.o
       136          8          0          0          0       3035   usb_bsp.o
      1968         30          0          0          0      23058   usb_core.o
       532          0          0          0          0       7447   usb_dcd.o
      1196         36          0          0          0       8535   usb_dcd_int.o
       608          4          0         52          0      10788   usbd_core.o
       318        130          0         76         64       7067   usbd_desc.o
       152          0          0          0          0       4902   usbd_ioreq.o
       596         84          0          8         48       9243   usbd_msc_bot.o
       290         14          0         84          0       5721   usbd_msc_core.o
         0          0         23          0          0        949   usbd_msc_data.o
      1592        180          0         24         44      14281   usbd_msc_scsi.o
      1124         44          0         16          0       9560   usbd_req.o
       358         30        108         37          0       6949   usbd_storage_msd.o
       342        260          0         29          0       4754   usbd_usr.o
       812         66          0          2       4096       8401   w25qxx.o

    ----------------------------------------------------------------------
     27360       2142        645        412   33752192     751679   Object Totals
         0          0         32          0          0          0   (incl. Generated)
        62          0          2         10         16          0   (incl. Padding)

    ----------------------------------------------------------------------

      Code (inc. data)   RO Data    RW Data    ZI Data      Debug   Library Member Name

        90          0          0          0          0          0   __dczerorl2.o
         8          0          0          0          0         68   __main.o
       104          0          0          0          0         84   __printf.o
         0          0          0          0          0          0   __rtentry.o
        12          0          0          0          0          0   __rtentry2.o
         6          0          0          0          0          0   __rtentry4.o
        52          8          0          0          0          0   __scatter.o
        28          0          0          0          0          0   __scatter_zi.o
        48          6          0          0          0         96   _printf_char_common.o
        36          4          0          0          0         80   _printf_char_file.o
         6          0          0          0          0          0   _printf_d.o
       120         16          0          0          0         92   _printf_dec.o
        88          4         40          0          0         88   _printf_hex_int.o
       178          0          0          0          0         88   _printf_intcommon.o
         0          0          0          0          0          0   _printf_percent.o
         4          0          0          0          0          0   _printf_percent_end.o
         6          0          0          0          0          0   _printf_x.o
        18          0          0          0          0         80   exit.o
         8          0          0          0          0         68   ferror.o
         6          0          0          0          0        152   heapauxi.o
         2          0          0          0          0          0   libinit.o
         6          0          0          0          0          0   libinit2.o
         2          0          0          0          0          0   libshutdown.o
         2          0          0          0          0          0   libshutdown2.o
         8          4          0          0         96         68   libspace.o
       238          0          0          0          0        100   lludivv7m.o
        24          4          0          0          0         84   noretval__2printf.o
        68          0          0          0          0         68   rt_memclr.o
        78          0          0          0          0         80   rt_memclr_w.o
       138          0          0          0          0         68   rt_memcpy_v6.o
       100          0          0          0          0         80   rt_memcpy_w.o
         2          0          0          0          0          0   rtexit.o
        10          0          0          0          0          0   rtexit2.o
        74          0          0          0          0         80   sys_stackheap_outer.o
         2          0          0          0          0         68   use_no_semi.o
         2          0          0          0          0         68   use_no_semi_2.o
        10          0          0          0          0        116   fpinit.o

    ----------------------------------------------------------------------
      1590         46         41          0        100       1776   Library Totals
         6          0          1          0          4          0   (incl. Padding)

    ----------------------------------------------------------------------

      Code (inc. data)   RO Data    RW Data    ZI Data      Debug   Library Name

      1574         46         40          0         96       1660   c_w.l
        10          0          0          0          0        116   fz_wm.l

    ----------------------------------------------------------------------
      1590         46         41          0        100       1776   Library Totals

    ----------------------------------------------------------------------

==============================================================================


      Code (inc. data)   RO Data    RW Data    ZI Data      Debug   

     28950       2188        686        412   33752292     725323   Grand Totals
     28950       2188        686        244   33752292     725323   ELF Image Totals (compressed)
     28950       2188        686        244          0          0   ROM Totals

==============================================================================

    Total RO  Size (Code + RO Data)                29636 (  28.94kB)
    Total RW  Size (RW Data + ZI Data)          33752704 (32961.63kB)
    Total ROM Size (Code + RO Data + RW Data)      29880 (  29.18kB)

==============================================================================

