<html>
<body>
<pre>
<h1>礦ision Build Log</h1>
<h2>Tool Versions:</h2>
IDE-Version: μVision V5.20.0.0
Copyright (C) 2016 ARM Ltd and ARM Germany GmbH. All rights reserved.
License Information: 1 1, 1, LIC=P6F56-DLD0S-JP5ZQ-N1W7L-5JIC9-4H6GA
 
Tool Versions:
Toolchain:       MDK-ARM Professional  Version: 5.20
Toolchain Path:  C:\Keil_v5\ARM\ARMCC\Bin
C Compiler:      Armcc.exe V5.06 update 2 (build 183)
Assembler:       Armasm.exe V5.06 update 2 (build 183)
Linker/Locator:  ArmLink.exe V5.06 update 2 (build 183)
Library Manager: ArmAr.exe V5.06 update 2 (build 183)
Hex Converter:   FromElf.exe V5.06 update 2 (build 183)
CPU DLL:         SARMCM3.DLL V5.20
Dialog DLL:      DCM.DLL V1.13.7.0
Target DLL:      STLink\ST-LINKIII-KEIL_SWO.dll V2.0.18.0
Dialog DLL:      TCM.DLL V1.14.9.0
 
<h2>Project:</h2>
D:\1_MYDocument\1_MyWork\1_MyDocument\3_STM32\阿波罗STM32F429开发板光盘资料\阿波罗STM32F429 资料盘(A盘)\4，程序源码\2，标准例程-HAL库版本\实验53 USB读卡器(Slave)实验\USER\USB_CardReader_SLAVE.uvprojx
Project File Date:  05/31/2018

<h2>Output:</h2>
*** Using Compiler 'V5.06 update 2 (build 183)', folder: 'C:\Keil_v5\ARM\ARMCC\Bin'
Rebuild target 'USB_CardReader_SLAVE'
assembling startup_stm32f429xx.s...
compiling system_stm32f4xx.c...
compiling stm32f4xx_hal.c...
compiling stm32f4xx_it.c...
compiling stm32f4xx_hal_pwr.c...
compiling stm32f4xx_hal_rcc_ex.c...
compiling stm32f4xx_hal_uart.c...
compiling stm32f4xx_hal_gpio.c...
compiling stm32f4xx_hal_cortex.c...
compiling stm32f4xx_hal_pwr_ex.c...
compiling stm32f4xx_hal_rcc.c...
compiling main.c...
compiling stm32f4xx_ll_fmc.c...
compiling stm32f4xx_hal_dma.c...
compiling stm32f4xx_hal_ltdc_ex.c...
compiling stm32f4xx_hal_dma_ex.c...
compiling stm32f4xx_hal_dma2d.c...
compiling stm32f4xx_hal_sram.c...
compiling stm32f4xx_hal_sdram.c...
compiling stm32f4xx_hal_ltdc.c...
compiling stm32f4xx_hal_usart.c...
compiling stm32f4xx_hal_tim_ex.c...
compiling stm32f4xx_hal_tim.c...
compiling led.c...
compiling sys.c...
compiling key.c...
compiling stm32f4xx_ll_sdmmc.c...
compiling usart.c...
compiling delay.c...
compiling stm32f4xx_hal_spi.c...
compiling stm32f4xx_hal_nand.c...
compiling sdram.c...
compiling stm32f4xx_hal_sd.c...
compiling lcd.c...
compiling sdio_sdcard.c...
compiling w25qxx.c...
compiling malloc.c...
compiling myiic.c...
compiling pcf8574.c...
compiling ftl.c...
compiling nandtester.c...
compiling spi.c...
compiling ltdc.c...
compiling nand.c...
compiling usb_core.c...
compiling usbd_msc_data.c...
compiling usbd_ioreq.c...
compiling usbd_desc.c...
compiling usbd_req.c...
compiling usbd_msc_core.c...
compiling usb_bsp.c...
compiling usb_dcd.c...
compiling usb_dcd_int.c...
compiling usbd_msc_bot.c...
compiling usbd_core.c...
compiling usbd_msc_scsi.c...
compiling usbd_storage_msd.c...
compiling usbd_usr.c...
linking...
Program Size: Code=45050 RO-data=18926 RW-data=428 ZI-data=33752596  
FromELF: creating hex file...
"..\OBJ\USB_CardReader_SLAVE.axf" - 0 Error(s), 0 Warning(s).

<h2>Collection of Component include folders:</h2>
  D:\1_MYDocument\1_MyWork\1_MyDocument\3_STM32\阿波罗STM32F429开发板光盘资料\阿波罗STM32F429 资料盘(A盘)\4，程序源码\2，标准例程-HAL库版本\实验53 USB读卡器(Slave)实验\USER\RTE
  D:\Keil_v5\ARM\PACK\Keil\STM32F4xx_DFP\2.9.0\Drivers\CMSIS\Device\ST\STM32F4xx\Include

<h2>Collection of Component Files used:</h2>
Build Time Elapsed:  00:00:16
</pre>
</body>
</html>
