<html>
<body>
<pre>
<h1>礦ision Build Log</h1>
<h2>Tool Versions:</h2>
IDE-Version: μVision V5.20.0.0
Copyright (C) 2016 ARM Ltd and ARM Germany GmbH. All rights reserved.
License Information: 1 1, 1, LIC=P6F56-DLD0S-JP5ZQ-N1W7L-5JIC9-4H6GA
 
Tool Versions:
Toolchain:       MDK-ARM Professional  Version: 5.20
Toolchain Path:  C:\Keil_v5\ARM\ARMCC\Bin
C Compiler:      Armcc.exe V5.06 update 2 (build 183)
Assembler:       Armasm.exe V5.06 update 2 (build 183)
Linker/Locator:  ArmLink.exe V5.06 update 2 (build 183)
Library Manager: ArmAr.exe V5.06 update 2 (build 183)
Hex Converter:   FromElf.exe V5.06 update 2 (build 183)
CPU DLL:         SARMCM3.DLL V5.20
Dialog DLL:      DARMSTM.DLL V1.66.0.0
Target DLL:      Segger\JL2CM3.dll V2.99.20.0
Dialog DLL:      TARMSTM.DLL V1.65.0.0
 
<h2>Project:</h2>
D:\1_MYDocument\1_MyWork\1_MyDocument\3_STM32\原子精英板\精英板 资料盘(A盘)\精英板 资料盘(A盘)\4，程序源码\2，标准例程-库函数版本\2，标准例程-库函数版本\实验44 USB读卡器实验\USER\USB_CARD_READER.uvprojx
Project File Date:  03/18/2015

<h2>Output:</h2>
*** Using Compiler 'V5.06 update 2 (build 183)', folder: 'C:\Keil_v5\ARM\ARMCC\Bin'
Rebuild target 'USB_CARD_READER'
compiling key.c...
compiling spi.c...
compiling led.c...
compiling stm32f10x_it.c...
compiling delay.c...
compiling system_stm32f10x.c...
compiling w25qxx.c...
compiling sys.c...
compiling main.c...
assembling startup_stm32f10x_hd.s...
compiling sdio_sdcard.c...
compiling lcd.c...
compiling core_cm3.c...
compiling misc.c...
compiling stm32f10x_gpio.c...
compiling stm32f10x_fsmc.c...
compiling usart.c...
compiling stm32f10x_spi.c...
compiling stm32f10x_rcc.c...
compiling stm32f10x_usart.c...
compiling stm32f10x_exti.c...
compiling stm32f10x_dma.c...
compiling stm32f10x_sdio.c...
compiling stm32f10x_tim.c...
compiling malloc.c...
compiling usb_init.c...
compiling usb_sil.c...
compiling usb_mem.c...
compiling usb_int.c...
compiling mass_mal.c...
compiling hw_config.c...
compiling memory.c...
compiling usb_core.c...
compiling usb_regs.c...
compiling scsi_data.c...
compiling usb_bot.c...
compiling usb_desc.c...
compiling usb_endp.c...
compiling usb_istr.c...
compiling usb_pwr.c...
compiling usb_prop.c...
compiling usb_scsi.c...
linking...
Program Size: Code=42400 RO-data=6628 RW-data=600 ZI-data=50348  
FromELF: creating hex file...
"..\OBJ\USB_CARD_READER.axf" - 0 Error(s), 0 Warning(s).

<h2>Collection of Component include folders:</h2>
  D:\1_MYDocument\1_MyWork\1_MyDocument\3_STM32\原子精英板\精英板 资料盘(A盘)\精英板 资料盘(A盘)\4，程序源码\2，标准例程-库函数版本\2，标准例程-库函数版本\实验44 USB读卡器实验\USER\RTE
  D:\Keil_v5\ARM\PACK\Keil\STM32F1xx_DFP\2.1.0\Device\Include

<h2>Collection of Component Files used:</h2>
Build Time Elapsed:  00:00:02
</pre>
</body>
</html>
