<html>
<body>
<pre>
<h1>µVision Build Log</h1>
<h2>Tool Versions:</h2>
IDE-Version: ¦ÌVision V5.20.0.0
Copyright (C) 2016 ARM Ltd and ARM Germany GmbH. All rights reserved.
License Information: 1 1, 1, LIC=P6F56-DLD0S-JP5ZQ-N1W7L-5JIC9-4H6GA
 
Tool Versions:
Toolchain:       MDK-ARM Professional  Version: 5.20
Toolchain Path:  C:\Keil_v5\ARM\ARMCC\Bin
C Compiler:      Armcc.exe V5.06 update 2 (build 183)
Assembler:       Armasm.exe V5.06 update 2 (build 183)
Linker/Locator:  ArmLink.exe V5.06 update 2 (build 183)
Library Manager: ArmAr.exe V5.06 update 2 (build 183)
Hex Converter:   FromElf.exe V5.06 update 2 (build 183)
CPU DLL:         SARMCM3.DLL V5.20
Dialog DLL:      DCM.DLL V1.13.7.0
Target DLL:      STLink\ST-LINKIII-KEIL_SWO.dll V2.0.18.0
Dialog DLL:      TCM.DLL V1.14.9.0
 
<h2>Project:</h2>
D:\1_MYDocument\4_github\USBCardReader\USB_lib\STSW-STM32121\en.stsw-stm32121\STM32_USB-FS-Device_Lib_V4.1.0\Projects\Mass_Storage\MDK-ARM\Project.uvprojx
Project File Date:  05/12/2017

<h2>Output:</h2>
*** Using Compiler 'V5.06 update 2 (build 183)', folder: 'C:\Keil_v5\ARM\ARMCC\Bin'
Build target 'STM32303xE_EVAL'
compiling usb_init.c...
compiling usb_mem.c...
compiling stm32_it.c...
compiling mass_mal.c...
compiling usb_sil.c...
compiling usb_desc.c...
compiling usb_endp.c...
compiling memory.c...
compiling usb_int.c...
compiling usb_regs.c...
compiling usb_core.c...
compiling stm32f30x_exti.c...
compiling stm32f30x_misc.c...
compiling stm32f30x_gpio.c...
compiling usb_istr.c...
compiling scsi_data.c...
compiling usb_pwr.c...
compiling hw_config.c...
compiling usb_scsi.c...
compiling main.c...
compiling usb_prop.c...
compiling usb_bot.c...
assembling startup_stm32f303xe.s...
compiling stm32f30x_dma.c...
compiling stm32303c_eval_spi_sd.c...
compiling stm32f30x_flash.c...
compiling stm32f30x_rcc.c...
compiling stm32f30x_i2c.c...
compiling stm32f30x_syscfg.c...
compiling system_stm32f30x.c...
compiling stm32f30x_adc.c...
compiling stm32f30x_usart.c...
compiling stm32f30x_pwr.c...
compiling stm32f30x_spi.c...
compiling stm32303c_eval.c...
linking...
Program Size: Code=9852 RO-data=700 RW-data=536 ZI-data=1712  
"STM32303xE_EVAL\STM32303xE_EVAL.axf" - 0 Error(s), 0 Warning(s).

<h2>Software Packages used:</h2>

Package Vendor: ARM
                http://www.keil.com/pack/ARM.CMSIS.5.0.0-Beta4.pack
                ARM::CMSIS:CORE:5.0.0
                CMSIS (Cortex Microcontroller Software Interface Standard)
   * Component: CORE Version: 5.0.0

<h2>Collection of Component include folders:</h2>
  D:\1_MYDocument\4_github\USBCardReader\USB_lib\STSW-STM32121\en.stsw-stm32121\STM32_USB-FS-Device_Lib_V4.1.0\Projects\Mass_Storage\MDK-ARM\RTE
  D:\Keil_v5\ARM\PACK\ARM\CMSIS\5.0.0-Beta4\CMSIS\Include
  D:\Keil_v5\ARM\PACK\Keil\STM32F3xx_DFP\1.3.0\Device\Include

<h2>Collection of Component Files used:</h2>

   * Component: ARM::CMSIS:CORE:5.0.0
Build Time Elapsed:  00:00:06
</pre>
</body>
</html>
