Component: ARM Compiler 5.06 update 2 (build 183) Tool: armlink [4d35b7]

==============================================================================

Section Cross References

    usb_sil.o(i.USB_SIL_Init) refers to usb_init.o(.data) for wInterrupt_Mask
    usb_sil.o(i.USB_SIL_Read) refers to usb_regs.o(i.GetEPRxCount) for GetEPRxCount
    usb_sil.o(i.USB_SIL_Read) refers to usb_regs.o(i.GetEPRxAddr) for GetEPRxAddr
    usb_sil.o(i.USB_SIL_Read) refers to usb_mem.o(i.PMAToUserBufferCopy) for PMAToUserBufferCopy
    usb_sil.o(i.USB_SIL_Write) refers to usb_regs.o(i.GetEPTxAddr) for GetEPTxAddr
    usb_sil.o(i.USB_SIL_Write) refers to usb_mem.o(i.UserToPMABufferCopy) for UserToPMABufferCopy
    usb_sil.o(i.USB_SIL_Write) refers to usb_regs.o(i.SetEPTxCount) for SetEPTxCount
    usb_regs.o(i.SetDouBleBuffEPStall) refers to usb_regs.o(i.GetENDPOINT) for GetENDPOINT
    usb_int.o(i.CTR_HP) refers to usb_init.o(.data) for EPindex
    usb_int.o(i.CTR_HP) refers to usb_istr.o(.data) for wIstr
    usb_int.o(i.CTR_HP) refers to usb_istr.o(.data) for pEpInt_OUT
    usb_int.o(i.CTR_HP) refers to usb_istr.o(.data) for pEpInt_IN
    usb_int.o(i.CTR_LP) refers to usb_core.o(i.In0_Process) for In0_Process
    usb_int.o(i.CTR_LP) refers to usb_core.o(i.Setup0_Process) for Setup0_Process
    usb_int.o(i.CTR_LP) refers to usb_core.o(i.Out0_Process) for Out0_Process
    usb_int.o(i.CTR_LP) refers to usb_int.o(.data) for .data
    usb_int.o(i.CTR_LP) refers to usb_istr.o(.data) for wIstr
    usb_int.o(i.CTR_LP) refers to usb_init.o(.data) for EPindex
    usb_int.o(i.CTR_LP) refers to usb_istr.o(.data) for pEpInt_OUT
    usb_int.o(i.CTR_LP) refers to usb_istr.o(.data) for pEpInt_IN
    usb_core.o(i.DataStageIn) refers to usb_regs.o(i.GetEPTxAddr) for GetEPTxAddr
    usb_core.o(i.DataStageIn) refers to usb_mem.o(i.UserToPMABufferCopy) for UserToPMABufferCopy
    usb_core.o(i.DataStageIn) refers to usb_regs.o(i.SetEPTxCount) for SetEPTxCount
    usb_core.o(i.DataStageIn) refers to usb_init.o(.data) for pInformation
    usb_core.o(i.DataStageIn) refers to usb_int.o(.data) for SaveTState
    usb_core.o(i.DataStageIn) refers to usb_core.o(.data) for .data
    usb_core.o(i.DataStageOut) refers to usb_regs.o(i.GetEPRxAddr) for GetEPRxAddr
    usb_core.o(i.DataStageOut) refers to usb_mem.o(i.PMAToUserBufferCopy) for PMAToUserBufferCopy
    usb_core.o(i.DataStageOut) refers to usb_regs.o(i.SetEPTxCount) for SetEPTxCount
    usb_core.o(i.DataStageOut) refers to usb_init.o(.data) for pInformation
    usb_core.o(i.DataStageOut) refers to usb_int.o(.data) for SaveRState
    usb_core.o(i.Data_Setup0) refers to usb_core.o(i.DataStageIn) for DataStageIn
    usb_core.o(i.Data_Setup0) refers to usb_init.o(.data) for pInformation
    usb_core.o(i.Data_Setup0) refers to usb_core.o(i.Standard_GetStatus) for Standard_GetStatus
    usb_core.o(i.Data_Setup0) refers to usb_prop.o(.data) for Device_Table
    usb_core.o(i.Data_Setup0) refers to usb_core.o(i.Standard_GetConfiguration) for Standard_GetConfiguration
    usb_core.o(i.Data_Setup0) refers to usb_core.o(i.Standard_GetInterface) for Standard_GetInterface
    usb_core.o(i.Data_Setup0) refers to usb_core.o(.data) for .data
    usb_core.o(i.Data_Setup0) refers to usb_int.o(.data) for SaveRState
    usb_core.o(i.In0_Process) refers to usb_core.o(i.DataStageIn) for DataStageIn
    usb_core.o(i.In0_Process) refers to usb_core.o(i.SetDeviceAddress) for SetDeviceAddress
    usb_core.o(i.In0_Process) refers to usb_core.o(i.Post0_Process) for Post0_Process
    usb_core.o(i.In0_Process) refers to usb_init.o(.data) for pInformation
    usb_core.o(i.NoData_Setup0) refers to usb_core.o(i.Standard_SetConfiguration) for Standard_SetConfiguration
    usb_core.o(i.NoData_Setup0) refers to usb_core.o(i.Standard_SetDeviceFeature) for Standard_SetDeviceFeature
    usb_core.o(i.NoData_Setup0) refers to usb_core.o(i.Standard_SetInterface) for Standard_SetInterface
    usb_core.o(i.NoData_Setup0) refers to usb_core.o(i.Standard_ClearFeature) for Standard_ClearFeature
    usb_core.o(i.NoData_Setup0) refers to usb_core.o(i.Standard_SetEndPointFeature) for Standard_SetEndPointFeature
    usb_core.o(i.NoData_Setup0) refers to usb_init.o(.data) for pInformation
    usb_core.o(i.NoData_Setup0) refers to usb_core.o(.data) for .data
    usb_core.o(i.NoData_Setup0) refers to usb_int.o(.data) for SaveTState
    usb_core.o(i.Out0_Process) refers to usb_core.o(i.DataStageOut) for DataStageOut
    usb_core.o(i.Out0_Process) refers to usb_core.o(i.Post0_Process) for Post0_Process
    usb_core.o(i.Out0_Process) refers to usb_init.o(.data) for pInformation
    usb_core.o(i.Post0_Process) refers to usb_regs.o(i.SetEPRxCount) for SetEPRxCount
    usb_core.o(i.Post0_Process) refers to usb_prop.o(.data) for Device_Property
    usb_core.o(i.Post0_Process) refers to usb_init.o(.data) for pInformation
    usb_core.o(i.Post0_Process) refers to usb_int.o(.data) for SaveRState
[...]
    Removing stm32f30x_usart.o(i.USART_MuteModeCmd), (20 bytes).
    Removing stm32f30x_usart.o(i.USART_MuteModeWakeUpConfig), (16 bytes).
    Removing stm32f30x_usart.o(i.USART_OneBitMethodCmd), (20 bytes).
    Removing stm32f30x_usart.o(i.USART_OverSampling8Cmd), (20 bytes).
    Removing stm32f30x_usart.o(i.USART_OverrunDetectionConfig), (16 bytes).
    Removing stm32f30x_usart.o(i.USART_ReceiveData), (8 bytes).
    Removing stm32f30x_usart.o(i.USART_ReceiverTimeOutCmd), (20 bytes).
    Removing stm32f30x_usart.o(i.USART_RequestCmd), (16 bytes).
    Removing stm32f30x_usart.o(i.USART_STOPModeCmd), (20 bytes).
    Removing stm32f30x_usart.o(i.USART_SWAPPinCmd), (20 bytes).
    Removing stm32f30x_usart.o(i.USART_SendData), (8 bytes).
    Removing stm32f30x_usart.o(i.USART_SetAddress), (18 bytes).
    Removing stm32f30x_usart.o(i.USART_SetAutoRetryCount), (18 bytes).
    Removing stm32f30x_usart.o(i.USART_SetBlockLength), (18 bytes).
    Removing stm32f30x_usart.o(i.USART_SetDEAssertionTime), (18 bytes).
    Removing stm32f30x_usart.o(i.USART_SetDEDeassertionTime), (18 bytes).
    Removing stm32f30x_usart.o(i.USART_SetGuardTime), (16 bytes).
    Removing stm32f30x_usart.o(i.USART_SetPrescaler), (16 bytes).
    Removing stm32f30x_usart.o(i.USART_SetReceiverTimeOut), (16 bytes).
    Removing stm32f30x_usart.o(i.USART_SmartCardCmd), (20 bytes).
    Removing stm32f30x_usart.o(i.USART_SmartCardNACKCmd), (20 bytes).
    Removing stm32f30x_usart.o(i.USART_StopModeWakeUpSourceConfig), (16 bytes).
    Removing stm32f30x_usart.o(i.USART_StructInit), (22 bytes).
    Removing system_stm32f30x.o(.rev16_text), (4 bytes).
    Removing system_stm32f30x.o(.revsh_text), (4 bytes).
    Removing system_stm32f30x.o(.rrx_text), (6 bytes).
    Removing system_stm32f30x.o(i.SystemCoreClockUpdate), (108 bytes).
    Removing system_stm32f30x.o(.data), (20 bytes).
    Removing startup_stm32f303xe.o(HEAP), (512 bytes).
    Removing stm32303c_eval_spi_sd.o(.rev16_text), (4 bytes).
    Removing stm32303c_eval_spi_sd.o(.revsh_text), (4 bytes).
    Removing stm32303c_eval_spi_sd.o(.rrx_text), (6 bytes).
    Removing stm32303c_eval_spi_sd.o(i.SD_DeInit), (4 bytes).
    Removing stm32303c_eval_spi_sd.o(i.SD_Detect), (36 bytes).
    Removing stm32303c_eval_spi_sd.o(i.SD_GetCIDRegister), (268 bytes).
    Removing stm32303c_eval_spi_sd.o(i.SD_GetCardInfo), (44 bytes).
    Removing stm32303c_eval_spi_sd.o(i.SD_GetStatus), (64 bytes).
    Removing stm32303c_eval_spi_sd.o(i.SD_ReadBlock), (108 bytes).
    Removing stm32303c_eval_spi_sd.o(i.SD_WriteBlock), (120 bytes).
    Removing stm32303c_eval.o(.rev16_text), (4 bytes).
    Removing stm32303c_eval.o(.revsh_text), (4 bytes).
    Removing stm32303c_eval.o(.rrx_text), (6 bytes).
    Removing stm32303c_eval.o(i.SD_LowLevel_DeInit), (120 bytes).
    Removing stm32303c_eval.o(i.STM_EVAL_COMInit), (188 bytes).
    Removing stm32303c_eval.o(i.STM_EVAL_LEDToggle), (28 bytes).
    Removing stm32303c_eval.o(i.STM_EVAL_PBGetState), (36 bytes).
    Removing stm32303c_eval.o(i.STM_EVAL_PBInit), (168 bytes).
    Removing stm32303c_eval.o(i.TS751_LowLevel_DeInit), (92 bytes).
    Removing stm32303c_eval.o(i.TS751_LowLevel_Init), (136 bytes).
    Removing stm32303c_eval.o(i.sEE_I2C_LowLevel_DeInit), (76 bytes).
    Removing stm32303c_eval.o(i.sEE_I2C_LowLevel_Init), (108 bytes).
    Removing stm32303c_eval.o(i.sEE_SPI_LowLevel_DeInit), (104 bytes).
    Removing stm32303c_eval.o(i.sEE_SPI_LowLevel_Init), (256 bytes).

474 unused section(s) (total 14225 bytes) removed from the image.

==============================================================================

Image Symbol Table

    Local Symbols

    Symbol Name                              Value     Ov Type        Size  Object(Section)

    ../../../Libraries/STM32F30x_StdPeriph_Driver/src/stm32f30x_adc.c 0x00000000   Number         0  stm32f30x_adc.o ABSOLUTE
    ../../../Libraries/STM32F30x_StdPeriph_Driver/src/stm32f30x_dma.c 0x00000000   Number         0  stm32f30x_dma.o ABSOLUTE
    ../../../Libraries/STM32F30x_StdPeriph_Driver/src/stm32f30x_exti.c 0x00000000   Number         0  stm32f30x_exti.o ABSOLUTE
    ../../../Libraries/STM32F30x_StdPeriph_Driver/src/stm32f30x_flash.c 0x00000000   Number         0  stm32f30x_flash.o ABSOLUTE
    ../../../Libraries/STM32F30x_StdPeriph_Driver/src/stm32f30x_gpio.c 0x00000000   Number         0  stm32f30x_gpio.o ABSOLUTE
    ../../../Libraries/STM32F30x_StdPeriph_Driver/src/stm32f30x_misc.c 0x00000000   Number         0  stm32f30x_misc.o ABSOLUTE
    ../../../Libraries/STM32F30x_StdPeriph_Driver/src/stm32f30x_pwr.c 0x00000000   Number         0  stm32f30x_pwr.o ABSOLUTE
    ../../../Libraries/STM32F30x_StdPeriph_Driver/src/stm32f30x_rcc.c 0x00000000   Number         0  stm32f30x_rcc.o ABSOLUTE
    ../../../Libraries/STM32F30x_StdPeriph_Driver/src/stm32f30x_spi.c 0x00000000   Number         0  stm32f30x_spi.o ABSOLUTE
    ../../../Libraries/STM32F30x_StdPeriph_Driver/src/stm32f30x_syscfg.c 0x00000000   Number         0  stm32f30x_syscfg.o ABSOLUTE
    ../../../Libraries/STM32_USB-FS-Device_Driver/src/usb_core.c 0x00000000   Number         0  usb_core.o ABSOLUTE
    ../../../Libraries/STM32_USB-FS-Device_Driver/src/usb_init.c 0x00000000   Number         0  usb_init.o ABSOLUTE
    ../../../Libraries/STM32_USB-FS-Device_Driver/src/usb_int.c 0x00000000   Number         0  usb_int.o ABSOLUTE
    ../../../Libraries/STM32_USB-FS-Device_Driver/src/usb_mem.c 0x00000000   Number         0  usb_mem.o ABSOLUTE
    ../../../Libraries/STM32_USB-FS-Device_Driver/src/usb_regs.c 0x00000000   Number         0  usb_regs.o ABSOLUTE
    ../../../Libraries/STM32_USB-FS-Device_Driver/src/usb_sil.c 0x00000000   Number         0  usb_sil.o ABSOLUTE
    ../../../Utilities/STM32_EVAL/STM32303C_EVAL/stm32303c_eval.c 0x00000000   Number         0  stm32303c_eval.o ABSOLUTE
    ../../../Utilities/STM32_EVAL/STM32303C_EVAL/stm32303c_eval_spi_sd.c 0x00000000   Number         0  stm32303c_eval_spi_sd.o ABSOLUTE
    ../clib/../cmprslib/zerorunl2.c          0x00000000   Number         0  __dczerorl2.o ABSOLUTE
    ../clib/microlib/init/entry.s            0x00000000   Number         0  entry8b.o ABSOLUTE
    ../clib/microlib/init/entry.s            0x00000000   Number         0  entry8a.o ABSOLUTE
    ../clib/microlib/init/entry.s            0x00000000   Number         0  entry7b.o ABSOLUTE
    ../clib/microlib/init/entry.s            0x00000000   Number         0  entry7a.o ABSOLUTE
    ../clib/microlib/init/entry.s            0x00000000   Number         0  entry5.o ABSOLUTE
    ../clib/microlib/init/entry.s            0x00000000   Number         0  entry11b.o ABSOLUTE
    ../clib/microlib/init/entry.s            0x00000000   Number         0  entry.o ABSOLUTE
    ../clib/microlib/init/entry.s            0x00000000   Number         0  entry11a.o ABSOLUTE
    ../clib/microlib/init/entry.s            0x00000000   Number         0  entry10b.o ABSOLUTE
    ../clib/microlib/init/entry.s            0x00000000   Number         0  entry10a.o ABSOLUTE
    ../clib/microlib/init/entry.s            0x00000000   Number         0  entry9b.o ABSOLUTE
    ../clib/microlib/init/entry.s            0x00000000   Number         0  entry9a.o ABSOLUTE
    ../clib/microlib/init/entry.s            0x00000000   Number         0  entry2.o ABSOLUTE
    ../src/hw_config.c                       0x00000000   Number         0  hw_config.o ABSOLUTE
    ../src/main.c                            0x00000000   Number         0  main.o ABSOLUTE
    ../src/mass_mal.c                        0x00000000   Number         0  mass_mal.o ABSOLUTE
    ../src/memory.c                          0x00000000   Number         0  memory.o ABSOLUTE
    ../src/scsi_data.c                       0x00000000   Number         0  scsi_data.o ABSOLUTE
    ../src/stm32_it.c                        0x00000000   Number         0  stm32_it.o ABSOLUTE
    ../src/system_stm32f30x.c                0x00000000   Number         0  system_stm32f30x.o ABSOLUTE
    ../src/usb_bot.c                         0x00000000   Number         0  usb_bot.o ABSOLUTE
    ../src/usb_desc.c                        0x00000000   Number         0  usb_desc.o ABSOLUTE
    ../src/usb_endp.c                        0x00000000   Number         0  usb_endp.o ABSOLUTE
    ../src/usb_istr.c                        0x00000000   Number         0  usb_istr.o ABSOLUTE
    ../src/usb_prop.c                        0x00000000   Number         0  usb_prop.o ABSOLUTE
    ../src/usb_pwr.c                         0x00000000   Number         0  usb_pwr.o ABSOLUTE
    ../src/usb_scsi.c                        0x00000000   Number         0  usb_scsi.o ABSOLUTE
    ..\..\..\Libraries\STM32F30x_StdPeriph_Driver\src\stm32f30x_adc.c 0x00000000   Number         0  stm32f30x_adc.o ABSOLUTE
    ..\..\..\Libraries\STM32F30x_StdPeriph_Driver\src\stm32f30x_dma.c 0x00000000   Number         0  stm32f30x_dma.o ABSOLUTE
    ..\..\..\Libraries\STM32F30x_StdPeriph_Driver\src\stm32f30x_exti.c 0x00000000   Number         0  stm32f30x_exti.o ABSOLUTE
    ..\..\..\Libraries\STM32F30x_StdPeriph_Driver\src\stm32f30x_flash.c 0x00000000   Number         0  stm32f30x_flash.o ABSOLUTE
    ..\..\..\Libraries\STM32F30x_StdPeriph_Driver\src\stm32f30x_gpio.c 0x00000000   Number         0  stm32f30x_gpio.o ABSOLUTE
    ..\..\..\Libraries\STM32F30x_StdPeriph_Driver\src\stm32f30x_i2c.c 0x00000000   Number         0  stm32f30x_i2c.o ABSOLUTE
    ..\..\..\Libraries\STM32F30x_StdPeriph_Driver\src\stm32f30x_misc.c 0x00000000   Number         0  stm32f30x_misc.o ABSOLUTE
    ..\..\..\Libraries\STM32F30x_StdPeriph_Driver\src\stm32f30x_pwr.c 0x00000000   Number         0  stm32f30x_pwr.o ABSOLUTE
    ..\..\..\Libraries\STM32F30x_StdPeriph_Driver\src\stm32f30x_rcc.c 0x00000000   Number         0  stm32f30x_rcc.o ABSOLUTE
    ..\..\..\Libraries\STM32F30x_StdPeriph_Driver\src\stm32f30x_spi.c 0x00000000   Number         0  stm32f30x_spi.o ABSOLUTE
    ..\..\..\Libraries\STM32F30x_StdPeriph_Driver\src\stm32f30x_syscfg.c 0x00000000   Number         0  stm32f30x_syscfg.o ABSOLUTE
    ..\..\..\Libraries\STM32F30x_StdPeriph_Driver\src\stm32f30x_usart.c 0x00000000   Number         0  stm32f30x_usart.o ABSOLUTE
    ..\..\..\Libraries\STM32_USB-FS-Device_Driver\src\usb_core.c 0x00000000   Number         0  usb_core.o ABSOLUTE
    ..\..\..\Libraries\STM32_USB-FS-Device_Driver\src\usb_init.c 0x00000000   Number         0  usb_init.o ABSOLUTE
    ..\..\..\Libraries\STM32_USB-FS-Device_Driver\src\usb_int.c 0x00000000   Number         0  usb_int.o ABSOLUTE
    ..\..\..\Libraries\STM32_USB-FS-Device_Driver\src\usb_mem.c 0x00000000   Number         0  usb_mem.o ABSOLUTE
    ..\..\..\Libraries\STM32_USB-FS-Device_Driver\src\usb_regs.c 0x00000000   Number         0  usb_regs.o ABSOLUTE
    ..\..\..\Libraries\STM32_USB-FS-Device_Driver\src\usb_sil.c 0x00000000   Number         0  usb_sil.o ABSOLUTE
    ..\..\..\Utilities\STM32_EVAL\STM32303C_EVAL\stm32303c_eval.c 0x00000000   Number         0  stm32303c_eval.o ABSOLUTE
    ..\..\..\Utilities\STM32_EVAL\STM32303C_EVAL\stm32303c_eval_spi_sd.c 0x00000000   Number         0  stm32303c_eval_spi_sd.o ABSOLUTE
    ..\\..\\..\\Libraries\\STM32F30x_StdPeriph_Driver\\src\\stm32f30x_i2c.c 0x00000000   Number         0  stm32f30x_i2c.o ABSOLUTE
    ..\\..\\..\\Libraries\\STM32F30x_StdPeriph_Driver\\src\\stm32f30x_usart.c 0x00000000   Number         0  stm32f30x_usart.o ABSOLUTE
    ..\src\hw_config.c                       0x00000000   Number         0  hw_config.o ABSOLUTE
    ..\src\main.c                            0x00000000   Number         0  main.o ABSOLUTE
    ..\src\mass_mal.c                        0x00000000   Number         0  mass_mal.o ABSOLUTE
    ..\src\memory.c                          0x00000000   Number         0  memory.o ABSOLUTE
    ..\src\scsi_data.c                       0x00000000   Number         0  scsi_data.o ABSOLUTE
    ..\src\stm32_it.c                        0x00000000   Number         0  stm32_it.o ABSOLUTE
    ..\src\system_stm32f30x.c                0x00000000   Number         0  system_stm32f30x.o ABSOLUTE
    ..\src\usb_bot.c                         0x00000000   Number         0  usb_bot.o ABSOLUTE
    ..\src\usb_desc.c                        0x00000000   Number         0  usb_desc.o ABSOLUTE
    ..\src\usb_endp.c                        0x00000000   Number         0  usb_endp.o ABSOLUTE
    ..\src\usb_istr.c                        0x00000000   Number         0  usb_istr.o ABSOLUTE
    ..\src\usb_prop.c                        0x00000000   Number         0  usb_prop.o ABSOLUTE
    ..\src\usb_pwr.c                         0x00000000   Number         0  usb_pwr.o ABSOLUTE
    ..\src\usb_scsi.c                        0x00000000   Number         0  usb_scsi.o ABSOLUTE
    dc.s                                     0x00000000   Number         0  dc.o ABSOLUTE
    handlers.s                               0x00000000   Number         0  handlers.o ABSOLUTE
    init.s                                   0x00000000   Number         0  init.o ABSOLUTE
    startup_stm32f303xe.s                    0x00000000   Number         0  startup_stm32f303xe.o ABSOLUTE
    RESET                                    0x08000000   Section      404  startup_stm32f303xe.o(RESET)
    .ARM.Collect$$$$00000000                 0x08000194   Section        0  entry.o(.ARM.Collect$$$$00000000)
    .ARM.Collect$$$$00000001                 0x08000194   Section        4  entry2.o(.ARM.Collect$$$$00000001)
    .ARM.Collect$$$$00000004                 0x08000198   Section        4  entry5.o(.ARM.Collect$$$$00000004)
    .ARM.Collect$$$$00000008                 0x0800019c   Section        0  entry7b.o(.ARM.Collect$$$$00000008)
    .ARM.Collect$$$$0000000A                 0x0800019c   Section        0  entry8b.o(.ARM.Collect$$$$0000000A)
    .ARM.Collect$$$$0000000B                 0x0800019c   Section        8  entry9a.o(.ARM.Collect$$$$0000000B)
    .ARM.Collect$$$$0000000D                 0x080001a4   Section        0  entry10a.o(.ARM.Collect$$$$0000000D)
    .ARM.Collect$$$$0000000F                 0x080001a4   Section        0  entry11a.o(.ARM.Collect$$$$0000000F)
    .ARM.Collect$$$$00002712                 0x080001a4   Section        4  entry2.o(.ARM.Collect$$$$00002712)
    __lit__00000000                          0x080001a4   Data           4  entry2.o(.ARM.Collect$$$$00002712)
    .text                                    0x080001a8   Section       36  startup_stm32f303xe.o(.text)
    $v0                                      0x080001a8   Number         0  startup_stm32f303xe.o(.text)
    SPI4_IRQHandler                          0x080001c3   Thumb Code     0  startup_stm32f303xe.o(.text)
    .text                                    0x080001cc   Section       36  init.o(.text)
    .text                                    0x080001f0   Section        0  __dczerorl2.o(.text)
    i.Bot_Abort                              0x08000246   Section        0  usb_bot.o(i.Bot_Abort)
    i.BusFault_Handler                       0x08000278   Section        0  stm32_it.o(i.BusFault_Handler)
    i.ByteSwap                               0x0800027a   Section        0  usb_regs.o(i.ByteSwap)
    i.CBW_Decode                             0x08000284   Section        0  usb_bot.o(i.CBW_Decode)
    i.CTR_HP                                 0x0800041c   Section        0  usb_int.o(i.CTR_HP)
    i.CTR_LP                                 0x0800049c   Section        0  usb_int.o(i.CTR_LP)
    i.ClearDTOG_RX                           0x080005f8   Section        0  usb_regs.o(i.ClearDTOG_RX)
    i.ClearDTOG_TX                           0x08000620   Section        0  usb_regs.o(i.ClearDTOG_TX)
    i.Clear_Status_Out                       0x08000648   Section        0  usb_regs.o(i.Clear_Status_Out)
    i.DataStageIn                            0x08000668   Section        0  usb_core.o(i.DataStageIn)
    DataStageIn                              0x08000669   Thumb Code   154  usb_core.o(i.DataStageIn)
    i.DataStageOut                           0x0800071c   Section        0  usb_core.o(i.DataStageOut)
    DataStageOut                             0x0800071d   Thumb Code   172  usb_core.o(i.DataStageOut)
    i.Data_Setup0                            0x080007e0   Section        0  usb_core.o(i.Data_Setup0)
    Data_Setup0                              0x080007e1   Thumb Code   376  usb_core.o(i.Data_Setup0)
    i.DebugMon_Handler                       0x0800097c   Section        0  stm32_it.o(i.DebugMon_Handler)
    i.EP1_IN_Callback                        0x0800097e   Section        0  usb_endp.o(i.EP1_IN_Callback)
    i.EP2_OUT_Callback                       0x08000982   Section        0  usb_endp.o(i.EP2_OUT_Callback)
    i.EXTI_ClearITPendingBit                 0x08000988   Section        0  stm32f30x_exti.o(i.EXTI_ClearITPendingBit)
    i.GPIO_Init                              0x080009a4   Section        0  stm32f30x_gpio.o(i.GPIO_Init)
    i.GPIO_PinAFConfig                       0x08000a18   Section        0  stm32f30x_gpio.o(i.GPIO_PinAFConfig)
    i.GPIO_ResetBits                         0x08000a38   Section        0  stm32f30x_gpio.o(i.GPIO_ResetBits)
    i.GPIO_SetBits                           0x08000a3c   Section        0  stm32f30x_gpio.o(i.GPIO_SetBits)
    i.GetEPRxAddr                            0x08000a40   Section        0  usb_regs.o(i.GetEPRxAddr)
    i.GetEPRxCount                           0x08000a5c   Section        0  usb_regs.o(i.GetEPRxCount)
    i.GetEPRxStatus                          0x08000a7c   Section        0  usb_regs.o(i.GetEPRxStatus)
    i.GetEPTxAddr                            0x08000a94   Section        0  usb_regs.o(i.GetEPTxAddr)
    i.Get_Max_Lun                            0x08000aac   Section        0  usb_prop.o(i.Get_Max_Lun)
    i.Get_SerialNum                          0x08000ac8   Section        0  hw_config.o(i.Get_SerialNum)
    i.HardFault_Handler                      0x08000afc   Section        0  stm32_it.o(i.HardFault_Handler)
    i.In0_Process                            0x08000b00   Section        0  usb_core.o(i.In0_Process)
    i.IntToUnicode                           0x08000b5c   Section        0  hw_config.o(i.IntToUnicode)
    IntToUnicode                             0x08000b5d   Thumb Code    56  hw_config.o(i.IntToUnicode)
    i.Led_Config                             0x08000b94   Section        0  hw_config.o(i.Led_Config)
    i.Led_RW_OFF                             0x08000bb2   Section        0  hw_config.o(i.Led_RW_OFF)
    i.Led_RW_ON                              0x08000bb8   Section        0  hw_config.o(i.Led_RW_ON)
    i.MAL_GetStatus                          0x08000bc0   Section        0  mass_mal.o(i.MAL_GetStatus)
    i.MAL_Init                               0x08000c1c   Section        0  mass_mal.o(i.MAL_Init)
    i.MAL_Read                               0x08000c38   Section        0  mass_mal.o(i.MAL_Read)
    i.MAL_Write                              0x08000c54   Section        0  mass_mal.o(i.MAL_Write)
    i.MASS_Data_Setup                        0x08000c78   Section        0  usb_prop.o(i.MASS_Data_Setup)
    i.MASS_GetConfigDescriptor               0x08000cb8   Section        0  usb_prop.o(i.MASS_GetConfigDescriptor)
    i.MASS_GetDeviceDescriptor               0x08000cc4   Section        0  usb_prop.o(i.MASS_GetDeviceDescriptor)
    i.MASS_GetStringDescriptor               0x08000cd0   Section        0  usb_prop.o(i.MASS_GetStringDescriptor)
    i.MASS_Get_Interface_Setting             0x08000cf0   Section        0  usb_prop.o(i.MASS_Get_Interface_Setting)
    i.MASS_NoData_Setup                      0x08000cfc   Section        0  usb_prop.o(i.MASS_NoData_Setup)
    i.MASS_Reset                             0x08000d4c   Section        0  usb_prop.o(i.MASS_Reset)
    i.MASS_Status_In                         0x08000e34   Section        0  usb_prop.o(i.MASS_Status_In)
    i.MASS_Status_Out                        0x08000e36   Section        0  usb_prop.o(i.MASS_Status_Out)
    i.MASS_init                              0x08000e38   Section        0  usb_prop.o(i.MASS_init)
    i.Mass_Storage_ClearFeature              0x08000e5c   Section        0  usb_prop.o(i.Mass_Storage_ClearFeature)
    i.Mass_Storage_In                        0x08000e78   Section        0  usb_bot.o(i.Mass_Storage_In)
    i.Mass_Storage_Out                       0x08000ee0   Section        0  usb_bot.o(i.Mass_Storage_Out)
    i.Mass_Storage_SetConfiguration          0x08000f40   Section        0  usb_prop.o(i.Mass_Storage_SetConfiguration)
    i.Mass_Storage_SetDeviceAddress          0x08000f74   Section        0  usb_prop.o(i.Mass_Storage_SetDeviceAddress)
    i.MemManage_Handler                      0x08000f80   Section        0  stm32_it.o(i.MemManage_Handler)
    i.NMI_Handler                            0x08000f82   Section        0  stm32_it.o(i.NMI_Handler)
    i.NOP_Process                            0x08000f84   Section        0  usb_core.o(i.NOP_Process)
    i.NVIC_Init                              0x08000f88   Section        0  stm32f30x_misc.o(i.NVIC_Init)
    i.NVIC_PriorityGroupConfig               0x08000fec   Section        0  stm32f30x_misc.o(i.NVIC_PriorityGroupConfig)
    i.NoData_Setup0                          0x08001000   Section        0  usb_core.o(i.NoData_Setup0)
    NoData_Setup0                            0x08001001   Thumb Code   194  usb_core.o(i.NoData_Setup0)
    i.Out0_Process                           0x080010dc   Section        0  usb_core.o(i.Out0_Process)
    i.PMAToUserBufferCopy                    0x08001124   Section        0  usb_mem.o(i.PMAToUserBufferCopy)
    i.PendSV_Handler                         0x08001144   Section        0  stm32_it.o(i.PendSV_Handler)
    i.Post0_Process                          0x08001148   Section        0  usb_core.o(i.Post0_Process)
    i.PowerOn                                0x0800118c   Section        0  usb_pwr.o(i.PowerOn)
    i.RCC_AHBPeriphClockCmd                  0x080011c0   Section        0  stm32f30x_rcc.o(i.RCC_AHBPeriphClockCmd)
    i.RCC_APB1PeriphClockCmd                 0x080011d8   Section        0  stm32f30x_rcc.o(i.RCC_APB1PeriphClockCmd)
    i.RCC_USBCLKConfig                       0x080011f0   Section        0  stm32f30x_rcc.o(i.RCC_USBCLKConfig)
    i.Read_Memory                            0x080011fc   Section        0  memory.o(i.Read_Memory)
    i.Resume                                 0x080012bc   Section        0  usb_pwr.o(i.Resume)
    i.Resume_Init                            0x0800134c   Section        0  usb_pwr.o(i.Resume_Init)
    i.SCSI_Address_Management                0x08001364   Section        0  usb_scsi.o(i.SCSI_Address_Management)
    i.SCSI_Format_Cmd                        0x080013d8   Section        0  usb_scsi.o(i.SCSI_Format_Cmd)
    i.SCSI_Inquiry_Cmd                       0x08001408   Section        0  usb_scsi.o(i.SCSI_Inquiry_Cmd)
    i.SCSI_Invalid_Cmd                       0x0800143c   Section        0  usb_scsi.o(i.SCSI_Invalid_Cmd)
    i.SCSI_ModeSense10_Cmd                   0x08001470   Section        0  usb_scsi.o(i.SCSI_ModeSense10_Cmd)
    i.SCSI_ModeSense6_Cmd                    0x0800147c   Section        0  usb_scsi.o(i.SCSI_ModeSense6_Cmd)
    i.SCSI_Read10_Cmd                        0x08001488   Section        0  usb_scsi.o(i.SCSI_Read10_Cmd)
    i.SCSI_ReadCapacity10_Cmd                0x080014f0   Section        0  usb_scsi.o(i.SCSI_ReadCapacity10_Cmd)
    i.SCSI_ReadFormatCapacity_Cmd            0x08001560   Section        0  usb_scsi.o(i.SCSI_ReadFormatCapacity_Cmd)
    i.SCSI_RequestSense_Cmd                  0x080015cc   Section        0  usb_scsi.o(i.SCSI_RequestSense_Cmd)
    i.SCSI_Start_Stop_Unit_Cmd               0x080015e4   Section        0  usb_scsi.o(i.SCSI_Start_Stop_Unit_Cmd)
    i.SCSI_TestUnitReady_Cmd                 0x080015ec   Section        0  usb_scsi.o(i.SCSI_TestUnitReady_Cmd)
    i.SCSI_Verify10_Cmd                      0x08001624   Section        0  usb_scsi.o(i.SCSI_Verify10_Cmd)
    i.SCSI_Write10_Cmd                       0x08001658   Section        0  usb_scsi.o(i.SCSI_Write10_Cmd)
    i.SD_GetCSDRegister                      0x080016bc   Section        0  stm32303c_eval_spi_sd.o(i.SD_GetCSDRegister)
    i.SD_GetDataResponse                     0x0800186c   Section        0  stm32303c_eval_spi_sd.o(i.SD_GetDataResponse)
    i.SD_GetResponse                         0x0800189e   Section        0  stm32303c_eval_spi_sd.o(i.SD_GetResponse)
    i.SD_GoIdleState                         0x080018c4   Section        0  stm32303c_eval_spi_sd.o(i.SD_GoIdleState)
    i.SD_Init                                0x0800192c   Section        0  stm32303c_eval_spi_sd.o(i.SD_Init)
    i.SD_LowLevel_Init                       0x08001958   Section        0  stm32303c_eval.o(i.SD_LowLevel_Init)
    i.SD_ReadByte                            0x08001a70   Section        0  stm32303c_eval_spi_sd.o(i.SD_ReadByte)
    i.SD_ReadMultiBlocks                     0x08001aa4   Section        0  stm32303c_eval_spi_sd.o(i.SD_ReadMultiBlocks)
    i.SD_SendCmd                             0x08001b2c   Section        0  stm32303c_eval_spi_sd.o(i.SD_SendCmd)
    i.SD_WriteByte                           0x08001b64   Section        0  stm32303c_eval_spi_sd.o(i.SD_WriteByte)
    i.SD_WriteMultiBlocks                    0x08001b98   Section        0  stm32303c_eval_spi_sd.o(i.SD_WriteMultiBlocks)
    i.SPI_Cmd                                0x08001c28   Section        0  stm32f30x_spi.o(i.SPI_Cmd)
    i.SPI_I2S_GetFlagStatus                  0x08001c3c   Section        0  stm32f30x_spi.o(i.SPI_I2S_GetFlagStatus)
    i.SPI_Init                               0x08001c4a   Section        0  stm32f30x_spi.o(i.SPI_Init)
    i.SPI_ReceiveData8                       0x08001cc4   Section        0  stm32f30x_spi.o(i.SPI_ReceiveData8)
    i.SPI_RxFIFOThresholdConfig              0x08001cc8   Section        0  stm32f30x_spi.o(i.SPI_RxFIFOThresholdConfig)
    i.SPI_SendData8                          0x08001cd8   Section        0  stm32f30x_spi.o(i.SPI_SendData8)
    i.STM_EVAL_LEDInit                       0x08001cdc   Section        0  stm32303c_eval.o(i.STM_EVAL_LEDInit)
    i.STM_EVAL_LEDOff                        0x08001d2c   Section        0  stm32303c_eval.o(i.STM_EVAL_LEDOff)
    i.STM_EVAL_LEDOn                         0x08001d44   Section        0  stm32303c_eval.o(i.STM_EVAL_LEDOn)
    i.SVC_Handler                            0x08001d5c   Section        0  stm32_it.o(i.SVC_Handler)
    i.SetBTABLE                              0x08001d60   Section        0  usb_regs.o(i.SetBTABLE)
    i.SetDeviceAddress                       0x08001d70   Section        0  usb_core.o(i.SetDeviceAddress)
    i.SetEPRxAddr                            0x08001db8   Section        0  usb_regs.o(i.SetEPRxAddr)
    i.SetEPRxCount                           0x08001dd8   Section        0  usb_regs.o(i.SetEPRxCount)
    i.SetEPRxStatus                          0x08001e1c   Section        0  usb_regs.o(i.SetEPRxStatus)
    i.SetEPRxValid                           0x08001e4c   Section        0  usb_regs.o(i.SetEPRxValid)
    i.SetEPTxAddr                            0x08001e70   Section        0  usb_regs.o(i.SetEPTxAddr)
    i.SetEPTxCount                           0x08001e8c   Section        0  usb_regs.o(i.SetEPTxCount)
    i.SetEPTxStatus                          0x08001ea8   Section        0  usb_regs.o(i.SetEPTxStatus)
    i.SetEPType                              0x08001ed8   Section        0  usb_regs.o(i.SetEPType)
    i.SetISTR                                0x08001ef4   Section        0  usb_regs.o(i.SetISTR)
    i.SetSysClock                            0x08001f00   Section        0  system_stm32f30x.o(i.SetSysClock)
    SetSysClock                              0x08001f01   Thumb Code   140  system_stm32f30x.o(i.SetSysClock)
    i.Set_CSW                                0x08001f94   Section        0  usb_bot.o(i.Set_CSW)
    i.Set_Scsi_Sense_Data                    0x08001fd0   Section        0  usb_scsi.o(i.Set_Scsi_Sense_Data)
    i.Set_System                             0x08001fdc   Section        0  hw_config.o(i.Set_System)
    i.Set_USBClock                           0x08002060   Section        0  hw_config.o(i.Set_USBClock)
    i.Setup0_Process                         0x08002074   Section        0  usb_core.o(i.Setup0_Process)
    i.Standard_ClearFeature                  0x080020d8   Section        0  usb_core.o(i.Standard_ClearFeature)
    i.Standard_GetConfiguration              0x080021d4   Section        0  usb_core.o(i.Standard_GetConfiguration)
    i.Standard_GetDescriptorData             0x080021fc   Section        0  usb_core.o(i.Standard_GetDescriptorData)
    i.Standard_GetInterface                  0x08002218   Section        0  usb_core.o(i.Standard_GetInterface)
    i.Standard_GetStatus                     0x08002240   Section        0  usb_core.o(i.Standard_GetStatus)
    i.Standard_SetConfiguration              0x080022d4   Section        0  usb_core.o(i.Standard_SetConfiguration)
    i.Standard_SetDeviceFeature              0x0800230c   Section        0  usb_core.o(i.Standard_SetDeviceFeature)
    i.Standard_SetEndPointFeature            0x08002330   Section        0  usb_core.o(i.Standard_SetEndPointFeature)
    i.Standard_SetInterface                  0x080023b8   Section        0  usb_core.o(i.Standard_SetInterface)
    i.Suspend                                0x08002400   Section        0  usb_pwr.o(i.Suspend)
    i.SysTick_Handler                        0x0800247c   Section        0  stm32_it.o(i.SysTick_Handler)
    i.SystemInit                             0x08002480   Section        0  system_stm32f30x.o(i.SystemInit)
    i.Transfer_Data_Request                  0x080024f0   Section        0  usb_bot.o(i.Transfer_Data_Request)
    i.USBWakeUp_IRQHandler                   0x08002524   Section        0  stm32_it.o(i.USBWakeUp_IRQHandler)
    i.USB_Cable_Config                       0x0800252a   Section        0  hw_config.o(i.USB_Cable_Config)
    i.USB_Configured_LED                     0x0800252c   Section        0  hw_config.o(i.USB_Configured_LED)
    i.USB_HP_CAN1_TX_IRQHandler              0x08002532   Section        0  stm32_it.o(i.USB_HP_CAN1_TX_IRQHandler)
    i.USB_Init                               0x08002538   Section        0  usb_init.o(i.USB_Init)
    i.USB_Interrupts_Config                  0x08002560   Section        0  hw_config.o(i.USB_Interrupts_Config)
    i.USB_Istr                               0x0800259c   Section        0  usb_istr.o(i.USB_Istr)
    i.USB_LP_CAN1_RX0_IRQHandler             0x08002658   Section        0  stm32_it.o(i.USB_LP_CAN1_RX0_IRQHandler)
    i.USB_NotConfigured_LED                  0x0800265c   Section        0  hw_config.o(i.USB_NotConfigured_LED)
    i.USB_SIL_Init                           0x08002664   Section        0  usb_sil.o(i.USB_SIL_Init)
    i.USB_SIL_Read                           0x08002684   Section        0  usb_sil.o(i.USB_SIL_Read)
    i.USB_SIL_Write                          0x080026a8   Section        0  usb_sil.o(i.USB_SIL_Write)
    i.UsageFault_Handler                     0x080026ce   Section        0  stm32_it.o(i.UsageFault_Handler)
    i.UserToPMABufferCopy                    0x080026d0   Section        0  usb_mem.o(i.UserToPMABufferCopy)
    i.Write_Memory                           0x080026f0   Section        0  memory.o(i.Write_Memory)
    i.__scatterload_copy                     0x080027c8   Section       14  handlers.o(i.__scatterload_copy)
    i.__scatterload_null                     0x080027d6   Section        2  handlers.o(i.__scatterload_null)
    i.__scatterload_zeroinit                 0x080027d8   Section       14  handlers.o(i.__scatterload_zeroinit)
    i.main                                   0x080027e8   Section        0  main.o(i.main)
    .constdata                               0x08002810   Section       18  usb_desc.o(.constdata)
    .constdata                               0x08002822   Section       32  usb_desc.o(.constdata)
    .constdata                               0x08002842   Section        4  usb_desc.o(.constdata)
    .constdata                               0x08002846   Section       38  usb_desc.o(.constdata)
    .constdata                               0x0800286c   Section       38  usb_desc.o(.constdata)
    .constdata                               0x08002892   Section       16  usb_desc.o(.constdata)
    .constdata                               0x080028a4   Section      116  stm32303c_eval.o(.constdata)
    .data                                    0x20000000   Section        4  usb_int.o(.data)
    .data                                    0x20000004   Section        8  usb_core.o(.data)
    .data                                    0x2000000c   Section        1  usb_init.o(.data)
    .data                                    0x20000010   Section       12  usb_init.o(.data)
    .data                                    0x2000001c   Section        2  usb_init.o(.data)
    .data                                    0x2000001e   Section       26  usb_desc.o(.data)
    .data                                    0x20000038   Section       28  mass_mal.o(.data)
    .data                                    0x20000054   Section       36  memory.o(.data)
    Offset                                   0x20000060   Data           4  memory.o(.data)
    Length                                   0x20000064   Data           4  memory.o(.data)
    W_Offset                                 0x20000068   Data           4  memory.o(.data)
    W_Length                                 0x2000006c   Data           4  memory.o(.data)
    .data                                    0x20000078   Section        4  usb_istr.o(.data)
    .data                                    0x2000007c   Section       28  usb_istr.o(.data)
    .data                                    0x20000098   Section       28  usb_istr.o(.data)
    .data                                    0x200000b4   Section       12  usb_bot.o(.data)
    .data                                    0x200000c0   Section        4  usb_pwr.o(.data)
    .data                                    0x200000c4   Section        1  usb_pwr.o(.data)
    .data                                    0x200000c8   Section        8  usb_pwr.o(.data)
    .data                                    0x200000d0   Section      108  usb_prop.o(.data)
    .data                                    0x2000013c   Section        2  usb_prop.o(.data)
    .data                                    0x20000140   Section       36  usb_prop.o(.data)
    .data                                    0x20000164   Section        5  scsi_data.o(.data)
    .data                                    0x20000169   Section       36  scsi_data.o(.data)
    .data                                    0x2000018d   Section       36  scsi_data.o(.data)
    .data                                    0x200001b1   Section        4  scsi_data.o(.data)
    .data                                    0x200001b5   Section        8  scsi_data.o(.data)
    .data                                    0x200001bd   Section       18  scsi_data.o(.data)
    .data                                    0x200001cf   Section        8  scsi_data.o(.data)
    .data                                    0x200001d7   Section       12  scsi_data.o(.data)
    .data                                    0x200001e4   Section       52  stm32303c_eval.o(.data)
    .bss                                     0x20000218   Section       28  usb_init.o(.bss)
    .bss                                     0x20000234   Section      512  memory.o(.bss)
    .bss                                     0x20000434   Section      112  usb_bot.o(.bss)
    .bss                                     0x200004a4   Section       32  usb_pwr.o(.bss)
    STACK                                    0x200004c8   Section     1024  startup_stm32f303xe.o(STACK)

    Global Symbols

    Symbol Name                              Value     Ov Type        Size  Object(Section)

    BuildAttributes$$THM_ISAv4$E$P$D$K$B$S$7EM$VFPi3$EXTD16$VFPS$VFMA$PE$A:L22UL41UL21$X:L11$S22US41US21$IEEE1$IW$USESV6$~STKCKD$USESV7$~SHL$OSPACE$EBA8$MICROLIB$REQ8$PRES8$EABIv2 0x00000000   Number         0  anon$$obj.o ABSOLUTE
    __ARM_use_no_argv                        0x00000000   Number         0  main.o ABSOLUTE
    __cpp_initialize__aeabi_                  - Undefined Weak Reference
    __cxa_finalize                            - Undefined Weak Reference
    _clock_init                               - Undefined Weak Reference
    _microlib_exit                            - Undefined Weak Reference
    __Vectors_Size                           0x00000194   Number         0  startup_stm32f303xe.o ABSOLUTE
    __Vectors                                0x08000000   Data           4  startup_stm32f303xe.o(RESET)
    __Vectors_End                            0x08000194   Data           0  startup_stm32f303xe.o(RESET)
    __main                                   0x08000195   Thumb Code     0  entry.o(.ARM.Collect$$$$00000000)
    _main_stk                                0x08000195   Thumb Code     0  entry2.o(.ARM.Collect$$$$00000001)
    _main_scatterload                        0x08000199   Thumb Code     0  entry5.o(.ARM.Collect$$$$00000004)
    __main_after_scatterload                 0x0800019d   Thumb Code     0  entry5.o(.ARM.Collect$$$$00000004)
    _main_clock                              0x0800019d   Thumb Code     0  entry7b.o(.ARM.Collect$$$$00000008)
    _main_cpp_init                           0x0800019d   Thumb Code     0  entry8b.o(.ARM.Collect$$$$0000000A)
    _main_init                               0x0800019d   Thumb Code     0  entry9a.o(.ARM.Collect$$$$0000000B)
    __rt_final_cpp                           0x080001a5   Thumb Code     0  entry10a.o(.ARM.Collect$$$$0000000D)
    __rt_final_exit                          0x080001a5   Thumb Code     0  entry11a.o(.ARM.Collect$$$$0000000F)
    Reset_Handler                            0x080001a9   Thumb Code     8  startup_stm32f303xe.o(.text)
    ADC1_2_IRQHandler                        0x080001c3   Thumb Code     0  startup_stm32f303xe.o(.text)
    ADC3_IRQHandler                          0x080001c3   Thumb Code     0  startup_stm32f303xe.o(.text)
    ADC4_IRQHandler                          0x080001c3   Thumb Code     0  startup_stm32f303xe.o(.text)
    CAN1_RX1_IRQHandler                      0x080001c3   Thumb Code     0  startup_stm32f303xe.o(.text)
    CAN1_SCE_IRQHandler                      0x080001c3   Thumb Code     0  startup_stm32f303xe.o(.text)
    COMP1_2_3_IRQHandler                     0x080001c3   Thumb Code     0  startup_stm32f303xe.o(.text)
    COMP4_5_6_IRQHandler                     0x080001c3   Thumb Code     0  startup_stm32f303xe.o(.text)
    COMP7_IRQHandler                         0x080001c3   Thumb Code     0  startup_stm32f303xe.o(.text)
    DMA1_Channel1_IRQHandler                 0x080001c3   Thumb Code     0  startup_stm32f303xe.o(.text)
    DMA1_Channel2_IRQHandler                 0x080001c3   Thumb Code     0  startup_stm32f303xe.o(.text)
    DMA1_Channel3_IRQHandler                 0x080001c3   Thumb Code     0  startup_stm32f303xe.o(.text)
    DMA1_Channel4_IRQHandler                 0x080001c3   Thumb Code     0  startup_stm32f303xe.o(.text)
    DMA1_Channel5_IRQHandler                 0x080001c3   Thumb Code     0  startup_stm32f303xe.o(.text)
    DMA1_Channel6_IRQHandler                 0x080001c3   Thumb Code     0  startup_stm32f303xe.o(.text)
    DMA1_Channel7_IRQHandler                 0x080001c3   Thumb Code     0  startup_stm32f303xe.o(.text)
    DMA2_Channel1_IRQHandler                 0x080001c3   Thumb Code     0  startup_stm32f303xe.o(.text)
    DMA2_Channel2_IRQHandler                 0x080001c3   Thumb Code     0  startup_stm32f303xe.o(.text)
    DMA2_Channel3_IRQHandler                 0x080001c3   Thumb Code     0  startup_stm32f303xe.o(.text)
    DMA2_Channel4_IRQHandler                 0x080001c3   Thumb Code     0  startup_stm32f303xe.o(.text)
    DMA2_Channel5_IRQHandler                 0x080001c3   Thumb Code     0  startup_stm32f303xe.o(.text)
    EXTI0_IRQHandler                         0x080001c3   Thumb Code     0  startup_stm32f303xe.o(.text)
    EXTI15_10_IRQHandler                     0x080001c3   Thumb Code     0  startup_stm32f303xe.o(.text)
    EXTI1_IRQHandler                         0x080001c3   Thumb Code     0  startup_stm32f303xe.o(.text)
    EXTI2_TS_IRQHandler                      0x080001c3   Thumb Code     0  startup_stm32f303xe.o(.text)
    EXTI3_IRQHandler                         0x080001c3   Thumb Code     0  startup_stm32f303xe.o(.text)
    EXTI4_IRQHandler                         0x080001c3   Thumb Code     0  startup_stm32f303xe.o(.text)
    EXTI9_5_IRQHandler                       0x080001c3   Thumb Code     0  startup_stm32f303xe.o(.text)
    FLASH_IRQHandler                         0x080001c3   Thumb Code     0  startup_stm32f303xe.o(.text)
    FMC_IRQHandler                           0x080001c3   Thumb Code     0  startup_stm32f303xe.o(.text)
    FPU_IRQHandler                           0x080001c3   Thumb Code     0  startup_stm32f303xe.o(.text)
    I2C1_ER_IRQHandler                       0x080001c3   Thumb Code     0  startup_stm32f303xe.o(.text)
    I2C1_EV_IRQHandler                       0x080001c3   Thumb Code     0  startup_stm32f303xe.o(.text)
    I2C2_ER_IRQHandler                       0x080001c3   Thumb Code     0  startup_stm32f303xe.o(.text)
    I2C2_EV_IRQHandler                       0x080001c3   Thumb Code     0  startup_stm32f303xe.o(.text)
    I2C3_ER_IRQHandler                       0x080001c3   Thumb Code     0  startup_stm32f303xe.o(.text)
    I2C3_EV_IRQHandler                       0x080001c3   Thumb Code     0  startup_stm32f303xe.o(.text)
    PVD_IRQHandler                           0x080001c3   Thumb Code     0  startup_stm32f303xe.o(.text)
    RCC_IRQHandler                           0x080001c3   Thumb Code     0  startup_stm32f303xe.o(.text)
    RTC_Alarm_IRQHandler                     0x080001c3   Thumb Code     0  startup_stm32f303xe.o(.text)
    RTC_WKUP_IRQHandler                      0x080001c3   Thumb Code     0  startup_stm32f303xe.o(.text)
    SPI1_IRQHandler                          0x080001c3   Thumb Code     0  startup_stm32f303xe.o(.text)
    SPI2_IRQHandler                          0x080001c3   Thumb Code     0  startup_stm32f303xe.o(.text)
    SPI3_IRQHandler                          0x080001c3   Thumb Code     0  startup_stm32f303xe.o(.text)
    TAMPER_STAMP_IRQHandler                  0x080001c3   Thumb Code     0  startup_stm32f303xe.o(.text)
    TIM1_BRK_TIM15_IRQHandler                0x080001c3   Thumb Code     0  startup_stm32f303xe.o(.text)
    TIM1_CC_IRQHandler                       0x080001c3   Thumb Code     0  startup_stm32f303xe.o(.text)
    TIM1_TRG_COM_TIM17_IRQHandler            0x080001c3   Thumb Code     0  startup_stm32f303xe.o(.text)
    TIM1_UP_TIM16_IRQHandler                 0x080001c3   Thumb Code     0  startup_stm32f303xe.o(.text)
    TIM20_BRK_IRQHandler                     0x080001c3   Thumb Code     0  startup_stm32f303xe.o(.text)
    TIM20_CC_IRQHandler                      0x080001c3   Thumb Code     0  startup_stm32f303xe.o(.text)
    TIM20_TRG_COM_IRQHandler                 0x080001c3   Thumb Code     0  startup_stm32f303xe.o(.text)
    TIM20_UP_IRQHandler                      0x080001c3   Thumb Code     0  startup_stm32f303xe.o(.text)
    TIM2_IRQHandler                          0x080001c3   Thumb Code     0  startup_stm32f303xe.o(.text)
    TIM3_IRQHandler                          0x080001c3   Thumb Code     0  startup_stm32f303xe.o(.text)
    TIM4_IRQHandler                          0x080001c3   Thumb Code     0  startup_stm32f303xe.o(.text)
    TIM6_DAC_IRQHandler                      0x080001c3   Thumb Code     0  startup_stm32f303xe.o(.text)
    TIM7_IRQHandler                          0x080001c3   Thumb Code     0  startup_stm32f303xe.o(.text)
    TIM8_BRK_IRQHandler                      0x080001c3   Thumb Code     0  startup_stm32f303xe.o(.text)
    TIM8_CC_IRQHandler                       0x080001c3   Thumb Code     0  startup_stm32f303xe.o(.text)
    TIM8_TRG_COM_IRQHandler                  0x080001c3   Thumb Code     0  startup_stm32f303xe.o(.text)
    TIM8_UP_IRQHandler                       0x080001c3   Thumb Code     0  startup_stm32f303xe.o(.text)
    UART4_IRQHandler                         0x080001c3   Thumb Code     0  startup_stm32f303xe.o(.text)
    UART5_IRQHandler                         0x080001c3   Thumb Code     0  startup_stm32f303xe.o(.text)
    USART1_IRQHandler                        0x080001c3   Thumb Code     0  startup_stm32f303xe.o(.text)
    USART2_IRQHandler                        0x080001c3   Thumb Code     0  startup_stm32f303xe.o(.text)
    USART3_IRQHandler                        0x080001c3   Thumb Code     0  startup_stm32f303xe.o(.text)
    USBWakeUp_RMP_IRQHandler                 0x080001c3   Thumb Code     0  startup_stm32f303xe.o(.text)
    USB_HP_IRQHandler                        0x080001c3   Thumb Code     0  startup_stm32f303xe.o(.text)
    USB_LP_IRQHandler                        0x080001c3   Thumb Code     0  startup_stm32f303xe.o(.text)
    WWDG_IRQHandler                          0x080001c3   Thumb Code     0  startup_stm32f303xe.o(.text)
    __scatterload                            0x080001cd   Thumb Code    28  init.o(.text)
    __scatterload_rt2                        0x080001cd   Thumb Code     0  init.o(.text)
    __decompress                             0x080001f1   Thumb Code     0  __dczerorl2.o(.text)
    __decompress1                            0x080001f1   Thumb Code    86  __dczerorl2.o(.text)
    Bot_Abort                                0x08000247   Thumb Code    50  usb_bot.o(i.Bot_Abort)
    BusFault_Handler                         0x08000279   Thumb Code     2  stm32_it.o(i.BusFault_Handler)
    ByteSwap                                 0x0800027b   Thumb Code    10  usb_regs.o(i.ByteSwap)
    CBW_Decode                               0x08000285   Thumb Code   392  usb_bot.o(i.CBW_Decode)
    CTR_HP                                   0x0800041d   Thumb Code   104  usb_int.o(i.CTR_HP)
    CTR_LP                                   0x0800049d   Thumb Code   318  usb_int.o(i.CTR_LP)
    ClearDTOG_RX                             0x080005f9   Thumb Code    36  usb_regs.o(i.ClearDTOG_RX)
    ClearDTOG_TX                             0x08000621   Thumb Code    36  usb_regs.o(i.ClearDTOG_TX)
    Clear_Status_Out                         0x08000649   Thumb Code    28  usb_regs.o(i.Clear_Status_Out)
    DebugMon_Handler                         0x0800097d   Thumb Code     2  stm32_it.o(i.DebugMon_Handler)
    EP1_IN_Callback                          0x0800097f   Thumb Code     4  usb_endp.o(i.EP1_IN_Callback)
    EP2_OUT_Callback                         0x08000983   Thumb Code     4  usb_endp.o(i.EP2_OUT_Callback)
    EXTI_ClearITPendingBit                   0x08000989   Thumb Code    22  stm32f30x_exti.o(i.EXTI_ClearITPendingBit)
    GPIO_Init                                0x080009a5   Thumb Code   116  stm32f30x_gpio.o(i.GPIO_Init)
    GPIO_PinAFConfig                         0x08000a19   Thumb Code    32  stm32f30x_gpio.o(i.GPIO_PinAFConfig)
    GPIO_ResetBits                           0x08000a39   Thumb Code     4  stm32f30x_gpio.o(i.GPIO_ResetBits)
    GPIO_SetBits                             0x08000a3d   Thumb Code     4  stm32f30x_gpio.o(i.GPIO_SetBits)
    GetEPRxAddr                              0x08000a41   Thumb Code    18  usb_regs.o(i.GetEPRxAddr)
    GetEPRxCount                             0x08000a5d   Thumb Code    22  usb_regs.o(i.GetEPRxCount)
    GetEPRxStatus                            0x08000a7d   Thumb Code    18  usb_regs.o(i.GetEPRxStatus)
    GetEPTxAddr                              0x08000a95   Thumb Code    16  usb_regs.o(i.GetEPTxAddr)
    Get_Max_Lun                              0x08000aad   Thumb Code    18  usb_prop.o(i.Get_Max_Lun)
    Get_SerialNum                            0x08000ac9   Thumb Code    44  hw_config.o(i.Get_SerialNum)
    HardFault_Handler                        0x08000afd   Thumb Code     2  stm32_it.o(i.HardFault_Handler)
    In0_Process                              0x08000b01   Thumb Code    80  usb_core.o(i.In0_Process)
    Led_Config                               0x08000b95   Thumb Code    30  hw_config.o(i.Led_Config)
    Led_RW_OFF                               0x08000bb3   Thumb Code     6  hw_config.o(i.Led_RW_OFF)
    Led_RW_ON                                0x08000bb9   Thumb Code     6  hw_config.o(i.Led_RW_ON)
    MAL_GetStatus                            0x08000bc1   Thumb Code    86  mass_mal.o(i.MAL_GetStatus)
    MAL_Init                                 0x08000c1d   Thumb Code    22  mass_mal.o(i.MAL_Init)
    MAL_Read                                 0x08000c39   Thumb Code    26  mass_mal.o(i.MAL_Read)
    MAL_Write                                0x08000c55   Thumb Code    30  mass_mal.o(i.MAL_Write)
    MASS_Data_Setup                          0x08000c79   Thumb Code    54  usb_prop.o(i.MASS_Data_Setup)
    MASS_GetConfigDescriptor                 0x08000cb9   Thumb Code     6  usb_prop.o(i.MASS_GetConfigDescriptor)
    MASS_GetDeviceDescriptor                 0x08000cc5   Thumb Code     6  usb_prop.o(i.MASS_GetDeviceDescriptor)
    MASS_GetStringDescriptor                 0x08000cd1   Thumb Code    24  usb_prop.o(i.MASS_GetStringDescriptor)
    MASS_Get_Interface_Setting               0x08000cf1   Thumb Code    10  usb_prop.o(i.MASS_Get_Interface_Setting)
    MASS_NoData_Setup                        0x08000cfd   Thumb Code    62  usb_prop.o(i.MASS_NoData_Setup)
    MASS_Reset                               0x08000d4d   Thumb Code   200  usb_prop.o(i.MASS_Reset)
    MASS_Status_In                           0x08000e35   Thumb Code     2  usb_prop.o(i.MASS_Status_In)
    MASS_Status_Out                          0x08000e37   Thumb Code     2  usb_prop.o(i.MASS_Status_Out)
    MASS_init                                0x08000e39   Thumb Code    28  usb_prop.o(i.MASS_init)
    Mass_Storage_ClearFeature                0x08000e5d   Thumb Code    18  usb_prop.o(i.Mass_Storage_ClearFeature)
    Mass_Storage_In                          0x08000e79   Thumb Code    96  usb_bot.o(i.Mass_Storage_In)
    Mass_Storage_Out                         0x08000ee1   Thumb Code    86  usb_bot.o(i.Mass_Storage_Out)
    Mass_Storage_SetConfiguration            0x08000f41   Thumb Code    38  usb_prop.o(i.Mass_Storage_SetConfiguration)
    Mass_Storage_SetDeviceAddress            0x08000f75   Thumb Code     8  usb_prop.o(i.Mass_Storage_SetDeviceAddress)
    MemManage_Handler                        0x08000f81   Thumb Code     2  stm32_it.o(i.MemManage_Handler)
    NMI_Handler                              0x08000f83   Thumb Code     2  stm32_it.o(i.NMI_Handler)
    NOP_Process                              0x08000f85   Thumb Code     2  usb_core.o(i.NOP_Process)
    NVIC_Init                                0x08000f89   Thumb Code    94  stm32f30x_misc.o(i.NVIC_Init)
    NVIC_PriorityGroupConfig                 0x08000fed   Thumb Code    10  stm32f30x_misc.o(i.NVIC_PriorityGroupConfig)
    Out0_Process                             0x080010dd   Thumb Code    62  usb_core.o(i.Out0_Process)
    PMAToUserBufferCopy                      0x08001125   Thumb Code    26  usb_mem.o(i.PMAToUserBufferCopy)
    PendSV_Handler                           0x08001145   Thumb Code     2  stm32_it.o(i.PendSV_Handler)
    Post0_Process                            0x08001149   Thumb Code    52  usb_core.o(i.Post0_Process)
    PowerOn                                  0x0800118d   Thumb Code    44  usb_pwr.o(i.PowerOn)
    RCC_AHBPeriphClockCmd                    0x080011c1   Thumb Code    18  stm32f30x_rcc.o(i.RCC_AHBPeriphClockCmd)
    RCC_APB1PeriphClockCmd                   0x080011d9   Thumb Code    18  stm32f30x_rcc.o(i.RCC_APB1PeriphClockCmd)
    RCC_USBCLKConfig                         0x080011f1   Thumb Code     8  stm32f30x_rcc.o(i.RCC_USBCLKConfig)
    Read_Memory                              0x080011fd   Thumb Code   172  memory.o(i.Read_Memory)
    Resume                                   0x080012bd   Thumb Code   136  usb_pwr.o(i.Resume)
    Resume_Init                              0x0800134d   Thumb Code    20  usb_pwr.o(i.Resume_Init)
    SCSI_Address_Management                  0x08001365   Thumb Code    98  usb_scsi.o(i.SCSI_Address_Management)
    SCSI_Format_Cmd                          0x080013d9   Thumb Code    42  usb_scsi.o(i.SCSI_Format_Cmd)
    SCSI_Inquiry_Cmd                         0x08001409   Thumb Code    34  usb_scsi.o(i.SCSI_Inquiry_Cmd)
    SCSI_Invalid_Cmd                         0x0800143d   Thumb Code    46  usb_scsi.o(i.SCSI_Invalid_Cmd)
    SCSI_ModeSense10_Cmd                     0x08001471   Thumb Code     8  usb_scsi.o(i.SCSI_ModeSense10_Cmd)
    SCSI_ModeSense6_Cmd                      0x0800147d   Thumb Code     8  usb_scsi.o(i.SCSI_ModeSense6_Cmd)
    SCSI_Read10_Cmd                          0x08001489   Thumb Code    96  usb_scsi.o(i.SCSI_Read10_Cmd)
    SCSI_ReadCapacity10_Cmd                  0x080014f1   Thumb Code    96  usb_scsi.o(i.SCSI_ReadCapacity10_Cmd)
    SCSI_ReadFormatCapacity_Cmd              0x08001561   Thumb Code    90  usb_scsi.o(i.SCSI_ReadFormatCapacity_Cmd)
    SCSI_RequestSense_Cmd                    0x080015cd   Thumb Code    16  usb_scsi.o(i.SCSI_RequestSense_Cmd)
    SCSI_Start_Stop_Unit_Cmd                 0x080015e5   Thumb Code     8  usb_scsi.o(i.SCSI_Start_Stop_Unit_Cmd)
    SCSI_TestUnitReady_Cmd                   0x080015ed   Thumb Code    50  usb_scsi.o(i.SCSI_TestUnitReady_Cmd)
    SCSI_Verify10_Cmd                        0x08001625   Thumb Code    48  usb_scsi.o(i.SCSI_Verify10_Cmd)
    SCSI_Write10_Cmd                         0x08001659   Thumb Code    92  usb_scsi.o(i.SCSI_Write10_Cmd)
    SD_GetCSDRegister                        0x080016bd   Thumb Code   426  stm32303c_eval_spi_sd.o(i.SD_GetCSDRegister)
    SD_GetDataResponse                       0x0800186d   Thumb Code    50  stm32303c_eval_spi_sd.o(i.SD_GetDataResponse)
    SD_GetResponse                           0x0800189f   Thumb Code    36  stm32303c_eval_spi_sd.o(i.SD_GetResponse)
    SD_GoIdleState                           0x080018c5   Thumb Code    98  stm32303c_eval_spi_sd.o(i.SD_GoIdleState)
    SD_Init                                  0x0800192d   Thumb Code    38  stm32303c_eval_spi_sd.o(i.SD_Init)
    SD_LowLevel_Init                         0x08001959   Thumb Code   260  stm32303c_eval.o(i.SD_LowLevel_Init)
    SD_ReadByte                              0x08001a71   Thumb Code    46  stm32303c_eval_spi_sd.o(i.SD_ReadByte)
    SD_ReadMultiBlocks                       0x08001aa5   Thumb Code   130  stm32303c_eval_spi_sd.o(i.SD_ReadMultiBlocks)
    SD_SendCmd                               0x08001b2d   Thumb Code    54  stm32303c_eval_spi_sd.o(i.SD_SendCmd)
    SD_WriteByte                             0x08001b65   Thumb Code    48  stm32303c_eval_spi_sd.o(i.SD_WriteByte)
    SD_WriteMultiBlocks                      0x08001b99   Thumb Code   140  stm32303c_eval_spi_sd.o(i.SD_WriteMultiBlocks)
    SPI_Cmd                                  0x08001c29   Thumb Code    20  stm32f30x_spi.o(i.SPI_Cmd)
    SPI_I2S_GetFlagStatus                    0x08001c3d   Thumb Code    14  stm32f30x_spi.o(i.SPI_I2S_GetFlagStatus)
    SPI_Init                                 0x08001c4b   Thumb Code   122  stm32f30x_spi.o(i.SPI_Init)
    SPI_ReceiveData8                         0x08001cc5   Thumb Code     4  stm32f30x_spi.o(i.SPI_ReceiveData8)
    SPI_RxFIFOThresholdConfig                0x08001cc9   Thumb Code    16  stm32f30x_spi.o(i.SPI_RxFIFOThresholdConfig)
    SPI_SendData8                            0x08001cd9   Thumb Code     4  stm32f30x_spi.o(i.SPI_SendData8)
    STM_EVAL_LEDInit                         0x08001cdd   Thumb Code    72  stm32303c_eval.o(i.STM_EVAL_LEDInit)
    STM_EVAL_LEDOff                          0x08001d2d   Thumb Code    16  stm32303c_eval.o(i.STM_EVAL_LEDOff)
    STM_EVAL_LEDOn                           0x08001d45   Thumb Code    16  stm32303c_eval.o(i.STM_EVAL_LEDOn)
    SVC_Handler                              0x08001d5d   Thumb Code     2  stm32_it.o(i.SVC_Handler)
    SetBTABLE                                0x08001d61   Thumb Code    10  usb_regs.o(i.SetBTABLE)
    SetDeviceAddress                         0x08001d71   Thumb Code    58  usb_core.o(i.SetDeviceAddress)
    SetEPRxAddr                              0x08001db9   Thumb Code    22  usb_regs.o(i.SetEPRxAddr)
    SetEPRxCount                             0x08001dd9   Thumb Code    58  usb_regs.o(i.SetEPRxCount)
    SetEPRxStatus                            0x08001e1d   Thumb Code    44  usb_regs.o(i.SetEPRxStatus)
    SetEPRxValid                             0x08001e4d   Thumb Code    32  usb_regs.o(i.SetEPRxValid)
    SetEPTxAddr                              0x08001e71   Thumb Code    20  usb_regs.o(i.SetEPTxAddr)
    SetEPTxCount                             0x08001e8d   Thumb Code    18  usb_regs.o(i.SetEPTxCount)
    SetEPTxStatus                            0x08001ea9   Thumb Code    44  usb_regs.o(i.SetEPTxStatus)
    SetEPType                                0x08001ed9   Thumb Code    24  usb_regs.o(i.SetEPType)
    SetISTR                                  0x08001ef5   Thumb Code     6  usb_regs.o(i.SetISTR)
    Set_CSW                                  0x08001f95   Thumb Code    48  usb_bot.o(i.Set_CSW)
    Set_Scsi_Sense_Data                      0x08001fd1   Thumb Code     8  usb_scsi.o(i.Set_Scsi_Sense_Data)
    Set_System                               0x08001fdd   Thumb Code   126  hw_config.o(i.Set_System)
    Set_USBClock                             0x08002061   Thumb Code    20  hw_config.o(i.Set_USBClock)
    Setup0_Process                           0x08002075   Thumb Code    86  usb_core.o(i.Setup0_Process)
    Standard_ClearFeature                    0x080020d9   Thumb Code   232  usb_core.o(i.Standard_ClearFeature)
    Standard_GetConfiguration                0x080021d5   Thumb Code    30  usb_core.o(i.Standard_GetConfiguration)
    Standard_GetDescriptorData               0x080021fd   Thumb Code    24  usb_core.o(i.Standard_GetDescriptorData)
    Standard_GetInterface                    0x08002219   Thumb Code    30  usb_core.o(i.Standard_GetInterface)
    Standard_GetStatus                       0x08002241   Thumb Code   130  usb_core.o(i.Standard_GetStatus)
    Standard_SetConfiguration                0x080022d5   Thumb Code    42  usb_core.o(i.Standard_SetConfiguration)
    Standard_SetDeviceFeature                0x0800230d   Thumb Code    26  usb_core.o(i.Standard_SetDeviceFeature)
    Standard_SetEndPointFeature              0x08002331   Thumb Code   118  usb_core.o(i.Standard_SetEndPointFeature)
    Standard_SetInterface                    0x080023b9   Thumb Code    60  usb_core.o(i.Standard_SetInterface)
    Suspend                                  0x08002401   Thumb Code   110  usb_pwr.o(i.Suspend)
    SysTick_Handler                          0x0800247d   Thumb Code     2  stm32_it.o(i.SysTick_Handler)
    SystemInit                               0x08002481   Thumb Code    90  system_stm32f30x.o(i.SystemInit)
    Transfer_Data_Request                    0x080024f1   Thumb Code    42  usb_bot.o(i.Transfer_Data_Request)
    USBWakeUp_IRQHandler                     0x08002525   Thumb Code     6  stm32_it.o(i.USBWakeUp_IRQHandler)
    USB_Cable_Config                         0x0800252b   Thumb Code     2  hw_config.o(i.USB_Cable_Config)
    USB_Configured_LED                       0x0800252d   Thumb Code     6  hw_config.o(i.USB_Configured_LED)
    USB_HP_CAN1_TX_IRQHandler                0x08002533   Thumb Code     4  stm32_it.o(i.USB_HP_CAN1_TX_IRQHandler)
    USB_Init                                 0x08002539   Thumb Code    22  usb_init.o(i.USB_Init)
    USB_Interrupts_Config                    0x08002561   Thumb Code    58  hw_config.o(i.USB_Interrupts_Config)
    USB_Istr                                 0x0800259d   Thumb Code   166  usb_istr.o(i.USB_Istr)
    USB_LP_CAN1_RX0_IRQHandler               0x08002659   Thumb Code     4  stm32_it.o(i.USB_LP_CAN1_RX0_IRQHandler)
    USB_NotConfigured_LED                    0x0800265d   Thumb Code     6  hw_config.o(i.USB_NotConfigured_LED)
    USB_SIL_Init                             0x08002665   Thumb Code    24  usb_sil.o(i.USB_SIL_Init)
    USB_SIL_Read                             0x08002685   Thumb Code    36  usb_sil.o(i.USB_SIL_Read)
    USB_SIL_Write                            0x080026a9   Thumb Code    38  usb_sil.o(i.USB_SIL_Write)
    UsageFault_Handler                       0x080026cf   Thumb Code     2  stm32_it.o(i.UsageFault_Handler)
    UserToPMABufferCopy                      0x080026d1   Thumb Code    26  usb_mem.o(i.UserToPMABufferCopy)
    Write_Memory                             0x080026f1   Thumb Code   188  memory.o(i.Write_Memory)
    __scatterload_copy                       0x080027c9   Thumb Code    14  handlers.o(i.__scatterload_copy)
    __scatterload_null                       0x080027d7   Thumb Code     2  handlers.o(i.__scatterload_null)
    __scatterload_zeroinit                   0x080027d9   Thumb Code    14  handlers.o(i.__scatterload_zeroinit)
    main                                     0x080027e9   Thumb Code    34  main.o(i.main)
    MASS_DeviceDescriptor                    0x08002810   Data          18  usb_desc.o(.constdata)
    MASS_ConfigDescriptor                    0x08002822   Data          32  usb_desc.o(.constdata)
    MASS_StringLangID                        0x08002842   Data           4  usb_desc.o(.constdata)
    MASS_StringVendor                        0x08002846   Data          38  usb_desc.o(.constdata)
    MASS_StringProduct                       0x0800286c   Data          38  usb_desc.o(.constdata)
    MASS_StringInterface                     0x08002892   Data          16  usb_desc.o(.constdata)
    COM_TX_AF                                0x080028a4   Data           1  stm32303c_eval.o(.constdata)
    COM_RX_AF                                0x080028a5   Data           1  stm32303c_eval.o(.constdata)
    COM_TX_PIN                               0x080028a6   Data           2  stm32303c_eval.o(.constdata)
    COM_RX_PIN                               0x080028a8   Data           2  stm32303c_eval.o(.constdata)
    COM_TX_PIN_SOURCE                        0x080028aa   Data           2  stm32303c_eval.o(.constdata)
    COM_RX_PIN_SOURCE                        0x080028ac   Data           2  stm32303c_eval.o(.constdata)
    COM_USART_CLK                            0x080028b0   Data           4  stm32303c_eval.o(.constdata)
    COM_TX_PORT_CLK                          0x080028b4   Data           4  stm32303c_eval.o(.constdata)
    COM_RX_PORT_CLK                          0x080028b8   Data           4  stm32303c_eval.o(.constdata)
    BUTTON_PORT_SOURCE                       0x080028bc   Data           6  stm32303c_eval.o(.constdata)
    BUTTON_PIN_SOURCE                        0x080028c2   Data           6  stm32303c_eval.o(.constdata)
    BUTTON_IRQn                              0x080028c8   Data           6  stm32303c_eval.o(.constdata)
    GPIO_PIN                                 0x080028ce   Data           8  stm32303c_eval.o(.constdata)
    GPIO_CLK                                 0x080028d8   Data          16  stm32303c_eval.o(.constdata)
    BUTTON_PIN                               0x080028e8   Data          12  stm32303c_eval.o(.constdata)
    BUTTON_CLK                               0x080028f4   Data          24  stm32303c_eval.o(.constdata)
    BUTTON_EXTI_LINE                         0x0800290c   Data          12  stm32303c_eval.o(.constdata)
    Region$$Table$$Base                      0x08002918   Number         0  anon$$obj.o(Region$$Table)
    Region$$Table$$Limit                     0x08002938   Number         0  anon$$obj.o(Region$$Table)
    SaveRState                               0x20000000   Data           2  usb_int.o(.data)
    SaveTState                               0x20000002   Data           2  usb_int.o(.data)
    Data_Mul_MaxPacketSize                   0x20000004   Data           1  usb_core.o(.data)
    StatusInfo                               0x20000006   Data           2  usb_core.o(.data)
    DevRemoteWakeup                          0x20000008   Data           4  usb_core.o(.data)
    EPindex                                  0x2000000c   Data           1  usb_init.o(.data)
    pInformation                             0x20000010   Data           4  usb_init.o(.data)
    pProperty                                0x20000014   Data           4  usb_init.o(.data)
    pUser_Standard_Requests                  0x20000018   Data           4  usb_init.o(.data)
    wInterrupt_Mask                          0x2000001c   Data           2  usb_init.o(.data)
    MASS_StringSerial                        0x2000001e   Data          26  usb_desc.o(.data)
    Status                                   0x20000038   Data           4  mass_mal.o(.data)
    Mass_Memory_Size                         0x2000003c   Data           8  mass_mal.o(.data)
    Mass_Block_Size                          0x20000044   Data           8  mass_mal.o(.data)
    Mass_Block_Count                         0x2000004c   Data           8  mass_mal.o(.data)
    TransferState                            0x20000054   Data           1  memory.o(.data)
    Block_Read_count                         0x20000058   Data           4  memory.o(.data)
    Counter                                  0x2000005c   Data           4  memory.o(.data)
    Block_offset                             0x20000070   Data           4  memory.o(.data)
    Idx                                      0x20000074   Data           4  memory.o(.data)
    bIntPackSOF                              0x20000078   Data           1  usb_istr.o(.data)
    wIstr                                    0x2000007a   Data           2  usb_istr.o(.data)
    pEpInt_IN                                0x2000007c   Data          28  usb_istr.o(.data)
    pEpInt_OUT                               0x20000098   Data          28  usb_istr.o(.data)
    Bot_State                                0x200000b4   Data           1  usb_bot.o(.data)
    Data_Len                                 0x200000b6   Data           2  usb_bot.o(.data)
    SCSI_LBA                                 0x200000b8   Data           4  usb_bot.o(.data)
    SCSI_BlkLen                              0x200000bc   Data           4  usb_bot.o(.data)
    bDeviceState                             0x200000c0   Data           4  usb_pwr.o(.data)
    fSuspendEnabled                          0x200000c4   Data           1  usb_pwr.o(.data)
    ResumeS                                  0x200000c8   Data           2  usb_pwr.o(.data)
    remotewakeupon                           0x200000cc   Data           4  usb_pwr.o(.data)
    Max_Lun                                  0x200000d0   Data           4  usb_prop.o(.data)
    Device_Descriptor                        0x200000d4   Data           8  usb_prop.o(.data)
    Config_Descriptor                        0x200000dc   Data           8  usb_prop.o(.data)
    Device_Property                          0x200000e4   Data          48  usb_prop.o(.data)
    String_Descriptor                        0x20000114   Data          40  usb_prop.o(.data)
    Device_Table                             0x2000013c   Data           2  usb_prop.o(.data)
    User_Standard_Requests                   0x20000140   Data          36  usb_prop.o(.data)
    Page00_Inquiry_Data                      0x20000164   Data           5  scsi_data.o(.data)
    Standard_Inquiry_Data                    0x20000169   Data          36  scsi_data.o(.data)
    Standard_Inquiry_Data2                   0x2000018d   Data          36  scsi_data.o(.data)
    Mode_Sense6_data                         0x200001b1   Data           4  scsi_data.o(.data)
    Mode_Sense10_data                        0x200001b5   Data           8  scsi_data.o(.data)
    Scsi_Sense_Data                          0x200001bd   Data          18  scsi_data.o(.data)
    ReadCapacity10_Data                      0x200001cf   Data           8  scsi_data.o(.data)
    ReadFormatCapacity_Data                  0x200001d7   Data          12  scsi_data.o(.data)
    COM_USART                                0x200001e4   Data           4  stm32303c_eval.o(.data)
    COM_TX_PORT                              0x200001e8   Data           4  stm32303c_eval.o(.data)
    COM_RX_PORT                              0x200001ec   Data           4  stm32303c_eval.o(.data)
    GPIO_PORT                                0x200001f0   Data          16  stm32303c_eval.o(.data)
    BUTTON_PORT                              0x20000200   Data          24  stm32303c_eval.o(.data)
    Device_Info                              0x20000218   Data          28  usb_init.o(.bss)
    Data_Buffer                              0x20000234   Data         512  memory.o(.bss)
    Bulk_Data_Buff                           0x20000434   Data          64  usb_bot.o(.bss)
    CBW                                      0x20000474   Data          32  usb_bot.o(.bss)
    CSW                                      0x20000494   Data          16  usb_bot.o(.bss)
    EP                                       0x200004a4   Data          32  usb_pwr.o(.bss)
    __initial_sp                             0x200008c8   Data           0  startup_stm32f303xe.o(STACK)



==============================================================================

Memory Map of the image

  Image Entry point : 0x08000195

  Load Region LR_IROM1 (Base: 0x08000000, Size: 0x00002b50, Max: 0x00080000, ABSOLUTE, COMPRESSED[0x000029f8])

    Execution Region ER_IROM1 (Base: 0x08000000, Size: 0x00002938, Max: 0x00080000, ABSOLUTE)

    Base Addr    Size         Type   Attr      Idx    E Section Name        Object

    0x08000000   0x00000194   Data   RO         3756    RESET               startup_stm32f303xe.o
    0x08000194   0x00000000   Code   RO         3993  * .ARM.Collect$$$$00000000  mc_w.l(entry.o)
    0x08000194   0x00000004   Code   RO         3996    .ARM.Collect$$$$00000001  mc_w.l(entry2.o)
    0x08000198   0x00000004   Code   RO         3999    .ARM.Collect$$$$00000004  mc_w.l(entry5.o)
    0x0800019c   0x00000000   Code   RO         4001    .ARM.Collect$$$$00000008  mc_w.l(entry7b.o)
    0x0800019c   0x00000000   Code   RO         4003    .ARM.Collect$$$$0000000A  mc_w.l(entry8b.o)
    0x0800019c   0x00000008   Code   RO         4004    .ARM.Collect$$$$0000000B  mc_w.l(entry9a.o)
    0x080001a4   0x00000000   Code   RO         4006    .ARM.Collect$$$$0000000D  mc_w.l(entry10a.o)
    0x080001a4   0x00000000   Code   RO         4008    .ARM.Collect$$$$0000000F  mc_w.l(entry11a.o)
    0x080001a4   0x00000004   Code   RO         3997    .ARM.Collect$$$$00002712  mc_w.l(entry2.o)
    0x080001a8   0x00000024   Code   RO         3757    .text               startup_stm32f303xe.o
    0x080001cc   0x00000024   Code   RO         4010    .text               mc_w.l(init.o)
    0x080001f0   0x00000056   Code   RO         4020    .text               mc_w.l(__dczerorl2.o)
    0x08000246   0x00000032   Code   RO         1198    i.Bot_Abort         usb_bot.o
    0x08000278   0x00000002   Code   RO          955    i.BusFault_Handler  stm32_it.o
    0x0800027a   0x0000000a   Code   RO          186    i.ByteSwap          usb_regs.o
    0x08000284   0x00000198   Code   RO         1199    i.CBW_Decode        usb_bot.o
    0x0800041c   0x00000080   Code   RO          558    i.CTR_HP            usb_int.o
    0x0800049c   0x0000015c   Code   RO          559    i.CTR_LP            usb_int.o
    0x080005f8   0x00000028   Code   RO          187    i.ClearDTOG_RX      usb_regs.o
    0x08000620   0x00000028   Code   RO          188    i.ClearDTOG_TX      usb_regs.o
    0x08000648   0x00000020   Code   RO          193    i.Clear_Status_Out  usb_regs.o
    0x08000668   0x000000b4   Code   RO          600    i.DataStageIn       usb_core.o
    0x0800071c   0x000000c4   Code   RO          601    i.DataStageOut      usb_core.o
    0x080007e0   0x0000019c   Code   RO          602    i.Data_Setup0       usb_core.o
    0x0800097c   0x00000002   Code   RO          956    i.DebugMon_Handler  stm32_it.o
    0x0800097e   0x00000004   Code   RO          799    i.EP1_IN_Callback   usb_endp.o
    0x08000982   0x00000004   Code   RO          800    i.EP2_OUT_Callback  usb_endp.o
    0x08000986   0x00000002   PAD
    0x08000988   0x0000001c   Code   RO         1742    i.EXTI_ClearITPendingBit  stm32f30x_exti.o
    0x080009a4   0x00000074   Code   RO         1646    i.GPIO_Init         stm32f30x_gpio.o
    0x08000a18   0x00000020   Code   RO         1647    i.GPIO_PinAFConfig  stm32f30x_gpio.o
    0x08000a38   0x00000004   Code   RO         1653    i.GPIO_ResetBits    stm32f30x_gpio.o
    0x08000a3c   0x00000004   Code   RO         1654    i.GPIO_SetBits      stm32f30x_gpio.o
    0x08000a40   0x0000001c   Code   RO          205    i.GetEPRxAddr       usb_regs.o
    0x08000a5c   0x00000020   Code   RO          206    i.GetEPRxCount      usb_regs.o
    0x08000a7c   0x00000018   Code   RO          207    i.GetEPRxStatus     usb_regs.o
    0x08000a94   0x00000018   Code   RO          208    i.GetEPTxAddr       usb_regs.o
    0x08000aac   0x0000001c   Code   RO         1314    i.Get_Max_Lun       usb_prop.o
    0x08000ac8   0x00000034   Code   RO         1437    i.Get_SerialNum     hw_config.o
    0x08000afc   0x00000002   Code   RO          957    i.HardFault_Handler  stm32_it.o
    0x08000afe   0x00000002   PAD
    0x08000b00   0x0000005c   Code   RO          603    i.In0_Process       usb_core.o
    0x08000b5c   0x00000038   Code   RO         1438    i.IntToUnicode      hw_config.o
    0x08000b94   0x0000001e   Code   RO         1440    i.Led_Config        hw_config.o
    0x08000bb2   0x00000006   Code   RO         1441    i.Led_RW_OFF        hw_config.o
    0x08000bb8   0x00000006   Code   RO         1442    i.Led_RW_ON         hw_config.o
    0x08000bbe   0x00000002   PAD
    0x08000bc0   0x0000005c   Code   RO          865    i.MAL_GetStatus     mass_mal.o
    0x08000c1c   0x0000001c   Code   RO          866    i.MAL_Init          mass_mal.o
    0x08000c38   0x0000001a   Code   RO          867    i.MAL_Read          mass_mal.o
    0x08000c52   0x00000002   PAD
    0x08000c54   0x00000024   Code   RO          868    i.MAL_Write         mass_mal.o
    0x08000c78   0x00000040   Code   RO         1315    i.MASS_Data_Setup   usb_prop.o
    0x08000cb8   0x0000000c   Code   RO         1316    i.MASS_GetConfigDescriptor  usb_prop.o
    0x08000cc4   0x0000000c   Code   RO         1317    i.MASS_GetDeviceDescriptor  usb_prop.o
    0x08000cd0   0x00000020   Code   RO         1318    i.MASS_GetStringDescriptor  usb_prop.o
    0x08000cf0   0x0000000a   Code   RO         1319    i.MASS_Get_Interface_Setting  usb_prop.o
    0x08000cfa   0x00000002   PAD
    0x08000cfc   0x00000050   Code   RO         1320    i.MASS_NoData_Setup  usb_prop.o
    0x08000d4c   0x000000e8   Code   RO         1321    i.MASS_Reset        usb_prop.o
    0x08000e34   0x00000002   Code   RO         1322    i.MASS_Status_In    usb_prop.o
    0x08000e36   0x00000002   Code   RO         1323    i.MASS_Status_Out   usb_prop.o
    0x08000e38   0x00000024   Code   RO         1324    i.MASS_init         usb_prop.o
    0x08000e5c   0x0000001c   Code   RO         1325    i.Mass_Storage_ClearFeature  usb_prop.o
    0x08000e78   0x00000068   Code   RO         1200    i.Mass_Storage_In   usb_bot.o
    0x08000ee0   0x00000060   Code   RO         1201    i.Mass_Storage_Out  usb_bot.o
    0x08000f40   0x00000034   Code   RO         1326    i.Mass_Storage_SetConfiguration  usb_prop.o
    0x08000f74   0x0000000c   Code   RO         1327    i.Mass_Storage_SetDeviceAddress  usb_prop.o
    0x08000f80   0x00000002   Code   RO          958    i.MemManage_Handler  stm32_it.o
    0x08000f82   0x00000002   Code   RO          959    i.NMI_Handler       stm32_it.o
    0x08000f84   0x00000002   Code   RO          604    i.NOP_Process       usb_core.o
    0x08000f86   0x00000002   PAD
    0x08000f88   0x00000064   Code   RO         1597    i.NVIC_Init         stm32f30x_misc.o
    0x08000fec   0x00000014   Code   RO         1598    i.NVIC_PriorityGroupConfig  stm32f30x_misc.o
    0x08001000   0x000000dc   Code   RO          605    i.NoData_Setup0     usb_core.o
    0x080010dc   0x00000048   Code   RO          606    i.Out0_Process      usb_core.o
    0x08001124   0x00000020   Code   RO          731    i.PMAToUserBufferCopy  usb_mem.o
    0x08001144   0x00000002   Code   RO          960    i.PendSV_Handler    stm32_it.o
    0x08001146   0x00000002   PAD
    0x08001148   0x00000044   Code   RO          607    i.Post0_Process     usb_core.o
    0x0800118c   0x00000034   Code   RO         1258    i.PowerOn           usb_pwr.o
    0x080011c0   0x00000018   Code   RO         2204    i.RCC_AHBPeriphClockCmd  stm32f30x_rcc.o
    0x080011d8   0x00000018   Code   RO         2206    i.RCC_APB1PeriphClockCmd  stm32f30x_rcc.o
    0x080011f0   0x0000000c   Code   RO         2241    i.RCC_USBCLKConfig  stm32f30x_rcc.o
    0x080011fc   0x000000c0   Code   RO          913    i.Read_Memory       memory.o
    0x080012bc   0x00000090   Code   RO         1259    i.Resume            usb_pwr.o
    0x0800134c   0x00000018   Code   RO         1260    i.Resume_Init       usb_pwr.o
    0x08001364   0x00000074   Code   RO         1084    i.SCSI_Address_Management  usb_scsi.o
    0x080013d8   0x00000030   Code   RO         1085    i.SCSI_Format_Cmd   usb_scsi.o
    0x08001408   0x00000034   Code   RO         1086    i.SCSI_Inquiry_Cmd  usb_scsi.o
    0x0800143c   0x00000034   Code   RO         1087    i.SCSI_Invalid_Cmd  usb_scsi.o
    0x08001470   0x0000000c   Code   RO         1088    i.SCSI_ModeSense10_Cmd  usb_scsi.o
    0x0800147c   0x0000000c   Code   RO         1089    i.SCSI_ModeSense6_Cmd  usb_scsi.o
    0x08001488   0x00000068   Code   RO         1090    i.SCSI_Read10_Cmd   usb_scsi.o
    0x080014f0   0x00000070   Code   RO         1091    i.SCSI_ReadCapacity10_Cmd  usb_scsi.o
    0x08001560   0x0000006c   Code   RO         1092    i.SCSI_ReadFormatCapacity_Cmd  usb_scsi.o
    0x080015cc   0x00000018   Code   RO         1093    i.SCSI_RequestSense_Cmd  usb_scsi.o
    0x080015e4   0x00000008   Code   RO         1094    i.SCSI_Start_Stop_Unit_Cmd  usb_scsi.o
    0x080015ec   0x00000038   Code   RO         1095    i.SCSI_TestUnitReady_Cmd  usb_scsi.o
    0x08001624   0x00000034   Code   RO         1097    i.SCSI_Verify10_Cmd  usb_scsi.o
    0x08001658   0x00000064   Code   RO         1098    i.SCSI_Write10_Cmd  usb_scsi.o
    0x080016bc   0x000001b0   Code   RO         3767    i.SD_GetCSDRegister  stm32303c_eval_spi_sd.o
    0x0800186c   0x00000032   Code   RO         3769    i.SD_GetDataResponse  stm32303c_eval_spi_sd.o
    0x0800189e   0x00000024   Code   RO         3770    i.SD_GetResponse    stm32303c_eval_spi_sd.o
    0x080018c2   0x00000002   PAD
    0x080018c4   0x00000068   Code   RO         3772    i.SD_GoIdleState    stm32303c_eval_spi_sd.o
    0x0800192c   0x0000002c   Code   RO         3773    i.SD_Init           stm32303c_eval_spi_sd.o
    0x08001958   0x00000118   Code   RO         3885    i.SD_LowLevel_Init  stm32303c_eval.o
    0x08001a70   0x00000034   Code   RO         3775    i.SD_ReadByte       stm32303c_eval_spi_sd.o
    0x08001aa4   0x00000088   Code   RO         3776    i.SD_ReadMultiBlocks  stm32303c_eval_spi_sd.o
    0x08001b2c   0x00000036   Code   RO         3777    i.SD_SendCmd        stm32303c_eval_spi_sd.o
    0x08001b62   0x00000002   PAD
    0x08001b64   0x00000034   Code   RO         3779    i.SD_WriteByte      stm32303c_eval_spi_sd.o
    0x08001b98   0x00000090   Code   RO         3780    i.SD_WriteMultiBlocks  stm32303c_eval_spi_sd.o
    0x08001c28   0x00000014   Code   RO         2823    i.SPI_Cmd           stm32f30x_spi.o
    0x08001c3c   0x0000000e   Code   RO         2832    i.SPI_I2S_GetFlagStatus  stm32f30x_spi.o
    0x08001c4a   0x0000007a   Code   RO         2837    i.SPI_Init          stm32f30x_spi.o
    0x08001cc4   0x00000004   Code   RO         2841    i.SPI_ReceiveData8  stm32f30x_spi.o
    0x08001cc8   0x00000010   Code   RO         2842    i.SPI_RxFIFOThresholdConfig  stm32f30x_spi.o
    0x08001cd8   0x00000004   Code   RO         2844    i.SPI_SendData8     stm32f30x_spi.o
    0x08001cdc   0x00000050   Code   RO         3887    i.STM_EVAL_LEDInit  stm32303c_eval.o
    0x08001d2c   0x00000018   Code   RO         3888    i.STM_EVAL_LEDOff   stm32303c_eval.o
    0x08001d44   0x00000018   Code   RO         3889    i.STM_EVAL_LEDOn    stm32303c_eval.o
    0x08001d5c   0x00000002   Code   RO          961    i.SVC_Handler       stm32_it.o
    0x08001d5e   0x00000002   PAD
    0x08001d60   0x00000010   Code   RO          216    i.SetBTABLE         usb_regs.o
    0x08001d70   0x00000048   Code   RO          608    i.SetDeviceAddress  usb_core.o
    0x08001db8   0x00000020   Code   RO          230    i.SetEPRxAddr       usb_regs.o
    0x08001dd8   0x00000044   Code   RO          231    i.SetEPRxCount      usb_regs.o
    0x08001e1c   0x00000030   Code   RO          232    i.SetEPRxStatus     usb_regs.o
    0x08001e4c   0x00000024   Code   RO          233    i.SetEPRxValid      usb_regs.o
    0x08001e70   0x0000001c   Code   RO          234    i.SetEPTxAddr       usb_regs.o
    0x08001e8c   0x0000001c   Code   RO          235    i.SetEPTxCount      usb_regs.o
    0x08001ea8   0x00000030   Code   RO          236    i.SetEPTxStatus     usb_regs.o
    0x08001ed8   0x0000001c   Code   RO          238    i.SetEPType         usb_regs.o
    0x08001ef4   0x0000000c   Code   RO          240    i.SetISTR           usb_regs.o
    0x08001f00   0x00000094   Code   RO         3716    i.SetSysClock       system_stm32f30x.o
    0x08001f94   0x0000003c   Code   RO         1202    i.Set_CSW           usb_bot.o
    0x08001fd0   0x0000000c   Code   RO         1099    i.Set_Scsi_Sense_Data  usb_scsi.o
    0x08001fdc   0x00000084   Code   RO         1444    i.Set_System        hw_config.o
    0x08002060   0x00000014   Code   RO         1445    i.Set_USBClock      hw_config.o
    0x08002074   0x00000064   Code   RO          609    i.Setup0_Process    usb_core.o
    0x080020d8   0x000000fc   Code   RO          610    i.Standard_ClearFeature  usb_core.o
    0x080021d4   0x00000028   Code   RO          611    i.Standard_GetConfiguration  usb_core.o
    0x080021fc   0x0000001c   Code   RO          612    i.Standard_GetDescriptorData  usb_core.o
    0x08002218   0x00000028   Code   RO          613    i.Standard_GetInterface  usb_core.o
    0x08002240   0x00000094   Code   RO          614    i.Standard_GetStatus  usb_core.o
    0x080022d4   0x00000038   Code   RO          615    i.Standard_SetConfiguration  usb_core.o
    0x0800230c   0x00000024   Code   RO          616    i.Standard_SetDeviceFeature  usb_core.o
    0x08002330   0x00000088   Code   RO          617    i.Standard_SetEndPointFeature  usb_core.o
    0x080023b8   0x00000048   Code   RO          618    i.Standard_SetInterface  usb_core.o
    0x08002400   0x0000007c   Code   RO         1261    i.Suspend           usb_pwr.o
    0x0800247c   0x00000002   Code   RO          962    i.SysTick_Handler   stm32_it.o
    0x0800247e   0x00000002   PAD
    0x08002480   0x00000070   Code   RO         3718    i.SystemInit        system_stm32f30x.o
    0x080024f0   0x00000034   Code   RO         1203    i.Transfer_Data_Request  usb_bot.o
    0x08002524   0x00000006   Code   RO          963    i.USBWakeUp_IRQHandler  stm32_it.o
    0x0800252a   0x00000002   Code   RO         1446    i.USB_Cable_Config  hw_config.o
    0x0800252c   0x00000006   Code   RO         1447    i.USB_Configured_LED  hw_config.o
    0x08002532   0x00000004   Code   RO          964    i.USB_HP_CAN1_TX_IRQHandler  stm32_it.o
    0x08002536   0x00000002   PAD
    0x08002538   0x00000028   Code   RO          761    i.USB_Init          usb_init.o
    0x08002560   0x0000003a   Code   RO         1449    i.USB_Interrupts_Config  hw_config.o
    0x0800259a   0x00000002   PAD
    0x0800259c   0x000000bc   Code   RO         1052    i.USB_Istr          usb_istr.o
    0x08002658   0x00000004   Code   RO          965    i.USB_LP_CAN1_RX0_IRQHandler  stm32_it.o
    0x0800265c   0x00000006   Code   RO         1450    i.USB_NotConfigured_LED  hw_config.o
    0x08002662   0x00000002   PAD
    0x08002664   0x00000020   Code   RO            4    i.USB_SIL_Init      usb_sil.o
    0x08002684   0x00000024   Code   RO            5    i.USB_SIL_Read      usb_sil.o
    0x080026a8   0x00000026   Code   RO            6    i.USB_SIL_Write     usb_sil.o
    0x080026ce   0x00000002   Code   RO          966    i.UsageFault_Handler  stm32_it.o
    0x080026d0   0x00000020   Code   RO          732    i.UserToPMABufferCopy  usb_mem.o
    0x080026f0   0x000000d8   Code   RO          914    i.Write_Memory      memory.o
    0x080027c8   0x0000000e   Code   RO         4014    i.__scatterload_copy  mc_w.l(handlers.o)
    0x080027d6   0x00000002   Code   RO         4015    i.__scatterload_null  mc_w.l(handlers.o)
    0x080027d8   0x0000000e   Code   RO         4016    i.__scatterload_zeroinit  mc_w.l(handlers.o)
    0x080027e6   0x00000002   PAD
    0x080027e8   0x00000028   Code   RO         1542    i.main              main.o
    0x08002810   0x00000012   Data   RO          835    .constdata          usb_desc.o
    0x08002822   0x00000020   Data   RO          836    .constdata          usb_desc.o
    0x08002842   0x00000004   Data   RO          837    .constdata          usb_desc.o
    0x08002846   0x00000026   Data   RO          838    .constdata          usb_desc.o
    0x0800286c   0x00000026   Data   RO          839    .constdata          usb_desc.o
    0x08002892   0x00000010   Data   RO          840    .constdata          usb_desc.o
    0x080028a2   0x00000002   PAD
    0x080028a4   0x00000074   Data   RO         3899    .constdata          stm32303c_eval.o
    0x08002918   0x00000020   Data   RO         4012    Region$$Table       anon$$obj.o


    Execution Region RW_IRAM1 (Base: 0x20000000, Size: 0x000008c8, Max: 0x00010000, ABSOLUTE, COMPRESSED[0x000000c0])

    Base Addr    Size         Type   Attr      Idx    E Section Name        Object

    0x20000000   0x00000004   Data   RW          560    .data               usb_int.o
    0x20000004   0x00000008   Data   RW          619    .data               usb_core.o
    0x2000000c   0x00000001   Data   RW          763    .data               usb_init.o
    0x2000000d   0x00000003   PAD
    0x20000010   0x0000000c   Data   RW          764    .data               usb_init.o
    0x2000001c   0x00000002   Data   RW          766    .data               usb_init.o
    0x2000001e   0x0000001a   Data   RW          841    .data               usb_desc.o
    0x20000038   0x0000001c   Data   RW          869    .data               mass_mal.o
    0x20000054   0x00000024   Data   RW          916    .data               memory.o
    0x20000078   0x00000004   Data   RW         1053    .data               usb_istr.o
    0x2000007c   0x0000001c   Data   RW         1054    .data               usb_istr.o
    0x20000098   0x0000001c   Data   RW         1055    .data               usb_istr.o
    0x200000b4   0x0000000c   Data   RW         1205    .data               usb_bot.o
    0x200000c0   0x00000004   Data   RW         1263    .data               usb_pwr.o
    0x200000c4   0x00000001   Data   RW         1264    .data               usb_pwr.o
    0x200000c5   0x00000003   PAD
    0x200000c8   0x00000008   Data   RW         1265    .data               usb_pwr.o
    0x200000d0   0x0000006c   Data   RW         1328    .data               usb_prop.o
    0x2000013c   0x00000002   Data   RW         1329    .data               usb_prop.o
    0x2000013e   0x00000002   PAD
    0x20000140   0x00000024   Data   RW         1330    .data               usb_prop.o
    0x20000164   0x00000005   Data   RW         1566    .data               scsi_data.o
    0x20000169   0x00000024   Data   RW         1567    .data               scsi_data.o
    0x2000018d   0x00000024   Data   RW         1568    .data               scsi_data.o
    0x200001b1   0x00000004   Data   RW         1569    .data               scsi_data.o
    0x200001b5   0x00000008   Data   RW         1570    .data               scsi_data.o
    0x200001bd   0x00000012   Data   RW         1571    .data               scsi_data.o
    0x200001cf   0x00000008   Data   RW         1572    .data               scsi_data.o
    0x200001d7   0x0000000c   Data   RW         1573    .data               scsi_data.o
    0x200001e3   0x00000001   PAD
    0x200001e4   0x00000034   Data   RW         3900    .data               stm32303c_eval.o
    0x20000218   0x0000001c   Zero   RW          762    .bss                usb_init.o
    0x20000234   0x00000200   Zero   RW          915    .bss                memory.o
    0x20000434   0x00000070   Zero   RW         1204    .bss                usb_bot.o
    0x200004a4   0x00000020   Zero   RW         1262    .bss                usb_pwr.o
    0x200004c4   0x00000004   PAD
    0x200004c8   0x00000400   Zero   RW         3754    STACK               startup_stm32f303xe.o


==============================================================================

Image component sizes


      Code (inc. data)   RO Data    RW Data    ZI Data      Debug   Object Name

       374         14          0          0          0       7199   hw_config.o
        40          6          0          0          0        571   main.o
       182         18          0         28          0       4005   mass_mal.o
       408         48          0         36        512       3236   memory.o
         0          0          0        127          0       1170   scsi_data.o
        36          8        404          0       1024        896   startup_stm32f303xe.o
       408         44        116         52          0       4989   stm32303c_eval.o
      1104         38          0          0          0       9698   stm32303c_eval_spi_sd.o
        32          0          0          0          0       6534   stm32_it.o
        28          6          0          0          0        697   stm32f30x_exti.o
       156          0          0          0          0       3707   stm32f30x_gpio.o
       120         16          0          0          0       2079   stm32f30x_misc.o
        60         16          0          0          0       2212   stm32f30x_rcc.o
       180          0          0          0          0       5196   stm32f30x_spi.o
       260         30          0          0          0       1797   system_stm32f30x.o
       770         66          0         12        112       5919   usb_bot.o
      2222        294          0          8          0      18239   usb_core.o
         0          0        146         26          0       1072   usb_desc.o
         8          0          0          0          0       2045   usb_endp.o
        40         18          0         15         28       4598   usb_init.o
       476         54          0          4          0       2837   usb_int.o
       188         22          0         60          0       1704   usb_istr.o
        64         12          0          0          0       2196   usb_mem.o
       602        126          0        146          0      12894   usb_prop.o
       344         40          0         13         32       4296   usb_pwr.o
       574        112          0          0          0      13216   usb_regs.o
       868        128          0          0          0      11245   usb_scsi.o
       106          8          0          0          0     330202   usb_sil.o

    ----------------------------------------------------------------------
      9678       1124        700        536       1712     464449   Object Totals
         0          0         32          0          0          0   (incl. Generated)
        28          0          2          9          4          0   (incl. Padding)

    ----------------------------------------------------------------------

      Code (inc. data)   RO Data    RW Data    ZI Data      Debug   Library Member Name

        86          0          0          0          0          0   __dczerorl2.o
         0          0          0          0          0          0   entry.o
         0          0          0          0          0          0   entry10a.o
         0          0          0          0          0          0   entry11a.o
         8          4          0          0          0          0   entry2.o
         4          0          0          0          0          0   entry5.o
         0          0          0          0          0          0   entry7b.o
         0          0          0          0          0          0   entry8b.o
         8          4          0          0          0          0   entry9a.o
        30          0          0          0          0          0   handlers.o
        36          8          0          0          0         68   init.o

    ----------------------------------------------------------------------
       174         16          0          0          0         68   Library Totals
         2          0          0          0          0          0   (incl. Padding)

    ----------------------------------------------------------------------

      Code (inc. data)   RO Data    RW Data    ZI Data      Debug   Library Name

       172         16          0          0          0         68   mc_w.l

    ----------------------------------------------------------------------
       174         16          0          0          0         68   Library Totals

    ----------------------------------------------------------------------

==============================================================================


      Code (inc. data)   RO Data    RW Data    ZI Data      Debug   

      9852       1140        700        536       1712     450701   Grand Totals
      9852       1140        700        192       1712     450701   ELF Image Totals (compressed)
      9852       1140        700        192          0          0   ROM Totals

==============================================================================

    Total RO  Size (Code + RO Data)                10552 (  10.30kB)
    Total RW  Size (RW Data + ZI Data)              2248 (   2.20kB)
    Total ROM Size (Code + RO Data + RW Data)      10744 (  10.49kB)

==============================================================================

